Archive member included because of file (symbol)

c:/program files (x86)/atollic/truestudio for arm lite 3.2.0/armtools/bin/../lib/gcc/arm-atollic-eabi/4.6.2/thumb/armv7-m\libgcc.a(_arm_truncdfsf2.o)
                              src\Communication.o (__aeabi_d2f)
c:/program files (x86)/atollic/truestudio for arm lite 3.2.0/armtools/bin/../lib/gcc/arm-atollic-eabi/4.6.2/thumb/armv7-m\libgcc.a(_arm_addsubsf3.o)
                              src\Communication.o (__aeabi_fsub)
c:/program files (x86)/atollic/truestudio for arm lite 3.2.0/armtools/bin/../lib/gcc/arm-atollic-eabi/4.6.2/thumb/armv7-m\libgcc.a(_arm_muldivsf3.o)
                              src\Communication.o (__aeabi_fmul)
c:/program files (x86)/atollic/truestudio for arm lite 3.2.0/armtools/bin/../lib/gcc/arm-atollic-eabi/4.6.2/thumb/armv7-m\libgcc.a(_arm_cmpsf2.o)
                              src\Communication.o (__aeabi_fcmpeq)
c:/program files (x86)/atollic/truestudio for arm lite 3.2.0/armtools/bin/../lib/gcc/arm-atollic-eabi/4.6.2/thumb/armv7-m\libgcc.a(_arm_fixsfsi.o)
                              src\Communication.o (__aeabi_f2iz)
c:/program files (x86)/atollic/truestudio for arm lite 3.2.0/armtools/bin/../lib/gcc/arm-atollic-eabi/4.6.2/../../../../arm-atollic-eabi/lib/thumb/armv7-m\libc.a(lib_a-atof.o)
                              src\Communication.o (atof)
c:/program files (x86)/atollic/truestudio for arm lite 3.2.0/armtools/bin/../lib/gcc/arm-atollic-eabi/4.6.2/../../../../arm-atollic-eabi/lib/thumb/armv7-m\libc.a(lib_a-init.o)
                              Libraries\CMSIS\CM3\DeviceSupport\ST\STM32L1xx\startup\TrueSTUDIO\startup_stm32l1xx_md.o (__libc_init_array)
c:/program files (x86)/atollic/truestudio for arm lite 3.2.0/armtools/bin/../lib/gcc/arm-atollic-eabi/4.6.2/../../../../arm-atollic-eabi/lib/thumb/armv7-m\libc.a(lib_a-strchr.o)
                              src\Communication.o (strchr)
c:/program files (x86)/atollic/truestudio for arm lite 3.2.0/armtools/bin/../lib/gcc/arm-atollic-eabi/4.6.2/../../../../arm-atollic-eabi/lib/thumb/armv7-m\libc.a(lib_a-strcpy.o)
                              src\Communication.o (strcpy)
c:/program files (x86)/atollic/truestudio for arm lite 3.2.0/armtools/bin/../lib/gcc/arm-atollic-eabi/4.6.2/../../../../arm-atollic-eabi/lib/thumb/armv7-m\libc.a(lib_a-strlen.o)
                              src\Communication.o (strlen)
c:/program files (x86)/atollic/truestudio for arm lite 3.2.0/armtools/bin/../lib/gcc/arm-atollic-eabi/4.6.2/../../../../arm-atollic-eabi/lib/thumb/armv7-m\libc.a(lib_a-strtod.o)
                              c:/program files (x86)/atollic/truestudio for arm lite 3.2.0/armtools/bin/../lib/gcc/arm-atollic-eabi/4.6.2/../../../../arm-atollic-eabi/lib/thumb/armv7-m\libc.a(lib_a-atof.o) (strtod)
c:/program files (x86)/atollic/truestudio for arm lite 3.2.0/armtools/bin/../lib/gcc/arm-atollic-eabi/4.6.2/../../../../arm-atollic-eabi/lib/thumb/armv7-m\libc.a(lib_a-gdtoa-gethex.o)
                              c:/program files (x86)/atollic/truestudio for arm lite 3.2.0/armtools/bin/../lib/gcc/arm-atollic-eabi/4.6.2/../../../../arm-atollic-eabi/lib/thumb/armv7-m\libc.a(lib_a-strtod.o) (__gethex)
c:/program files (x86)/atollic/truestudio for arm lite 3.2.0/armtools/bin/../lib/gcc/arm-atollic-eabi/4.6.2/../../../../arm-atollic-eabi/lib/thumb/armv7-m\libc.a(lib_a-gdtoa-hexnan.o)
                              c:/program files (x86)/atollic/truestudio for arm lite 3.2.0/armtools/bin/../lib/gcc/arm-atollic-eabi/4.6.2/../../../../arm-atollic-eabi/lib/thumb/armv7-m\libc.a(lib_a-strtod.o) (__hexnan)
c:/program files (x86)/atollic/truestudio for arm lite 3.2.0/armtools/bin/../lib/gcc/arm-atollic-eabi/4.6.2/../../../../arm-atollic-eabi/lib/thumb/armv7-m\libc.a(lib_a-impure.o)
                              c:/program files (x86)/atollic/truestudio for arm lite 3.2.0/armtools/bin/../lib/gcc/arm-atollic-eabi/4.6.2/../../../../arm-atollic-eabi/lib/thumb/armv7-m\libc.a(lib_a-strtod.o) (_impure_ptr)
c:/program files (x86)/atollic/truestudio for arm lite 3.2.0/armtools/bin/../lib/gcc/arm-atollic-eabi/4.6.2/../../../../arm-atollic-eabi/lib/thumb/armv7-m\libc.a(lib_a-locale.o)
                              c:/program files (x86)/atollic/truestudio for arm lite 3.2.0/armtools/bin/../lib/gcc/arm-atollic-eabi/4.6.2/../../../../arm-atollic-eabi/lib/thumb/armv7-m\libc.a(lib_a-strtod.o) (_localeconv_r)
c:/program files (x86)/atollic/truestudio for arm lite 3.2.0/armtools/bin/../lib/gcc/arm-atollic-eabi/4.6.2/../../../../arm-atollic-eabi/lib/thumb/armv7-m\libc.a(lib_a-memcpy.o)
                              c:/program files (x86)/atollic/truestudio for arm lite 3.2.0/armtools/bin/../lib/gcc/arm-atollic-eabi/4.6.2/../../../../arm-atollic-eabi/lib/thumb/armv7-m\libc.a(lib_a-strtod.o) (memcpy)
c:/program files (x86)/atollic/truestudio for arm lite 3.2.0/armtools/bin/../lib/gcc/arm-atollic-eabi/4.6.2/../../../../arm-atollic-eabi/lib/thumb/armv7-m\libc.a(lib_a-mprec.o)
[...]
Memory Configuration

Name             Origin             Length             Attributes
FLASH            0x08000000         0x00020000         xr
RAM              0x20000000         0x00004000         xrw
MEMORY_B1        0x60000000         0x00000000         xr
*default*        0x00000000         0xffffffff

Linker script and memory map

LOAD c:/program files (x86)/atollic/truestudio for arm lite 3.2.0/armtools/bin/../lib/gcc/arm-atollic-eabi/4.6.2/thumb/armv7-m/crti.o
LOAD c:/program files (x86)/atollic/truestudio for arm lite 3.2.0/armtools/bin/../lib/gcc/arm-atollic-eabi/4.6.2/thumb/armv7-m/crtbegin.o
LOAD src\system_stm32l1xx.o
LOAD src\stm32l1xx_it.o
LOAD src\main.o
LOAD src\Communication.o
LOAD mcu\src\usart.o
LOAD mcu\src\onewire.o
LOAD mcu\src\mcu.o
LOAD mcu\src\ds2405.o
LOAD mcu\src\ds18b20.o
LOAD Libraries\STM32L1xx_StdPeriph_Driver\src\stm32l1xx_wwdg.o
LOAD Libraries\STM32L1xx_StdPeriph_Driver\src\stm32l1xx_usart.o
LOAD Libraries\STM32L1xx_StdPeriph_Driver\src\stm32l1xx_tim.o
LOAD Libraries\STM32L1xx_StdPeriph_Driver\src\stm32l1xx_syscfg.o
LOAD Libraries\STM32L1xx_StdPeriph_Driver\src\stm32l1xx_spi.o
LOAD Libraries\STM32L1xx_StdPeriph_Driver\src\stm32l1xx_rtc.o
LOAD Libraries\STM32L1xx_StdPeriph_Driver\src\stm32l1xx_rcc.o
LOAD Libraries\STM32L1xx_StdPeriph_Driver\src\stm32l1xx_pwr.o
LOAD Libraries\STM32L1xx_StdPeriph_Driver\src\stm32l1xx_lcd.o
LOAD Libraries\STM32L1xx_StdPeriph_Driver\src\stm32l1xx_iwdg.o
LOAD Libraries\STM32L1xx_StdPeriph_Driver\src\stm32l1xx_i2c.o
LOAD Libraries\STM32L1xx_StdPeriph_Driver\src\stm32l1xx_gpio.o
LOAD Libraries\STM32L1xx_StdPeriph_Driver\src\stm32l1xx_flash_ramfunc.o
LOAD Libraries\STM32L1xx_StdPeriph_Driver\src\stm32l1xx_flash.o
LOAD Libraries\STM32L1xx_StdPeriph_Driver\src\stm32l1xx_exti.o
LOAD Libraries\STM32L1xx_StdPeriph_Driver\src\stm32l1xx_dma.o
LOAD Libraries\STM32L1xx_StdPeriph_Driver\src\stm32l1xx_dbgmcu.o
LOAD Libraries\STM32L1xx_StdPeriph_Driver\src\stm32l1xx_dac.o
LOAD Libraries\STM32L1xx_StdPeriph_Driver\src\stm32l1xx_crc.o
LOAD Libraries\STM32L1xx_StdPeriph_Driver\src\stm32l1xx_comp.o
LOAD Libraries\STM32L1xx_StdPeriph_Driver\src\stm32l1xx_adc.o
LOAD Libraries\STM32L1xx_StdPeriph_Driver\src\misc.o
LOAD Libraries\CMSIS\CM3\DeviceSupport\ST\STM32L1xx\startup\TrueSTUDIO\startup_stm32l1xx_md.o
LOAD Libraries\CMSIS\CM3\CoreSupport\core_cm3.o
LOAD c:/program files (x86)/atollic/truestudio for arm lite 3.2.0/armtools/bin/../lib/gcc/arm-atollic-eabi/4.6.2/../../../../arm-atollic-eabi/lib/thumb/armv7-m\libm.a
                0x00001000                malloc_getpagesize_P = 0x1000
START GROUP
LOAD c:/program files (x86)/atollic/truestudio for arm lite 3.2.0/armtools/bin/../lib/gcc/arm-atollic-eabi/4.6.2/thumb/armv7-m\libgcc.a
LOAD c:/program files (x86)/atollic/truestudio for arm lite 3.2.0/armtools/bin/../lib/gcc/arm-atollic-eabi/4.6.2/../../../../arm-atollic-eabi/lib/thumb/armv7-m\libc.a
END GROUP
LOAD c:/program files (x86)/atollic/truestudio for arm lite 3.2.0/armtools/bin/../lib/gcc/arm-atollic-eabi/4.6.2/thumb/armv7-m/crtend.o
LOAD c:/program files (x86)/atollic/truestudio for arm lite 3.2.0/armtools/bin/../lib/gcc/arm-atollic-eabi/4.6.2/thumb/armv7-m/crtn.o
                0x20004000                _estack = 0x20004000
                0x00000000                _Min_Heap_Size = 0x0
                0x00000080                _Min_Stack_Size = 0x80

.isr_vector     0x08000000      0x10c
                0x08000000                . = ALIGN (0x4)
 *(.isr_vector)
 .isr_vector    0x08000000      0x10c Libraries\CMSIS\CM3\DeviceSupport\ST\STM32L1xx\startup\TrueSTUDIO\startup_stm32l1xx_md.o
                0x08000000                g_pfnVectors
                0x0800010c                . = ALIGN (0x4)

.text           0x08000110     0x5340
                0x08000110                . = ALIGN (0x4)
 *(.text)
 .text          0x08000110       0x54 c:/program files (x86)/atollic/truestudio for arm lite 3.2.0/armtools/bin/../lib/gcc/arm-atollic-eabi/4.6.2/thumb/armv7-m/crtbegin.o
 .text          0x08000164       0xa0 c:/program files (x86)/atollic/truestudio for arm lite 3.2.0/armtools/bin/../lib/gcc/arm-atollic-eabi/4.6.2/thumb/armv7-m\libgcc.a(_arm_truncdfsf2.o)
                0x08000164                __truncdfsf2
                0x08000164                __aeabi_d2f
 .text          0x08000204      0x21c c:/program files (x86)/atollic/truestudio for arm lite 3.2.0/armtools/bin/../lib/gcc/arm-atollic-eabi/4.6.2/thumb/armv7-m\libgcc.a(_arm_addsubsf3.o)
                0x08000204                __aeabi_frsub
                0x0800020c                __subsf3
                0x0800020c                __aeabi_fsub
                0x08000210                __aeabi_fadd
                0x08000210                __addsf3
                0x08000370                __aeabi_ui2f
                0x08000370                __floatunsisf
                0x08000378                __aeabi_i2f
                0x08000378                __floatsisf
                0x08000394                __aeabi_ul2f
                0x08000394                __floatundisf
                0x080003a4                __aeabi_l2f
                0x080003a4                __floatdisf
 .text          0x08000420      0x2a0 c:/program files (x86)/atollic/truestudio for arm lite 3.2.0/armtools/bin/../lib/gcc/arm-atollic-eabi/4.6.2/thumb/armv7-m\libgcc.a(_arm_muldivsf3.o)
                0x08000420                __mulsf3
                0x08000420                __aeabi_fmul
                0x08000588                __aeabi_fdiv
                0x08000588                __divsf3
 .text          0x080006c0       0xec c:/program files (x86)/atollic/truestudio for arm lite 3.2.0/armtools/bin/../lib/gcc/arm-atollic-eabi/4.6.2/thumb/armv7-m\libgcc.a(_arm_cmpsf2.o)
                0x080006c0                __gesf2
                0x080006c0                __gtsf2
                0x080006c8                __lesf2
                0x080006c8                __ltsf2
                0x080006d0                __nesf2
                0x080006d0                __eqsf2
                0x080006d0                __cmpsf2
                0x08000730                __aeabi_cfrcmple
                0x08000738                __aeabi_cfcmpeq
                0x08000738                __aeabi_cfcmple
                0x08000748                __aeabi_fcmpeq
                0x0800075c                __aeabi_fcmplt
                0x08000770                __aeabi_fcmple
                0x08000784                __aeabi_fcmpge
                0x08000798                __aeabi_fcmpgt
 .text          0x080007ac       0x4c c:/program files (x86)/atollic/truestudio for arm lite 3.2.0/armtools/bin/../lib/gcc/arm-atollic-eabi/4.6.2/thumb/armv7-m\libgcc.a(_arm_fixsfsi.o)
                0x080007ac                __aeabi_f2iz
                0x080007ac                __fixsfsi
 .text          0x080007f8      0x370 c:/program files (x86)/atollic/truestudio for arm lite 3.2.0/armtools/bin/../lib/gcc/arm-atollic-eabi/4.6.2/thumb/armv7-m\libgcc.a(_arm_addsubdf3.o)
                0x080007f8                __aeabi_drsub
                0x08000800                __aeabi_dsub
                0x08000800                __subdf3
                0x08000804                __aeabi_dadd
                0x08000804                __adddf3
                0x08000a7c                __floatunsidf
                0x08000a7c                __aeabi_ui2d
                0x08000a9c                __floatsidf
                0x08000a9c                __aeabi_i2d
                0x08000ac0                __aeabi_f2d
                0x08000ac0                __extendsfdf2
                0x08000afc                __floatundidf
                0x08000afc                __aeabi_ul2d
                0x08000b0c                __floatdidf
                0x08000b0c                __aeabi_l2d
 .text          0x08000b68      0x424 c:/program files (x86)/atollic/truestudio for arm lite 3.2.0/armtools/bin/../lib/gcc/arm-atollic-eabi/4.6.2/thumb/armv7-m\libgcc.a(_arm_muldivdf3.o)
                0x08000b68                __aeabi_dmul
                0x08000b68                __muldf3
                0x08000dbc                __divdf3
                0x08000dbc                __aeabi_ddiv
 .text          0x08000f8c      0x110 c:/program files (x86)/atollic/truestudio for arm lite 3.2.0/armtools/bin/../lib/gcc/arm-atollic-eabi/4.6.2/thumb/armv7-m\libgcc.a(_arm_cmpdf2.o)
                0x08000f8c                __gtdf2
                0x08000f8c                __gedf2
                0x08000f94                __ltdf2
                0x08000f94                __ledf2
                0x08000f9c                __nedf2
                0x08000f9c                __eqdf2
                0x08000f9c                __cmpdf2
                0x08001018                __aeabi_cdrcmple
                0x08001028                __aeabi_cdcmpeq
                0x08001028                __aeabi_cdcmple
                0x08001038                __aeabi_dcmpeq
                0x0800104c                __aeabi_dcmplt
                0x08001060                __aeabi_dcmple
                0x08001074                __aeabi_dcmpge
                0x08001088                __aeabi_dcmpgt
 .text          0x0800109c       0x50 c:/program files (x86)/atollic/truestudio for arm lite 3.2.0/armtools/bin/../lib/gcc/arm-atollic-eabi/4.6.2/thumb/armv7-m\libgcc.a(_arm_fixdfsi.o)
                0x0800109c                __aeabi_d2iz
                0x0800109c                __fixdfsi
 .text          0x080010ec       0x40 c:/program files (x86)/atollic/truestudio for arm lite 3.2.0/armtools/bin/../lib/gcc/arm-atollic-eabi/4.6.2/thumb/armv7-m\libgcc.a(_arm_fixunsdfsi.o)
                0x080010ec                __aeabi_d2uiz
                0x080010ec                __fixunsdfsi
 *(.text*)
 .text.SystemInit
                0x0800112c       0xb0 src\system_stm32l1xx.o
                0x0800112c                SystemInit
 .text.SetSysClock
                0x080011dc      0x1dc src\system_stm32l1xx.o
 .text.NMI_Handler
                0x080013b8        0xc src\stm32l1xx_it.o
                0x080013b8                NMI_Handler
 .text.HardFault_Handler
                0x080013c4        0x8 src\stm32l1xx_it.o
                0x080013c4                HardFault_Handler
 .text.MemManage_Handler
                0x080013cc        0x8 src\stm32l1xx_it.o
                0x080013cc                MemManage_Handler
 .text.BusFault_Handler
                0x080013d4        0x8 src\stm32l1xx_it.o
                0x080013d4                BusFault_Handler
 .text.UsageFault_Handler
                0x080013dc        0x8 src\stm32l1xx_it.o
                0x080013dc                UsageFault_Handler
 .text.SVC_Handler
                0x080013e4        0xc src\stm32l1xx_it.o
                0x080013e4                SVC_Handler
 .text.DebugMon_Handler
                0x080013f0        0xc src\stm32l1xx_it.o
                0x080013f0                DebugMon_Handler
 .text.PendSV_Handler
                0x080013fc        0xc src\stm32l1xx_it.o
                0x080013fc                PendSV_Handler
 .text.SysTick_Handler
                0x08001408        0xc src\stm32l1xx_it.o
                0x08001408                SysTick_Handler
 .text.OW_Init  0x08001414       0x28 src\main.o
                0x08001414                OW_Init
 .text.main     0x0800143c       0xb0 src\main.o
                0x0800143c                main
 .text.StartsWith
                0x080014ec       0x60 src\Communication.o
                0x080014ec                StartsWith
 .text.PrintAddress
                0x0800154c       0x9c src\Communication.o
                0x0800154c                PrintAddress
 .text.print_i  0x080015e8       0xe4 src\Communication.o
                0x080015e8                print_i
 .text.print_float
                0x080016cc       0xd0 src\Communication.o
                0x080016cc                print_float
 .text.printInvalidParameter
                0x0800179c       0x14 src\Communication.o
                0x0800179c                printInvalidParameter
 .text.Communicate
                0x080017b0      0x2e0 src\Communication.o
                0x080017b0                Communicate
 .text.initUSART2
                0x08001a90      0x110 mcu\src\usart.o
                0x08001a90                initUSART2
 .text.USART2_IRQHandler
                0x08001ba0       0xa8 mcu\src\usart.o
                0x08001ba0                USART2_IRQHandler
 .text.PutcUART2
                0x08001c48       0x3c mcu\src\usart.o
                0x08001c48                PutcUART2
 .text.PutsUART2
                0x08001c84       0x3c mcu\src\usart.o
                0x08001c84                PutsUART2
 .text.RegisterCallbackUART2
                0x08001cc0       0x20 mcu\src\usart.o
                0x08001cc0                RegisterCallbackUART2
 .text.OW_Config
                0x08001ce0       0x94 mcu\src\onewire.o
                0x08001ce0                OW_Config
 .text.OW_reset
                0x08001d74      0x148 mcu\src\onewire.o
                0x08001d74                OW_reset
 .text.OW_write_bit
                0x08001ebc      0x108 mcu\src\onewire.o
                0x08001ebc                OW_write_bit
 .text.OW_read_bit
                0x08001fc4      0x170 mcu\src\onewire.o
                0x08001fc4                OW_read_bit
 .text.OW_write_byte
                0x08002134       0x40 mcu\src\onewire.o
                0x08002134                OW_write_byte
 .text.OW_read_byte
                0x08002174       0x48 mcu\src\onewire.o
                0x08002174                OW_read_byte
 .text.OW_search
                0x080021bc      0x238 mcu\src\onewire.o
                0x080021bc                OW_search
 .text.OW_reset_search
                0x080023f4       0x64 mcu\src\onewire.o
                0x080023f4                OW_reset_search
 .text.delay_us
                0x08002458       0x24 mcu\src\mcu.o
                0x08002458                delay_us
 .text.ds18b20_command
                0x0800247c       0x30 mcu\src\ds18b20.o
                0x0800247c                ds18b20_command
 .text.ds18b20_read_temp
                0x080024ac       0x3c mcu\src\ds18b20.o
                0x080024ac                ds18b20_read_temp
 .text.convert_temp
                0x080024e8       0x2c mcu\src\ds18b20.o
                0x080024e8                convert_temp
 .text.USART_Init
                0x08002514      0x1a0 Libraries\STM32L1xx_StdPeriph_Driver\src\stm32l1xx_usart.o
                0x08002514                USART_Init
 .text.USART_Cmd
                0x080026b4       0x40 Libraries\STM32L1xx_StdPeriph_Driver\src\stm32l1xx_usart.o
                0x080026b4                USART_Cmd
 .text.USART_SendData
                0x080026f4       0x28 Libraries\STM32L1xx_StdPeriph_Driver\src\stm32l1xx_usart.o
                0x080026f4                USART_SendData
 .text.USART_ReceiveData
                0x0800271c       0x24 Libraries\STM32L1xx_StdPeriph_Driver\src\stm32l1xx_usart.o
                0x0800271c                USART_ReceiveData
 .text.USART_ITConfig
                0x08002740       0xa4 Libraries\STM32L1xx_StdPeriph_Driver\src\stm32l1xx_usart.o
                0x08002740                USART_ITConfig
 .text.USART_GetFlagStatus
                0x080027e4       0x40 Libraries\STM32L1xx_StdPeriph_Driver\src\stm32l1xx_usart.o
                0x080027e4                USART_GetFlagStatus
 .text.USART_GetITStatus
                0x08002824       0xc4 Libraries\STM32L1xx_StdPeriph_Driver\src\stm32l1xx_usart.o
                0x08002824                USART_GetITStatus
 .text.USART_ClearITPendingBit
                0x080028e8       0x44 Libraries\STM32L1xx_StdPeriph_Driver\src\stm32l1xx_usart.o
                0x080028e8                USART_ClearITPendingBit
 .text.RCC_GetClocksFreq
                0x0800292c      0x22c Libraries\STM32L1xx_StdPeriph_Driver\src\stm32l1xx_rcc.o
                0x0800292c                RCC_GetClocksFreq
 .text.RCC_AHBPeriphClockCmd
                0x08002b58       0x58 Libraries\STM32L1xx_StdPeriph_Driver\src\stm32l1xx_rcc.o
                0x08002b58                RCC_AHBPeriphClockCmd
 .text.RCC_APB1PeriphClockCmd
                0x08002bb0       0x58 Libraries\STM32L1xx_StdPeriph_Driver\src\stm32l1xx_rcc.o
                0x08002bb0                RCC_APB1PeriphClockCmd
 .text.GPIO_Init
                0x08002c08      0x15c Libraries\STM32L1xx_StdPeriph_Driver\src\stm32l1xx_gpio.o
                0x08002c08                GPIO_Init
 .text.GPIO_PinAFConfig
                0x08002d64       0xac Libraries\STM32L1xx_StdPeriph_Driver\src\stm32l1xx_gpio.o
                0x08002d64                GPIO_PinAFConfig
 .text.NVIC_PriorityGroupConfig
                0x08002e10       0x28 Libraries\STM32L1xx_StdPeriph_Driver\src\misc.o
                0x08002e10                NVIC_PriorityGroupConfig
 .text.NVIC_Init
                0x08002e38       0xe8 Libraries\STM32L1xx_StdPeriph_Driver\src\misc.o
                0x08002e38                NVIC_Init
 .text.Reset_Handler
                0x08002f20       0x48 Libraries\CMSIS\CM3\DeviceSupport\ST\STM32L1xx\startup\TrueSTUDIO\startup_stm32l1xx_md.o
                0x08002f20                Reset_Handler
 .text.Default_Handler
                0x08002f68        0x2 Libraries\CMSIS\CM3\DeviceSupport\ST\STM32L1xx\startup\TrueSTUDIO\startup_stm32l1xx_md.o
                0x08002f68                RTC_Alarm_IRQHandler
                0x08002f68                EXTI2_IRQHandler
                0x08002f68                TIM10_IRQHandler
                0x08002f68                USB_HP_IRQHandler
                0x08002f68                TIM6_IRQHandler
                0x08002f68                PVD_IRQHandler
                0x08002f68                EXTI3_IRQHandler
                0x08002f68                EXTI0_IRQHandler
                0x08002f68                I2C2_EV_IRQHandler
                0x08002f68                SPI1_IRQHandler
                0x08002f68                USB_FS_WKUP_IRQHandler
                0x08002f68                DMA1_Channel4_IRQHandler
                0x08002f68                ADC1_IRQHandler
                0x08002f68                USART3_IRQHandler
                0x08002f68                DMA1_Channel7_IRQHandler
                0x08002f68                LCD_IRQHandler
                0x08002f68                TIM4_IRQHandler
                0x08002f68                I2C1_EV_IRQHandler
                0x08002f68                DMA1_Channel6_IRQHandler
                0x08002f68                TIM3_IRQHandler
                0x08002f68                RCC_IRQHandler
                0x08002f68                DMA1_Channel1_IRQHandler
                0x08002f68                Default_Handler
                0x08002f68                EXTI15_10_IRQHandler
                0x08002f68                TIM7_IRQHandler
                0x08002f68                EXTI9_5_IRQHandler
                0x08002f68                TIM9_IRQHandler
                0x08002f68                TAMPER_STAMP_IRQHandler
                0x08002f68                RTC_WKUP_IRQHandler
                0x08002f68                SPI2_IRQHandler
                0x08002f68                DMA1_Channel5_IRQHandler
                0x08002f68                USB_LP_IRQHandler
                0x08002f68                EXTI4_IRQHandler
                0x08002f68                DMA1_Channel3_IRQHandler
                0x08002f68                COMP_IRQHandler
                0x08002f68                WWDG_IRQHandler
                0x08002f68                TIM2_IRQHandler
                0x08002f68                DAC_IRQHandler
                0x08002f68                EXTI1_IRQHandler
                0x08002f68                TIM11_IRQHandler
                0x08002f68                I2C2_ER_IRQHandler
                0x08002f68                DMA1_Channel2_IRQHandler
                0x08002f68                FLASH_IRQHandler
                0x08002f68                USART1_IRQHandler
                0x08002f68                I2C1_ER_IRQHandler
 .text.atof     0x08002f6a        0x6 c:/program files (x86)/atollic/truestudio for arm lite 3.2.0/armtools/bin/../lib/gcc/arm-atollic-eabi/4.6.2/../../../../arm-atollic-eabi/lib/thumb/armv7-m\libc.a(lib_a-atof.o)
                0x08002f6a                atof
 .text.__libc_init_array
                0x08002f70       0x48 c:/program files (x86)/atollic/truestudio for arm lite 3.2.0/armtools/bin/../lib/gcc/arm-atollic-eabi/4.6.2/../../../../arm-atollic-eabi/lib/thumb/armv7-m\libc.a(lib_a-init.o)
                0x08002f70                __libc_init_array
 .text.strchr   0x08002fb8       0x1a c:/program files (x86)/atollic/truestudio for arm lite 3.2.0/armtools/bin/../lib/gcc/arm-atollic-eabi/4.6.2/../../../../arm-atollic-eabi/lib/thumb/armv7-m\libc.a(lib_a-strchr.o)
                0x08002fb8                strchr
 .text.strcpy   0x08002fd2       0x10 c:/program files (x86)/atollic/truestudio for arm lite 3.2.0/armtools/bin/../lib/gcc/arm-atollic-eabi/4.6.2/../../../../arm-atollic-eabi/lib/thumb/armv7-m\libc.a(lib_a-strcpy.o)
                0x08002fd2                strcpy
 .text.strlen   0x08002fe2       0x10 c:/program files (x86)/atollic/truestudio for arm lite 3.2.0/armtools/bin/../lib/gcc/arm-atollic-eabi/4.6.2/../../../../arm-atollic-eabi/lib/thumb/armv7-m\libc.a(lib_a-strlen.o)
                0x08002fe2                strlen
 .text.match    0x08002ff2       0x2c c:/program files (x86)/atollic/truestudio for arm lite 3.2.0/armtools/bin/../lib/gcc/arm-atollic-eabi/4.6.2/../../../../arm-atollic-eabi/lib/thumb/armv7-m\libc.a(lib_a-strtod.o)
 *fill*         0x0800301e        0x2 00
 .text._strtod_r
                0x08003020      0xb88 c:/program files (x86)/atollic/truestudio for arm lite 3.2.0/armtools/bin/../lib/gcc/arm-atollic-eabi/4.6.2/../../../../arm-atollic-eabi/lib/thumb/armv7-m\libc.a(lib_a-strtod.o)
                0x08003020                _strtod_r
 .text.strtod   0x08003ba8       0x14 c:/program files (x86)/atollic/truestudio for arm lite 3.2.0/armtools/bin/../lib/gcc/arm-atollic-eabi/4.6.2/../../../../arm-atollic-eabi/lib/thumb/armv7-m\libc.a(lib_a-strtod.o)
                0x08003ba8                strtod
 .text.rshift   0x08003bbc       0x7c c:/program files (x86)/atollic/truestudio for arm lite 3.2.0/armtools/bin/../lib/gcc/arm-atollic-eabi/4.6.2/../../../../arm-atollic-eabi/lib/thumb/armv7-m\libc.a(lib_a-gdtoa-gethex.o)
 .text.htinit.constprop.0
                0x08003c38       0x20 c:/program files (x86)/atollic/truestudio for arm lite 3.2.0/armtools/bin/../lib/gcc/arm-atollic-eabi/4.6.2/../../../../arm-atollic-eabi/lib/thumb/armv7-m\libc.a(lib_a-gdtoa-gethex.o)
 .text.__hexdig_init
                0x08003c58       0x2c c:/program files (x86)/atollic/truestudio for arm lite 3.2.0/armtools/bin/../lib/gcc/arm-atollic-eabi/4.6.2/../../../../arm-atollic-eabi/lib/thumb/armv7-m\libc.a(lib_a-gdtoa-gethex.o)
                0x08003c58                __hexdig_init
 .text.__gethex
                0x08003c84      0x494 c:/program files (x86)/atollic/truestudio for arm lite 3.2.0/armtools/bin/../lib/gcc/arm-atollic-eabi/4.6.2/../../../../arm-atollic-eabi/lib/thumb/armv7-m\libc.a(lib_a-gdtoa-gethex.o)
                0x08003c84                __gethex
 .text.L_shift  0x08004118       0x28 c:/program files (x86)/atollic/truestudio for arm lite 3.2.0/armtools/bin/../lib/gcc/arm-atollic-eabi/4.6.2/../../../../arm-atollic-eabi/lib/thumb/armv7-m\libc.a(lib_a-gdtoa-hexnan.o)
 .text.__hexnan
                0x08004140      0x138 c:/program files (x86)/atollic/truestudio for arm lite 3.2.0/armtools/bin/../lib/gcc/arm-atollic-eabi/4.6.2/../../../../arm-atollic-eabi/lib/thumb/armv7-m\libc.a(lib_a-gdtoa-hexnan.o)
                0x08004140                __hexnan
 .text._localeconv_r
                0x08004278        0x8 c:/program files (x86)/atollic/truestudio for arm lite 3.2.0/armtools/bin/../lib/gcc/arm-atollic-eabi/4.6.2/../../../../arm-atollic-eabi/lib/thumb/armv7-m\libc.a(lib_a-locale.o)
                0x08004278                _localeconv_r
 .text.memcpy   0x08004280       0x12 c:/program files (x86)/atollic/truestudio for arm lite 3.2.0/armtools/bin/../lib/gcc/arm-atollic-eabi/4.6.2/../../../../arm-atollic-eabi/lib/thumb/armv7-m\libc.a(lib_a-memcpy.o)
                0x08004280                memcpy
 .text._Balloc  0x08004292       0x62 c:/program files (x86)/atollic/truestudio for arm lite 3.2.0/armtools/bin/../lib/gcc/arm-atollic-eabi/4.6.2/../../../../arm-atollic-eabi/lib/thumb/armv7-m\libc.a(lib_a-mprec.o)
                0x08004292                _Balloc
 .text._Bfree   0x080042f4       0x2e c:/program files (x86)/atollic/truestudio for arm lite 3.2.0/armtools/bin/../lib/gcc/arm-atollic-eabi/4.6.2/../../../../arm-atollic-eabi/lib/thumb/armv7-m\libc.a(lib_a-mprec.o)
                0x080042f4                _Bfree
 .text.__multadd
                0x08004322       0x78 c:/program files (x86)/atollic/truestudio for arm lite 3.2.0/armtools/bin/../lib/gcc/arm-atollic-eabi/4.6.2/../../../../arm-atollic-eabi/lib/thumb/armv7-m\libc.a(lib_a-mprec.o)
                0x08004322                __multadd
 .text.__s2b    0x0800439a       0x7c c:/program files (x86)/atollic/truestudio for arm lite 3.2.0/armtools/bin/../lib/gcc/arm-atollic-eabi/4.6.2/../../../../arm-atollic-eabi/lib/thumb/armv7-m\libc.a(lib_a-mprec.o)
                0x0800439a                __s2b
 .text.__hi0bits
                0x08004416       0x3e c:/program files (x86)/atollic/truestudio for arm lite 3.2.0/armtools/bin/../lib/gcc/arm-atollic-eabi/4.6.2/../../../../arm-atollic-eabi/lib/thumb/armv7-m\libc.a(lib_a-mprec.o)
                0x08004416                __hi0bits
 .text.__lo0bits
                0x08004454       0x5a c:/program files (x86)/atollic/truestudio for arm lite 3.2.0/armtools/bin/../lib/gcc/arm-atollic-eabi/4.6.2/../../../../arm-atollic-eabi/lib/thumb/armv7-m\libc.a(lib_a-mprec.o)
                0x08004454                __lo0bits
 .text.__i2b    0x080044ae       0x12 c:/program files (x86)/atollic/truestudio for arm lite 3.2.0/armtools/bin/../lib/gcc/arm-atollic-eabi/4.6.2/../../../../arm-atollic-eabi/lib/thumb/armv7-m\libc.a(lib_a-mprec.o)
                0x080044ae                __i2b
 .text.__multiply
                0x080044c0      0x128 c:/program files (x86)/atollic/truestudio for arm lite 3.2.0/armtools/bin/../lib/gcc/arm-atollic-eabi/4.6.2/../../../../arm-atollic-eabi/lib/thumb/armv7-m\libc.a(lib_a-mprec.o)
                0x080044c0                __multiply
 .text.__pow5mult
                0x080045e8       0xa0 c:/program files (x86)/atollic/truestudio for arm lite 3.2.0/armtools/bin/../lib/gcc/arm-atollic-eabi/4.6.2/../../../../arm-atollic-eabi/lib/thumb/armv7-m\libc.a(lib_a-mprec.o)
                0x080045e8                __pow5mult
 .text.__lshift
                0x08004688       0xae c:/program files (x86)/atollic/truestudio for arm lite 3.2.0/armtools/bin/../lib/gcc/arm-atollic-eabi/4.6.2/../../../../arm-atollic-eabi/lib/thumb/armv7-m\libc.a(lib_a-mprec.o)
                0x08004688                __lshift
 .text.__mcmp   0x08004736       0x3e c:/program files (x86)/atollic/truestudio for arm lite 3.2.0/armtools/bin/../lib/gcc/arm-atollic-eabi/4.6.2/../../../../arm-atollic-eabi/lib/thumb/armv7-m\libc.a(lib_a-mprec.o)
                0x08004736                __mcmp
 .text.__mdiff  0x08004774       0xc8 c:/program files (x86)/atollic/truestudio for arm lite 3.2.0/armtools/bin/../lib/gcc/arm-atollic-eabi/4.6.2/../../../../arm-atollic-eabi/lib/thumb/armv7-m\libc.a(lib_a-mprec.o)
                0x08004774                __mdiff
 .text.__ulp    0x0800483c       0x42 c:/program files (x86)/atollic/truestudio for arm lite 3.2.0/armtools/bin/../lib/gcc/arm-atollic-eabi/4.6.2/../../../../arm-atollic-eabi/lib/thumb/armv7-m\libc.a(lib_a-mprec.o)
                0x0800483c                __ulp
 .text.__b2d    0x0800487e       0xa6 c:/program files (x86)/atollic/truestudio for arm lite 3.2.0/armtools/bin/../lib/gcc/arm-atollic-eabi/4.6.2/../../../../arm-atollic-eabi/lib/thumb/armv7-m\libc.a(lib_a-mprec.o)
                0x0800487e                __b2d
 .text.__d2b    0x08004924       0xbc c:/program files (x86)/atollic/truestudio for arm lite 3.2.0/armtools/bin/../lib/gcc/arm-atollic-eabi/4.6.2/../../../../arm-atollic-eabi/lib/thumb/armv7-m\libc.a(lib_a-mprec.o)
                0x08004924                __d2b
 .text.__ratio  0x080049e0       0x46 c:/program files (x86)/atollic/truestudio for arm lite 3.2.0/armtools/bin/../lib/gcc/arm-atollic-eabi/4.6.2/../../../../arm-atollic-eabi/lib/thumb/armv7-m\libc.a(lib_a-mprec.o)
                0x080049e0                __ratio
 .text.__copybits
                0x08004a26       0x34 c:/program files (x86)/atollic/truestudio for arm lite 3.2.0/armtools/bin/../lib/gcc/arm-atollic-eabi/4.6.2/../../../../arm-atollic-eabi/lib/thumb/armv7-m\libc.a(lib_a-mprec.o)
                0x08004a26                __copybits
 .text.__any_on
                0x08004a5a       0x4a c:/program files (x86)/atollic/truestudio for arm lite 3.2.0/armtools/bin/../lib/gcc/arm-atollic-eabi/4.6.2/../../../../arm-atollic-eabi/lib/thumb/armv7-m\libc.a(lib_a-mprec.o)
                0x08004a5a                __any_on
 .text.strncmp  0x08004aa4       0x2a c:/program files (x86)/atollic/truestudio for arm lite 3.2.0/armtools/bin/../lib/gcc/arm-atollic-eabi/4.6.2/../../../../arm-atollic-eabi/lib/thumb/armv7-m\libc.a(lib_a-strncmp.o)
                0x08004aa4                strncmp
 .text._calloc_r
                0x08004ace       0x5a c:/program files (x86)/atollic/truestudio for arm lite 3.2.0/armtools/bin/../lib/gcc/arm-atollic-eabi/4.6.2/../../../../arm-atollic-eabi/lib/thumb/armv7-m\libc.a(lib_a-callocr.o)
                0x08004ace                _calloc_r
 .text.malloc   0x08004b28       0x10 c:/program files (x86)/atollic/truestudio for arm lite 3.2.0/armtools/bin/../lib/gcc/arm-atollic-eabi/4.6.2/../../../../arm-atollic-eabi/lib/thumb/armv7-m\libc.a(lib_a-malloc.o)
                0x08004b28                malloc
 .text._malloc_r
                0x08004b38      0x3fc c:/program files (x86)/atollic/truestudio for arm lite 3.2.0/armtools/bin/../lib/gcc/arm-atollic-eabi/4.6.2/../../../../arm-atollic-eabi/lib/thumb/armv7-m\libc.a(lib_a-mallocr.o)
                0x08004b38                _malloc_r
 .text.memset   0x08004f34        0xe c:/program files (x86)/atollic/truestudio for arm lite 3.2.0/armtools/bin/../lib/gcc/arm-atollic-eabi/4.6.2/../../../../arm-atollic-eabi/lib/thumb/armv7-m\libc.a(lib_a-memset.o)
                0x08004f34                memset
 .text.__malloc_lock
                0x08004f42        0x2 c:/program files (x86)/atollic/truestudio for arm lite 3.2.0/armtools/bin/../lib/gcc/arm-atollic-eabi/4.6.2/../../../../arm-atollic-eabi/lib/thumb/armv7-m\libc.a(lib_a-mlock.o)
                0x08004f42                __malloc_lock
 .text.__malloc_unlock
                0x08004f44        0x2 c:/program files (x86)/atollic/truestudio for arm lite 3.2.0/armtools/bin/../lib/gcc/arm-atollic-eabi/4.6.2/../../../../arm-atollic-eabi/lib/thumb/armv7-m\libc.a(lib_a-mlock.o)
                0x08004f44                __malloc_unlock
 *fill*         0x08004f46        0x2 00
 .text._sbrk_r  0x08004f48       0x20 c:/program files (x86)/atollic/truestudio for arm lite 3.2.0/armtools/bin/../lib/gcc/arm-atollic-eabi/4.6.2/../../../../arm-atollic-eabi/lib/thumb/armv7-m\libc.a(lib_a-sbrkr.o)
                0x08004f48                _sbrk_r
 .text._sbrk    0x08004f68       0x34 c:/program files (x86)/atollic/truestudio for arm lite 3.2.0/armtools/bin/../lib/gcc/arm-atollic-eabi/4.6.2/../../../../arm-atollic-eabi/lib/thumb/armv7-m\libc.a(lib_a-syscalls.o)
                0x08004f68                _sbrk
 .text._malloc_trim_r
                0x08004f9c       0xa8 c:/program files (x86)/atollic/truestudio for arm lite 3.2.0/armtools/bin/../lib/gcc/arm-atollic-eabi/4.6.2/../../../../arm-atollic-eabi/lib/thumb/armv7-m\libc.a(lib_a-freer.o)
                0x08004f9c                _malloc_trim_r
 .text._free_r  0x08005044      0x16c c:/program files (x86)/atollic/truestudio for arm lite 3.2.0/armtools/bin/../lib/gcc/arm-atollic-eabi/4.6.2/../../../../arm-atollic-eabi/lib/thumb/armv7-m\libc.a(lib_a-freer.o)
                0x08005044                _free_r
 *(.rodata)
 .rodata        0x080051b0       0x58 src\main.o
 .rodata        0x08005208       0xd8 src\Communication.o
 .rodata        0x080052e0        0x4 mcu\src\usart.o
 *(.rodata*)
 .rodata.str1.1
                0x080052e4        0xc c:/program files (x86)/atollic/truestudio for arm lite 3.2.0/armtools/bin/../lib/gcc/arm-atollic-eabi/4.6.2/../../../../arm-atollic-eabi/lib/thumb/armv7-m\libc.a(lib_a-strtod.o)
 .rodata.tinytens
                0x080052f0       0x28 c:/program files (x86)/atollic/truestudio for arm lite 3.2.0/armtools/bin/../lib/gcc/arm-atollic-eabi/4.6.2/../../../../arm-atollic-eabi/lib/thumb/armv7-m\libc.a(lib_a-strtod.o)
 .rodata.str1.1
                0x08005318       0x19 c:/program files (x86)/atollic/truestudio for arm lite 3.2.0/armtools/bin/../lib/gcc/arm-atollic-eabi/4.6.2/../../../../arm-atollic-eabi/lib/thumb/armv7-m\libc.a(lib_a-gdtoa-gethex.o)
 .rodata.str1.1
                0x08005331        0x2 c:/program files (x86)/atollic/truestudio for arm lite 3.2.0/armtools/bin/../lib/gcc/arm-atollic-eabi/4.6.2/../../../../arm-atollic-eabi/lib/thumb/armv7-m\libc.a(lib_a-impure.o)
 .rodata.str1.1
                0x08005333        0x8 c:/program files (x86)/atollic/truestudio for arm lite 3.2.0/armtools/bin/../lib/gcc/arm-atollic-eabi/4.6.2/../../../../arm-atollic-eabi/lib/thumb/armv7-m\libc.a(lib_a-locale.o)
                                  0xb (size before relaxing)
 *fill*         0x0800533b        0x1 00
 .rodata.p05.5123
                0x0800533c        0xc c:/program files (x86)/atollic/truestudio for arm lite 3.2.0/armtools/bin/../lib/gcc/arm-atollic-eabi/4.6.2/../../../../arm-atollic-eabi/lib/thumb/armv7-m\libc.a(lib_a-mprec.o)
 .rodata.__mprec_tens
                0x08005348       0xc8 c:/program files (x86)/atollic/truestudio for arm lite 3.2.0/armtools/bin/../lib/gcc/arm-atollic-eabi/4.6.2/../../../../arm-atollic-eabi/lib/thumb/armv7-m\libc.a(lib_a-mprec.o)
                0x08005348                __mprec_tens
 .rodata.__mprec_bigtens
                0x08005410       0x28 c:/program files (x86)/atollic/truestudio for arm lite 3.2.0/armtools/bin/../lib/gcc/arm-atollic-eabi/4.6.2/../../../../arm-atollic-eabi/lib/thumb/armv7-m\libc.a(lib_a-mprec.o)
                0x08005410                __mprec_bigtens
 *(.glue_7)
 .glue_7        0x00000000        0x0 linker stubs
 *(.glue_7t)
 .glue_7t       0x00000000        0x0 linker stubs
 *(.eh_frame)
 .eh_frame      0x08005438        0x0 c:/program files (x86)/atollic/truestudio for arm lite 3.2.0/armtools/bin/../lib/gcc/arm-atollic-eabi/4.6.2/thumb/armv7-m/crtbegin.o
 *(.init)
 .init          0x08005438        0x4 c:/program files (x86)/atollic/truestudio for arm lite 3.2.0/armtools/bin/../lib/gcc/arm-atollic-eabi/4.6.2/thumb/armv7-m/crti.o
                0x08005438                _init
 .init          0x0800543c        0x8 c:/program files (x86)/atollic/truestudio for arm lite 3.2.0/armtools/bin/../lib/gcc/arm-atollic-eabi/4.6.2/thumb/armv7-m/crtn.o
 *(.fini)
 .fini          0x08005444        0x4 c:/program files (x86)/atollic/truestudio for arm lite 3.2.0/armtools/bin/../lib/gcc/arm-atollic-eabi/4.6.2/thumb/armv7-m/crti.o
                0x08005444                _fini
 .fini          0x08005448        0x8 c:/program files (x86)/atollic/truestudio for arm lite 3.2.0/armtools/bin/../lib/gcc/arm-atollic-eabi/4.6.2/thumb/armv7-m/crtn.o
                0x08005450                . = ALIGN (0x4)
                0x08005450                _etext = .

.vfp11_veneer   0x08005450        0x0
 .vfp11_veneer  0x00000000        0x0 linker stubs

.v4_bx          0x08005450        0x0
 .v4_bx         0x00000000        0x0 linker stubs

.ARM.extab
 *(.ARM.extab* .gnu.linkonce.armextab.*)

.ARM            0x08005450        0x0
                0x08005450                __exidx_start = .
 *(.ARM.exidx*)
                0x08005450                __exidx_end = .

.preinit_array  0x08005450        0x0
                0x08005450                PROVIDE (__preinit_array_start, .)
 *(.preinit_array*)
                0x08005450                PROVIDE (__preinit_array_end, .)

.init_array     0x08005450        0x4
                0x08005450                PROVIDE (__init_array_start, .)
 *(SORT(.init_array.*))
 *(.init_array*)
 .init_array    0x08005450        0x4 c:/program files (x86)/atollic/truestudio for arm lite 3.2.0/armtools/bin/../lib/gcc/arm-atollic-eabi/4.6.2/thumb/armv7-m/crtbegin.o
                0x08005454                PROVIDE (__init_array_end, .)

.fini_array     0x08005454        0x4
                0x08005454                PROVIDE (__fini_array_start, .)
 *(.fini_array*)
 .fini_array    0x08005454        0x4 c:/program files (x86)/atollic/truestudio for arm lite 3.2.0/armtools/bin/../lib/gcc/arm-atollic-eabi/4.6.2/thumb/armv7-m/crtbegin.o
 *(SORT(.fini_array.*))
                0x08005458                PROVIDE (__fini_array_end, .)
                0x08005458                _sidata = .

.data           0x20000000      0x58c load address 0x08005458
                0x20000000                . = ALIGN (0x4)
                0x20000000                _sdata = .
 *(.data)
 *(.data*)
 .data.actual_temp
                0x20000000        0x4 src\main.o
                0x20000000                actual_temp
 .data.desired_temp
                0x20000004        0x4 src\main.o
                0x20000004                desired_temp
 .data.hysteresis
                0x20000008        0x4 src\main.o
                0x20000008                hysteresis
 .data.PLLMulTable
                0x2000000c        0xc Libraries\STM32L1xx_StdPeriph_Driver\src\stm32l1xx_rcc.o
 .data.APBAHBPrescTable
                0x20000018       0x10 Libraries\STM32L1xx_StdPeriph_Driver\src\stm32l1xx_rcc.o
 .data.fpinan.5115
                0x20000028       0x14 c:/program files (x86)/atollic/truestudio for arm lite 3.2.0/armtools/bin/../lib/gcc/arm-atollic-eabi/4.6.2/../../../../arm-atollic-eabi/lib/thumb/armv7-m\libc.a(lib_a-strtod.o)
 .data.fpi.5079
                0x2000003c       0x14 c:/program files (x86)/atollic/truestudio for arm lite 3.2.0/armtools/bin/../lib/gcc/arm-atollic-eabi/4.6.2/../../../../arm-atollic-eabi/lib/thumb/armv7-m\libc.a(lib_a-strtod.o)
 .data.impure_data
                0x20000050       0xf0 c:/program files (x86)/atollic/truestudio for arm lite 3.2.0/armtools/bin/../lib/gcc/arm-atollic-eabi/4.6.2/../../../../arm-atollic-eabi/lib/thumb/armv7-m\libc.a(lib_a-impure.o)
 .data._impure_ptr
                0x20000140        0x4 c:/program files (x86)/atollic/truestudio for arm lite 3.2.0/armtools/bin/../lib/gcc/arm-atollic-eabi/4.6.2/../../../../arm-atollic-eabi/lib/thumb/armv7-m\libc.a(lib_a-impure.o)
                0x20000140                _impure_ptr
 .data.lconv    0x20000144       0x38 c:/program files (x86)/atollic/truestudio for arm lite 3.2.0/armtools/bin/../lib/gcc/arm-atollic-eabi/4.6.2/../../../../arm-atollic-eabi/lib/thumb/armv7-m\libc.a(lib_a-locale.o)
 .data.__malloc_av_
                0x2000017c      0x408 c:/program files (x86)/atollic/truestudio for arm lite 3.2.0/armtools/bin/../lib/gcc/arm-atollic-eabi/4.6.2/../../../../arm-atollic-eabi/lib/thumb/armv7-m\libc.a(lib_a-mallocr.o)
                0x2000017c                __malloc_av_
 .data.__malloc_trim_threshold
                0x20000584        0x4 c:/program files (x86)/atollic/truestudio for arm lite 3.2.0/armtools/bin/../lib/gcc/arm-atollic-eabi/4.6.2/../../../../arm-atollic-eabi/lib/thumb/armv7-m\libc.a(lib_a-mallocr.o)
                0x20000584                __malloc_trim_threshold
 .data.__malloc_sbrk_base
                0x20000588        0x4 c:/program files (x86)/atollic/truestudio for arm lite 3.2.0/armtools/bin/../lib/gcc/arm-atollic-eabi/4.6.2/../../../../arm-atollic-eabi/lib/thumb/armv7-m\libc.a(lib_a-mallocr.o)
                0x20000588                __malloc_sbrk_base
                0x2000058c                . = ALIGN (0x4)
                0x2000058c                _edata = .

.jcr            0x2000058c        0x0 load address 0x080059e4
 .jcr           0x2000058c        0x0 c:/program files (x86)/atollic/truestudio for arm lite 3.2.0/armtools/bin/../lib/gcc/arm-atollic-eabi/4.6.2/thumb/armv7-m/crtbegin.o
                0x2000058c                . = ALIGN (0x4)

.bss            0x20000590      0x1d8 load address 0x080059e8
                0x20000590                _sbss = .
                0x20000590                __bss_start__ = _sbss
 *(.bss)
 .bss           0x20000590       0x1c c:/program files (x86)/atollic/truestudio for arm lite 3.2.0/armtools/bin/../lib/gcc/arm-atollic-eabi/4.6.2/thumb/armv7-m/crtbegin.o
 *(.bss*)
 .bss.i.6754    0x200005ac        0x4 src\Communication.o
 .bss.buffer.6752
                0x200005b0       0x20 src\Communication.o
 .bss.ManualnyRezim.6757
                0x200005d0        0x4 src\Communication.o
 .bss.outbuffer.6753
                0x200005d4       0x40 src\Communication.o
 .bss.gCallback2
                0x20000614        0x4 mcu\src\usart.o
                0x20000614                gCallback2
 .bss.__malloc_max_total_mem
                0x20000618        0x4 c:/program files (x86)/atollic/truestudio for arm lite 3.2.0/armtools/bin/../lib/gcc/arm-atollic-eabi/4.6.2/../../../../arm-atollic-eabi/lib/thumb/armv7-m\libc.a(lib_a-mallocr.o)
                0x20000618                __malloc_max_total_mem
 .bss.__malloc_max_sbrked_mem
                0x2000061c        0x4 c:/program files (x86)/atollic/truestudio for arm lite 3.2.0/armtools/bin/../lib/gcc/arm-atollic-eabi/4.6.2/../../../../arm-atollic-eabi/lib/thumb/armv7-m\libc.a(lib_a-mallocr.o)
                0x2000061c                __malloc_max_sbrked_mem
 .bss.__malloc_top_pad
                0x20000620        0x4 c:/program files (x86)/atollic/truestudio for arm lite 3.2.0/armtools/bin/../lib/gcc/arm-atollic-eabi/4.6.2/../../../../arm-atollic-eabi/lib/thumb/armv7-m\libc.a(lib_a-mallocr.o)
                0x20000620                __malloc_top_pad
 .bss.__malloc_current_mallinfo
                0x20000624       0x28 c:/program files (x86)/atollic/truestudio for arm lite 3.2.0/armtools/bin/../lib/gcc/arm-atollic-eabi/4.6.2/../../../../arm-atollic-eabi/lib/thumb/armv7-m\libc.a(lib_a-mallocr.o)
                0x20000624                __malloc_current_mallinfo
 .bss.heap_end.4982
                0x2000064c        0x4 c:/program files (x86)/atollic/truestudio for arm lite 3.2.0/armtools/bin/../lib/gcc/arm-atollic-eabi/4.6.2/../../../../arm-atollic-eabi/lib/thumb/armv7-m\libc.a(lib_a-syscalls.o)
 *(COMMON)
 COMMON         0x20000650       0x14 mcu\src\onewire.o
                0x20000650                ROM_NO
                0x20000658                LastFamilyDiscrepancy
                0x20000659                LastDeviceFlag
                0x2000065a                LastDiscrepancy
                0x2000065c                OW_settings
 COMMON         0x20000664      0x100 c:/program files (x86)/atollic/truestudio for arm lite 3.2.0/armtools/bin/../lib/gcc/arm-atollic-eabi/4.6.2/../../../../arm-atollic-eabi/lib/thumb/armv7-m\libc.a(lib_a-gdtoa-gethex.o)
                0x20000664                __hexdig
 COMMON         0x20000764        0x4 c:/program files (x86)/atollic/truestudio for arm lite 3.2.0/armtools/bin/../lib/gcc/arm-atollic-eabi/4.6.2/../../../../arm-atollic-eabi/lib/thumb/armv7-m\libc.a(lib_a-reent.o)
                0x20000764                errno
                0x20000768                . = ALIGN (0x4)
                0x20000768                _ebss = .
                0x20000768                __bss_end__ = _ebss

._user_heap_stack
                0x20000768       0x80 load address 0x080059e4
                0x20000768                . = ALIGN (0x4)
                0x20000768                PROVIDE (end, .)
                0x20000768                PROVIDE (_end, .)
                0x20000768                . = (. + _Min_Heap_Size)
                0x200007e8                . = (. + _Min_Stack_Size)
 *fill*         0x20000768       0x80 00
                0x200007e8                . = ALIGN (0x4)

.memory_b1_text
 *(.mb1text)
 *(.mb1text*)
 *(.mb1rodata)
 *(.mb1rodata*)

/DISCARD/
 libc.a(*)
 libm.a(*)
 libgcc.a(*)

.ARM.attributes
                0x00000000       0x29
 *(.ARM.attributes)
 .ARM.attributes
                0x00000000       0x1d c:/program files (x86)/atollic/truestudio for arm lite 3.2.0/armtools/bin/../lib/gcc/arm-atollic-eabi/4.6.2/thumb/armv7-m/crti.o
 .ARM.attributes
                0x0000001d       0x2d c:/program files (x86)/atollic/truestudio for arm lite 3.2.0/armtools/bin/../lib/gcc/arm-atollic-eabi/4.6.2/thumb/armv7-m/crtbegin.o
 .ARM.attributes
                0x0000004a       0x33 src\system_stm32l1xx.o
 .ARM.attributes
                0x0000007d       0x33 src\stm32l1xx_it.o
 .ARM.attributes
                0x000000b0       0x33 src\main.o
 .ARM.attributes
                0x000000e3       0x33 src\Communication.o
 .ARM.attributes
                0x00000116       0x33 mcu\src\usart.o
 .ARM.attributes
                0x00000149       0x33 mcu\src\onewire.o
 .ARM.attributes
                0x0000017c       0x33 mcu\src\mcu.o
 .ARM.attributes
                0x000001af       0x33 mcu\src\ds2405.o
 .ARM.attributes
                0x000001e2       0x33 mcu\src\ds18b20.o
 .ARM.attributes
                0x00000215       0x33 Libraries\STM32L1xx_StdPeriph_Driver\src\stm32l1xx_wwdg.o
 .ARM.attributes
                0x00000248       0x33 Libraries\STM32L1xx_StdPeriph_Driver\src\stm32l1xx_usart.o
 .ARM.attributes
                0x0000027b       0x33 Libraries\STM32L1xx_StdPeriph_Driver\src\stm32l1xx_tim.o
 .ARM.attributes
                0x000002ae       0x33 Libraries\STM32L1xx_StdPeriph_Driver\src\stm32l1xx_syscfg.o
 .ARM.attributes
                0x000002e1       0x33 Libraries\STM32L1xx_StdPeriph_Driver\src\stm32l1xx_spi.o
 .ARM.attributes
                0x00000314       0x33 Libraries\STM32L1xx_StdPeriph_Driver\src\stm32l1xx_rtc.o
 .ARM.attributes
                0x00000347       0x33 Libraries\STM32L1xx_StdPeriph_Driver\src\stm32l1xx_rcc.o
 .ARM.attributes
                0x0000037a       0x33 Libraries\STM32L1xx_StdPeriph_Driver\src\stm32l1xx_pwr.o
 .ARM.attributes
                0x000003ad       0x33 Libraries\STM32L1xx_StdPeriph_Driver\src\stm32l1xx_lcd.o
 .ARM.attributes
                0x000003e0       0x33 Libraries\STM32L1xx_StdPeriph_Driver\src\stm32l1xx_iwdg.o
 .ARM.attributes
                0x00000413       0x33 Libraries\STM32L1xx_StdPeriph_Driver\src\stm32l1xx_i2c.o
 .ARM.attributes
                0x00000446       0x33 Libraries\STM32L1xx_StdPeriph_Driver\src\stm32l1xx_gpio.o
 .ARM.attributes
                0x00000479       0x33 Libraries\STM32L1xx_StdPeriph_Driver\src\stm32l1xx_flash_ramfunc.o
 .ARM.attributes
                0x000004ac       0x33 Libraries\STM32L1xx_StdPeriph_Driver\src\stm32l1xx_flash.o
 .ARM.attributes
                0x000004df       0x33 Libraries\STM32L1xx_StdPeriph_Driver\src\stm32l1xx_exti.o
 .ARM.attributes
                0x00000512       0x33 Libraries\STM32L1xx_StdPeriph_Driver\src\stm32l1xx_dma.o
 .ARM.attributes
                0x00000545       0x33 Libraries\STM32L1xx_StdPeriph_Driver\src\stm32l1xx_dbgmcu.o
 .ARM.attributes
                0x00000578       0x33 Libraries\STM32L1xx_StdPeriph_Driver\src\stm32l1xx_dac.o
 .ARM.attributes
                0x000005ab       0x33 Libraries\STM32L1xx_StdPeriph_Driver\src\stm32l1xx_crc.o
 .ARM.attributes
                0x000005de       0x33 Libraries\STM32L1xx_StdPeriph_Driver\src\stm32l1xx_comp.o
 .ARM.attributes
                0x00000611       0x33 Libraries\STM32L1xx_StdPeriph_Driver\src\stm32l1xx_adc.o
 .ARM.attributes
                0x00000644       0x33 Libraries\STM32L1xx_StdPeriph_Driver\src\misc.o
 .ARM.attributes
                0x00000677       0x21 Libraries\CMSIS\CM3\DeviceSupport\ST\STM32L1xx\startup\TrueSTUDIO\startup_stm32l1xx_md.o
 .ARM.attributes
                0x00000698       0x33 Libraries\CMSIS\CM3\CoreSupport\core_cm3.o
 .ARM.attributes
                0x000006cb       0x1d c:/program files (x86)/atollic/truestudio for arm lite 3.2.0/armtools/bin/../lib/gcc/arm-atollic-eabi/4.6.2/thumb/armv7-m\libgcc.a(_arm_truncdfsf2.o)
 .ARM.attributes
                0x000006e8       0x1d c:/program files (x86)/atollic/truestudio for arm lite 3.2.0/armtools/bin/../lib/gcc/arm-atollic-eabi/4.6.2/thumb/armv7-m\libgcc.a(_arm_addsubsf3.o)
 .ARM.attributes
                0x00000705       0x1d c:/program files (x86)/atollic/truestudio for arm lite 3.2.0/armtools/bin/../lib/gcc/arm-atollic-eabi/4.6.2/thumb/armv7-m\libgcc.a(_arm_muldivsf3.o)
 .ARM.attributes
                0x00000722       0x1d c:/program files (x86)/atollic/truestudio for arm lite 3.2.0/armtools/bin/../lib/gcc/arm-atollic-eabi/4.6.2/thumb/armv7-m\libgcc.a(_arm_cmpsf2.o)
 .ARM.attributes
                0x0000073f       0x1d c:/program files (x86)/atollic/truestudio for arm lite 3.2.0/armtools/bin/../lib/gcc/arm-atollic-eabi/4.6.2/thumb/armv7-m\libgcc.a(_arm_fixsfsi.o)
 .ARM.attributes
                0x0000075c       0x2d c:/program files (x86)/atollic/truestudio for arm lite 3.2.0/armtools/bin/../lib/gcc/arm-atollic-eabi/4.6.2/../../../../arm-atollic-eabi/lib/thumb/armv7-m\libc.a(lib_a-atof.o)
 .ARM.attributes
                0x00000789       0x2d c:/program files (x86)/atollic/truestudio for arm lite 3.2.0/armtools/bin/../lib/gcc/arm-atollic-eabi/4.6.2/../../../../arm-atollic-eabi/lib/thumb/armv7-m\libc.a(lib_a-init.o)
 .ARM.attributes
                0x000007b6       0x2d c:/program files (x86)/atollic/truestudio for arm lite 3.2.0/armtools/bin/../lib/gcc/arm-atollic-eabi/4.6.2/../../../../arm-atollic-eabi/lib/thumb/armv7-m\libc.a(lib_a-strchr.o)
 .ARM.attributes
                0x000007e3       0x2d c:/program files (x86)/atollic/truestudio for arm lite 3.2.0/armtools/bin/../lib/gcc/arm-atollic-eabi/4.6.2/../../../../arm-atollic-eabi/lib/thumb/armv7-m\libc.a(lib_a-strcpy.o)
 .ARM.attributes
                0x00000810       0x2d c:/program files (x86)/atollic/truestudio for arm lite 3.2.0/armtools/bin/../lib/gcc/arm-atollic-eabi/4.6.2/../../../../arm-atollic-eabi/lib/thumb/armv7-m\libc.a(lib_a-strlen.o)
 .ARM.attributes
                0x0000083d       0x2d c:/program files (x86)/atollic/truestudio for arm lite 3.2.0/armtools/bin/../lib/gcc/arm-atollic-eabi/4.6.2/../../../../arm-atollic-eabi/lib/thumb/armv7-m\libc.a(lib_a-strtod.o)
 .ARM.attributes
                0x0000086a       0x2d c:/program files (x86)/atollic/truestudio for arm lite 3.2.0/armtools/bin/../lib/gcc/arm-atollic-eabi/4.6.2/../../../../arm-atollic-eabi/lib/thumb/armv7-m\libc.a(lib_a-gdtoa-gethex.o)
 .ARM.attributes
                0x00000897       0x2d c:/program files (x86)/atollic/truestudio for arm lite 3.2.0/armtools/bin/../lib/gcc/arm-atollic-eabi/4.6.2/../../../../arm-atollic-eabi/lib/thumb/armv7-m\libc.a(lib_a-gdtoa-hexnan.o)
 .ARM.attributes
                0x000008c4       0x2d c:/program files (x86)/atollic/truestudio for arm lite 3.2.0/armtools/bin/../lib/gcc/arm-atollic-eabi/4.6.2/../../../../arm-atollic-eabi/lib/thumb/armv7-m\libc.a(lib_a-impure.o)
 .ARM.attributes
                0x000008f1       0x2d c:/program files (x86)/atollic/truestudio for arm lite 3.2.0/armtools/bin/../lib/gcc/arm-atollic-eabi/4.6.2/../../../../arm-atollic-eabi/lib/thumb/armv7-m\libc.a(lib_a-locale.o)
 .ARM.attributes
                0x0000091e       0x2d c:/program files (x86)/atollic/truestudio for arm lite 3.2.0/armtools/bin/../lib/gcc/arm-atollic-eabi/4.6.2/../../../../arm-atollic-eabi/lib/thumb/armv7-m\libc.a(lib_a-memcpy.o)
 .ARM.attributes
                0x0000094b       0x2d c:/program files (x86)/atollic/truestudio for arm lite 3.2.0/armtools/bin/../lib/gcc/arm-atollic-eabi/4.6.2/../../../../arm-atollic-eabi/lib/thumb/armv7-m\libc.a(lib_a-mprec.o)
 .ARM.attributes
                0x00000978       0x2d c:/program files (x86)/atollic/truestudio for arm lite 3.2.0/armtools/bin/../lib/gcc/arm-atollic-eabi/4.6.2/../../../../arm-atollic-eabi/lib/thumb/armv7-m\libc.a(lib_a-s_fpclassify.o)
 .ARM.attributes
                0x000009a5       0x2d c:/program files (x86)/atollic/truestudio for arm lite 3.2.0/armtools/bin/../lib/gcc/arm-atollic-eabi/4.6.2/../../../../arm-atollic-eabi/lib/thumb/armv7-m\libc.a(lib_a-sf_nan.o)
 .ARM.attributes
                0x000009d2       0x2d c:/program files (x86)/atollic/truestudio for arm lite 3.2.0/armtools/bin/../lib/gcc/arm-atollic-eabi/4.6.2/../../../../arm-atollic-eabi/lib/thumb/armv7-m\libc.a(lib_a-strcmp.o)
 .ARM.attributes
                0x000009ff       0x2d c:/program files (x86)/atollic/truestudio for arm lite 3.2.0/armtools/bin/../lib/gcc/arm-atollic-eabi/4.6.2/../../../../arm-atollic-eabi/lib/thumb/armv7-m\libc.a(lib_a-strncmp.o)
 .ARM.attributes
                0x00000a2c       0x2d c:/program files (x86)/atollic/truestudio for arm lite 3.2.0/armtools/bin/../lib/gcc/arm-atollic-eabi/4.6.2/../../../../arm-atollic-eabi/lib/thumb/armv7-m\libc.a(lib_a-callocr.o)
 .ARM.attributes
                0x00000a59       0x2d c:/program files (x86)/atollic/truestudio for arm lite 3.2.0/armtools/bin/../lib/gcc/arm-atollic-eabi/4.6.2/../../../../arm-atollic-eabi/lib/thumb/armv7-m\libc.a(lib_a-malloc.o)
 .ARM.attributes
                0x00000a86       0x2d c:/program files (x86)/atollic/truestudio for arm lite 3.2.0/armtools/bin/../lib/gcc/arm-atollic-eabi/4.6.2/../../../../arm-atollic-eabi/lib/thumb/armv7-m\libc.a(lib_a-mallocr.o)
 .ARM.attributes
                0x00000ab3       0x2d c:/program files (x86)/atollic/truestudio for arm lite 3.2.0/armtools/bin/../lib/gcc/arm-atollic-eabi/4.6.2/../../../../arm-atollic-eabi/lib/thumb/armv7-m\libc.a(lib_a-memset.o)
 .ARM.attributes
                0x00000ae0       0x2d c:/program files (x86)/atollic/truestudio for arm lite 3.2.0/armtools/bin/../lib/gcc/arm-atollic-eabi/4.6.2/../../../../arm-atollic-eabi/lib/thumb/armv7-m\libc.a(lib_a-mlock.o)
 .ARM.attributes
                0x00000b0d       0x2d c:/program files (x86)/atollic/truestudio for arm lite 3.2.0/armtools/bin/../lib/gcc/arm-atollic-eabi/4.6.2/../../../../arm-atollic-eabi/lib/thumb/armv7-m\libc.a(lib_a-sbrkr.o)
 .ARM.attributes
                0x00000b3a       0x2d c:/program files (x86)/atollic/truestudio for arm lite 3.2.0/armtools/bin/../lib/gcc/arm-atollic-eabi/4.6.2/../../../../arm-atollic-eabi/lib/thumb/armv7-m\libc.a(lib_a-syscalls.o)
 .ARM.attributes
                0x00000b67       0x2d c:/program files (x86)/atollic/truestudio for arm lite 3.2.0/armtools/bin/../lib/gcc/arm-atollic-eabi/4.6.2/../../../../arm-atollic-eabi/lib/thumb/armv7-m\libc.a(lib_a-freer.o)
 .ARM.attributes
                0x00000b94       0x2d c:/program files (x86)/atollic/truestudio for arm lite 3.2.0/armtools/bin/../lib/gcc/arm-atollic-eabi/4.6.2/../../../../arm-atollic-eabi/lib/thumb/armv7-m\libc.a(lib_a-reent.o)
 .ARM.attributes
                0x00000bc1       0x1d c:/program files (x86)/atollic/truestudio for arm lite 3.2.0/armtools/bin/../lib/gcc/arm-atollic-eabi/4.6.2/thumb/armv7-m\libgcc.a(_arm_addsubdf3.o)
 .ARM.attributes
                0x00000bde       0x1d c:/program files (x86)/atollic/truestudio for arm lite 3.2.0/armtools/bin/../lib/gcc/arm-atollic-eabi/4.6.2/thumb/armv7-m\libgcc.a(_arm_muldivdf3.o)
 .ARM.attributes
                0x00000bfb       0x1d c:/program files (x86)/atollic/truestudio for arm lite 3.2.0/armtools/bin/../lib/gcc/arm-atollic-eabi/4.6.2/thumb/armv7-m\libgcc.a(_arm_cmpdf2.o)
 .ARM.attributes
                0x00000c18       0x1d c:/program files (x86)/atollic/truestudio for arm lite 3.2.0/armtools/bin/../lib/gcc/arm-atollic-eabi/4.6.2/thumb/armv7-m\libgcc.a(_arm_fixdfsi.o)
 .ARM.attributes
                0x00000c35       0x1d c:/program files (x86)/atollic/truestudio for arm lite 3.2.0/armtools/bin/../lib/gcc/arm-atollic-eabi/4.6.2/thumb/armv7-m\libgcc.a(_arm_fixunsdfsi.o)
 .ARM.attributes
                0x00000c52       0x2d c:/program files (x86)/atollic/truestudio for arm lite 3.2.0/armtools/bin/../lib/gcc/arm-atollic-eabi/4.6.2/thumb/armv7-m/crtend.o
 .ARM.attributes
                0x00000c7f       0x1d c:/program files (x86)/atollic/truestudio for arm lite 3.2.0/armtools/bin/../lib/gcc/arm-atollic-eabi/4.6.2/thumb/armv7-m/crtn.o
OUTPUT(Termostat.elf elf32-littlearm)

.debug_info     0x00000000     0xc270
 .debug_info    0x00000000      0x55a src\system_stm32l1xx.o
 .debug_info    0x0000055a      0x14e src\stm32l1xx_it.o
 .debug_info    0x000006a8      0x345 src\main.o
 .debug_info    0x000009ed      0x368 src\Communication.o
 .debug_info    0x00000d55      0x762 mcu\src\usart.o
 .debug_info    0x000014b7      0x65c mcu\src\onewire.o
 .debug_info    0x00001b13       0xcd mcu\src\mcu.o
 .debug_info    0x00001be0       0xb5 mcu\src\ds2405.o
 .debug_info    0x00001c95      0x16a mcu\src\ds18b20.o
 .debug_info    0x00001dff      0x24c Libraries\STM32L1xx_StdPeriph_Driver\src\stm32l1xx_wwdg.o
 .debug_info    0x0000204b      0xa43 Libraries\STM32L1xx_StdPeriph_Driver\src\stm32l1xx_usart.o
 .debug_info    0x00002a8e     0x1b42 Libraries\STM32L1xx_StdPeriph_Driver\src\stm32l1xx_tim.o
 .debug_info    0x000045d0      0x3f3 Libraries\STM32L1xx_StdPeriph_Driver\src\stm32l1xx_syscfg.o
 .debug_info    0x000049c3      0x76c Libraries\STM32L1xx_StdPeriph_Driver\src\stm32l1xx_spi.o
 .debug_info    0x0000512f      0xefa Libraries\STM32L1xx_StdPeriph_Driver\src\stm32l1xx_rtc.o
 .debug_info    0x00006029      0xa74 Libraries\STM32L1xx_StdPeriph_Driver\src\stm32l1xx_rcc.o
 .debug_info    0x00006a9d      0x57b Libraries\STM32L1xx_StdPeriph_Driver\src\stm32l1xx_pwr.o
 .debug_info    0x00007018      0x4dd Libraries\STM32L1xx_StdPeriph_Driver\src\stm32l1xx_lcd.o
 .debug_info    0x000074f5      0x202 Libraries\STM32L1xx_StdPeriph_Driver\src\stm32l1xx_iwdg.o
 .debug_info    0x000076f7      0xb4a Libraries\STM32L1xx_StdPeriph_Driver\src\stm32l1xx_i2c.o
 .debug_info    0x00008241      0x628 Libraries\STM32L1xx_StdPeriph_Driver\src\stm32l1xx_gpio.o
 .debug_info    0x00008869      0x31f Libraries\STM32L1xx_StdPeriph_Driver\src\stm32l1xx_flash_ramfunc.o
 .debug_info    0x00008b88      0x9cd Libraries\STM32L1xx_StdPeriph_Driver\src\stm32l1xx_flash.o
 .debug_info    0x00009555      0x366 Libraries\STM32L1xx_StdPeriph_Driver\src\stm32l1xx_exti.o
 .debug_info    0x000098bb      0x4a1 Libraries\STM32L1xx_StdPeriph_Driver\src\stm32l1xx_dma.o
 .debug_info    0x00009d5c      0x1e6 Libraries\STM32L1xx_StdPeriph_Driver\src\stm32l1xx_dbgmcu.o
 .debug_info    0x00009f42      0x677 Libraries\STM32L1xx_StdPeriph_Driver\src\stm32l1xx_dac.o
 .debug_info    0x0000a5b9      0x204 Libraries\STM32L1xx_StdPeriph_Driver\src\stm32l1xx_crc.o
 .debug_info    0x0000a7bd      0x24b Libraries\STM32L1xx_StdPeriph_Driver\src\stm32l1xx_comp.o
 .debug_info    0x0000aa08      0xd12 Libraries\STM32L1xx_StdPeriph_Driver\src\stm32l1xx_adc.o
 .debug_info    0x0000b71a      0x548 Libraries\STM32L1xx_StdPeriph_Driver\src\misc.o
 .debug_info    0x0000bc62       0xc2 Libraries\CMSIS\CM3\DeviceSupport\ST\STM32L1xx\startup\TrueSTUDIO\startup_stm32l1xx_md.o
 .debug_info    0x0000bd24      0x54c Libraries\CMSIS\CM3\CoreSupport\core_cm3.o

.debug_abbrev   0x00000000     0x2789
 .debug_abbrev  0x00000000      0x17c src\system_stm32l1xx.o
 .debug_abbrev  0x0000017c       0x59 src\stm32l1xx_it.o
 .debug_abbrev  0x000001d5      0x16d src\main.o
 .debug_abbrev  0x00000342      0x107 src\Communication.o
 .debug_abbrev  0x00000449      0x183 mcu\src\usart.o
 .debug_abbrev  0x000005cc      0x1ec mcu\src\onewire.o
 .debug_abbrev  0x000007b8       0x7f mcu\src\mcu.o
 .debug_abbrev  0x00000837       0x68 mcu\src\ds2405.o
 .debug_abbrev  0x0000089f       0xb7 mcu\src\ds18b20.o
 .debug_abbrev  0x00000956      0x120 Libraries\STM32L1xx_StdPeriph_Driver\src\stm32l1xx_wwdg.o
 .debug_abbrev  0x00000a76      0x150 Libraries\STM32L1xx_StdPeriph_Driver\src\stm32l1xx_usart.o
 .debug_abbrev  0x00000bc6      0x174 Libraries\STM32L1xx_StdPeriph_Driver\src\stm32l1xx_tim.o
 .debug_abbrev  0x00000d3a      0x13f Libraries\STM32L1xx_StdPeriph_Driver\src\stm32l1xx_syscfg.o
 .debug_abbrev  0x00000e79      0x150 Libraries\STM32L1xx_StdPeriph_Driver\src\stm32l1xx_spi.o
 .debug_abbrev  0x00000fc9      0x16d Libraries\STM32L1xx_StdPeriph_Driver\src\stm32l1xx_rtc.o
 .debug_abbrev  0x00001136      0x1b9 Libraries\STM32L1xx_StdPeriph_Driver\src\stm32l1xx_rcc.o
 .debug_abbrev  0x000012ef      0x1b9 Libraries\STM32L1xx_StdPeriph_Driver\src\stm32l1xx_pwr.o
 .debug_abbrev  0x000014a8      0x17d Libraries\STM32L1xx_StdPeriph_Driver\src\stm32l1xx_lcd.o
 .debug_abbrev  0x00001625       0xfc Libraries\STM32L1xx_StdPeriph_Driver\src\stm32l1xx_iwdg.o
 .debug_abbrev  0x00001721      0x15f Libraries\STM32L1xx_StdPeriph_Driver\src\stm32l1xx_i2c.o
 .debug_abbrev  0x00001880      0x177 Libraries\STM32L1xx_StdPeriph_Driver\src\stm32l1xx_gpio.o
 .debug_abbrev  0x000019f7      0x12d Libraries\STM32L1xx_StdPeriph_Driver\src\stm32l1xx_flash_ramfunc.o
 .debug_abbrev  0x00001b24      0x166 Libraries\STM32L1xx_StdPeriph_Driver\src\stm32l1xx_flash.o
 .debug_abbrev  0x00001c8a      0x18d Libraries\STM32L1xx_StdPeriph_Driver\src\stm32l1xx_exti.o
 .debug_abbrev  0x00001e17      0x150 Libraries\STM32L1xx_StdPeriph_Driver\src\stm32l1xx_dma.o
 .debug_abbrev  0x00001f67       0xdc Libraries\STM32L1xx_StdPeriph_Driver\src\stm32l1xx_dbgmcu.o
 .debug_abbrev  0x00002043      0x174 Libraries\STM32L1xx_StdPeriph_Driver\src\stm32l1xx_dac.o
 .debug_abbrev  0x000021b7      0x10c Libraries\STM32L1xx_StdPeriph_Driver\src\stm32l1xx_crc.o
 .debug_abbrev  0x000022c3      0x147 Libraries\STM32L1xx_StdPeriph_Driver\src\stm32l1xx_comp.o
 .debug_abbrev  0x0000240a      0x15f Libraries\STM32L1xx_StdPeriph_Driver\src\stm32l1xx_adc.o
 .debug_abbrev  0x00002569      0x137 Libraries\STM32L1xx_StdPeriph_Driver\src\misc.o
 .debug_abbrev  0x000026a0       0x12 Libraries\CMSIS\CM3\DeviceSupport\ST\STM32L1xx\startup\TrueSTUDIO\startup_stm32l1xx_md.o
 .debug_abbrev  0x000026b2       0xd7 Libraries\CMSIS\CM3\CoreSupport\core_cm3.o

.debug_loc      0x00000000     0x6d94
 .debug_loc     0x00000000       0x9c src\system_stm32l1xx.o
 .debug_loc     0x0000009c      0x18c src\stm32l1xx_it.o
 .debug_loc     0x00000228       0x70 src\main.o
 .debug_loc     0x00000298      0x148 src\Communication.o
 .debug_loc     0x000003e0      0x150 mcu\src\usart.o
 .debug_loc     0x00000530      0x224 mcu\src\onewire.o
 .debug_loc     0x00000754       0x64 mcu\src\mcu.o
 .debug_loc     0x000007b8       0x2c mcu\src\ds2405.o
 .debug_loc     0x000007e4       0xe0 mcu\src\ds18b20.o
 .debug_loc     0x000008c4      0x19c Libraries\STM32L1xx_StdPeriph_Driver\src\stm32l1xx_wwdg.o
 .debug_loc     0x00000a60      0x658 Libraries\STM32L1xx_StdPeriph_Driver\src\stm32l1xx_usart.o
 .debug_loc     0x000010b8     0x1260 Libraries\STM32L1xx_StdPeriph_Driver\src\stm32l1xx_tim.o
 .debug_loc     0x00002318      0x250 Libraries\STM32L1xx_StdPeriph_Driver\src\stm32l1xx_syscfg.o
 .debug_loc     0x00002568      0x460 Libraries\STM32L1xx_StdPeriph_Driver\src\stm32l1xx_spi.o
 .debug_loc     0x000029c8      0x90c Libraries\STM32L1xx_StdPeriph_Driver\src\stm32l1xx_rtc.o
 .debug_loc     0x000032d4      0x7f4 Libraries\STM32L1xx_StdPeriph_Driver\src\stm32l1xx_rcc.o
 .debug_loc     0x00003ac8      0x350 Libraries\STM32L1xx_StdPeriph_Driver\src\stm32l1xx_pwr.o
 .debug_loc     0x00003e18      0x3cc Libraries\STM32L1xx_StdPeriph_Driver\src\stm32l1xx_lcd.o
 .debug_loc     0x000041e4      0x138 Libraries\STM32L1xx_StdPeriph_Driver\src\stm32l1xx_iwdg.o
 .debug_loc     0x0000431c      0x700 Libraries\STM32L1xx_StdPeriph_Driver\src\stm32l1xx_i2c.o
 .debug_loc     0x00004a1c      0x2d8 Libraries\STM32L1xx_StdPeriph_Driver\src\stm32l1xx_gpio.o
 .debug_loc     0x00004cf4      0x150 Libraries\STM32L1xx_StdPeriph_Driver\src\stm32l1xx_flash_ramfunc.o
 .debug_loc     0x00004e44      0x6f8 Libraries\STM32L1xx_StdPeriph_Driver\src\stm32l1xx_flash.o
 .debug_loc     0x0000553c      0x1b4 Libraries\STM32L1xx_StdPeriph_Driver\src\stm32l1xx_exti.o
 .debug_loc     0x000056f0      0x268 Libraries\STM32L1xx_StdPeriph_Driver\src\stm32l1xx_dma.o
 .debug_loc     0x00005958      0x100 Libraries\STM32L1xx_StdPeriph_Driver\src\stm32l1xx_dbgmcu.o
 .debug_loc     0x00005a58      0x3ac Libraries\STM32L1xx_StdPeriph_Driver\src\stm32l1xx_dac.o
 .debug_loc     0x00005e04      0x12c Libraries\STM32L1xx_StdPeriph_Driver\src\stm32l1xx_crc.o
 .debug_loc     0x00005f30      0x144 Libraries\STM32L1xx_StdPeriph_Driver\src\stm32l1xx_comp.o
 .debug_loc     0x00006074      0x818 Libraries\STM32L1xx_StdPeriph_Driver\src\stm32l1xx_adc.o
 .debug_loc     0x0000688c      0x118 Libraries\STM32L1xx_StdPeriph_Driver\src\misc.o
 .debug_loc     0x000069a4      0x3f0 Libraries\CMSIS\CM3\CoreSupport\core_cm3.o

.debug_aranges  0x00000000     0x1348
 .debug_aranges
                0x00000000       0x30 src\system_stm32l1xx.o
 .debug_aranges
                0x00000030       0x60 src\stm32l1xx_it.o
 .debug_aranges
                0x00000090       0x28 src\main.o
 .debug_aranges
                0x000000b8       0x48 src\Communication.o
 .debug_aranges
                0x00000100       0x48 mcu\src\usart.o
 .debug_aranges
                0x00000148       0x68 mcu\src\onewire.o
 .debug_aranges
                0x000001b0       0x28 mcu\src\mcu.o
 .debug_aranges
                0x000001d8       0x20 mcu\src\ds2405.o
 .debug_aranges
                0x000001f8       0x38 mcu\src\ds18b20.o
 .debug_aranges
                0x00000230       0x58 Libraries\STM32L1xx_StdPeriph_Driver\src\stm32l1xx_wwdg.o
 .debug_aranges
                0x00000288      0x100 Libraries\STM32L1xx_StdPeriph_Driver\src\stm32l1xx_usart.o
 .debug_aranges
                0x00000388      0x2b8 Libraries\STM32L1xx_StdPeriph_Driver\src\stm32l1xx_tim.o
 .debug_aranges
                0x00000640       0x70 Libraries\STM32L1xx_StdPeriph_Driver\src\stm32l1xx_syscfg.o
 .debug_aranges
                0x000006b0       0xb8 Libraries\STM32L1xx_StdPeriph_Driver\src\stm32l1xx_spi.o
 .debug_aranges
                0x00000768      0x168 Libraries\STM32L1xx_StdPeriph_Driver\src\stm32l1xx_rtc.o
 .debug_aranges
                0x000008d0      0x140 Libraries\STM32L1xx_StdPeriph_Driver\src\stm32l1xx_rcc.o
 .debug_aranges
                0x00000a10       0x98 Libraries\STM32L1xx_StdPeriph_Driver\src\stm32l1xx_pwr.o
 .debug_aranges
                0x00000aa8       0xa8 Libraries\STM32L1xx_StdPeriph_Driver\src\stm32l1xx_lcd.o
 .debug_aranges
                0x00000b50       0x48 Libraries\STM32L1xx_StdPeriph_Driver\src\stm32l1xx_iwdg.o
 .debug_aranges
                0x00000b98      0x118 Libraries\STM32L1xx_StdPeriph_Driver\src\stm32l1xx_i2c.o
 .debug_aranges
                0x00000cb0       0x80 Libraries\STM32L1xx_StdPeriph_Driver\src\stm32l1xx_gpio.o
 .debug_aranges
                0x00000d30       0x48 Libraries\STM32L1xx_StdPeriph_Driver\src\stm32l1xx_flash_ramfunc.o
 .debug_aranges
                0x00000d78      0x128 Libraries\STM32L1xx_StdPeriph_Driver\src\stm32l1xx_flash.o
 .debug_aranges
                0x00000ea0       0x58 Libraries\STM32L1xx_StdPeriph_Driver\src\stm32l1xx_exti.o
 .debug_aranges
                0x00000ef8       0x70 Libraries\STM32L1xx_StdPeriph_Driver\src\stm32l1xx_dma.o
 .debug_aranges
                0x00000f68       0x40 Libraries\STM32L1xx_StdPeriph_Driver\src\stm32l1xx_dbgmcu.o
 .debug_aranges
                0x00000fa8       0xa0 Libraries\STM32L1xx_StdPeriph_Driver\src\stm32l1xx_dac.o
 .debug_aranges
                0x00001048       0x48 Libraries\STM32L1xx_StdPeriph_Driver\src\stm32l1xx_crc.o
 .debug_aranges
                0x00001090       0x48 Libraries\STM32L1xx_StdPeriph_Driver\src\stm32l1xx_comp.o
 .debug_aranges
                0x000010d8      0x140 Libraries\STM32L1xx_StdPeriph_Driver\src\stm32l1xx_adc.o
 .debug_aranges
                0x00001218       0x40 Libraries\STM32L1xx_StdPeriph_Driver\src\misc.o
 .debug_aranges
                0x00001258       0x28 Libraries\CMSIS\CM3\DeviceSupport\ST\STM32L1xx\startup\TrueSTUDIO\startup_stm32l1xx_md.o
 .debug_aranges
                0x00001280       0xc8 Libraries\CMSIS\CM3\CoreSupport\core_cm3.o

.debug_ranges   0x00000000     0x1140
 .debug_ranges  0x00000000       0x20 src\system_stm32l1xx.o
 .debug_ranges  0x00000020       0x50 src\stm32l1xx_it.o
 .debug_ranges  0x00000070       0x18 src\main.o
 .debug_ranges  0x00000088       0x38 src\Communication.o
 .debug_ranges  0x000000c0       0x38 mcu\src\usart.o
 .debug_ranges  0x000000f8       0x58 mcu\src\onewire.o
 .debug_ranges  0x00000150       0x18 mcu\src\mcu.o
 .debug_ranges  0x00000168       0x10 mcu\src\ds2405.o
 .debug_ranges  0x00000178       0x28 mcu\src\ds18b20.o
 .debug_ranges  0x000001a0       0x48 Libraries\STM32L1xx_StdPeriph_Driver\src\stm32l1xx_wwdg.o
 .debug_ranges  0x000001e8       0xf0 Libraries\STM32L1xx_StdPeriph_Driver\src\stm32l1xx_usart.o
 .debug_ranges  0x000002d8      0x2a8 Libraries\STM32L1xx_StdPeriph_Driver\src\stm32l1xx_tim.o
 .debug_ranges  0x00000580       0x60 Libraries\STM32L1xx_StdPeriph_Driver\src\stm32l1xx_syscfg.o
 .debug_ranges  0x000005e0       0xa8 Libraries\STM32L1xx_StdPeriph_Driver\src\stm32l1xx_spi.o
 .debug_ranges  0x00000688      0x158 Libraries\STM32L1xx_StdPeriph_Driver\src\stm32l1xx_rtc.o
 .debug_ranges  0x000007e0      0x130 Libraries\STM32L1xx_StdPeriph_Driver\src\stm32l1xx_rcc.o
 .debug_ranges  0x00000910       0x88 Libraries\STM32L1xx_StdPeriph_Driver\src\stm32l1xx_pwr.o
 .debug_ranges  0x00000998       0x98 Libraries\STM32L1xx_StdPeriph_Driver\src\stm32l1xx_lcd.o
 .debug_ranges  0x00000a30       0x38 Libraries\STM32L1xx_StdPeriph_Driver\src\stm32l1xx_iwdg.o
 .debug_ranges  0x00000a68      0x108 Libraries\STM32L1xx_StdPeriph_Driver\src\stm32l1xx_i2c.o
 .debug_ranges  0x00000b70       0x70 Libraries\STM32L1xx_StdPeriph_Driver\src\stm32l1xx_gpio.o
 .debug_ranges  0x00000be0       0x38 Libraries\STM32L1xx_StdPeriph_Driver\src\stm32l1xx_flash_ramfunc.o
 .debug_ranges  0x00000c18      0x118 Libraries\STM32L1xx_StdPeriph_Driver\src\stm32l1xx_flash.o
 .debug_ranges  0x00000d30       0x48 Libraries\STM32L1xx_StdPeriph_Driver\src\stm32l1xx_exti.o
 .debug_ranges  0x00000d78       0x60 Libraries\STM32L1xx_StdPeriph_Driver\src\stm32l1xx_dma.o
 .debug_ranges  0x00000dd8       0x30 Libraries\STM32L1xx_StdPeriph_Driver\src\stm32l1xx_dbgmcu.o
 .debug_ranges  0x00000e08       0x90 Libraries\STM32L1xx_StdPeriph_Driver\src\stm32l1xx_dac.o
 .debug_ranges  0x00000e98       0x38 Libraries\STM32L1xx_StdPeriph_Driver\src\stm32l1xx_crc.o
 .debug_ranges  0x00000ed0       0x38 Libraries\STM32L1xx_StdPeriph_Driver\src\stm32l1xx_comp.o
 .debug_ranges  0x00000f08      0x130 Libraries\STM32L1xx_StdPeriph_Driver\src\stm32l1xx_adc.o
 .debug_ranges  0x00001038       0x30 Libraries\STM32L1xx_StdPeriph_Driver\src\misc.o
 .debug_ranges  0x00001068       0x20 Libraries\CMSIS\CM3\DeviceSupport\ST\STM32L1xx\startup\TrueSTUDIO\startup_stm32l1xx_md.o
 .debug_ranges  0x00001088       0xb8 Libraries\CMSIS\CM3\CoreSupport\core_cm3.o

.debug_line     0x00000000     0x5e2e
 .debug_line    0x00000000      0x1ec src\system_stm32l1xx.o
 .debug_line    0x000001ec      0x10e src\stm32l1xx_it.o
 .debug_line    0x000002fa      0x1a4 src\main.o
 .debug_line    0x0000049e      0x211 src\Communication.o
 .debug_line    0x000006af      0x251 mcu\src\usart.o
 .debug_line    0x00000900      0x320 mcu\src\onewire.o
 .debug_line    0x00000c20       0x8e mcu\src\mcu.o
 .debug_line    0x00000cae      0x11c mcu\src\ds2405.o
 .debug_line    0x00000dca      0x150 mcu\src\ds18b20.o
 .debug_line    0x00000f1a      0x207 Libraries\STM32L1xx_StdPeriph_Driver\src\stm32l1xx_wwdg.o
 .debug_line    0x00001121      0x449 Libraries\STM32L1xx_StdPeriph_Driver\src\stm32l1xx_usart.o
 .debug_line    0x0000156a      0x912 Libraries\STM32L1xx_StdPeriph_Driver\src\stm32l1xx_tim.o
 .debug_line    0x00001e7c      0x276 Libraries\STM32L1xx_StdPeriph_Driver\src\stm32l1xx_syscfg.o
 .debug_line    0x000020f2      0x360 Libraries\STM32L1xx_StdPeriph_Driver\src\stm32l1xx_spi.o
 .debug_line    0x00002452      0x670 Libraries\STM32L1xx_StdPeriph_Driver\src\stm32l1xx_rtc.o
 .debug_line    0x00002ac2      0x4c8 Libraries\STM32L1xx_StdPeriph_Driver\src\stm32l1xx_rcc.o
 .debug_line    0x00002f8a      0x2cc Libraries\STM32L1xx_StdPeriph_Driver\src\stm32l1xx_pwr.o
 .debug_line    0x00003256      0x319 Libraries\STM32L1xx_StdPeriph_Driver\src\stm32l1xx_lcd.o
 .debug_line    0x0000356f      0x1dc Libraries\STM32L1xx_StdPeriph_Driver\src\stm32l1xx_iwdg.o
 .debug_line    0x0000374b      0x483 Libraries\STM32L1xx_StdPeriph_Driver\src\stm32l1xx_i2c.o
 .debug_line    0x00003bce      0x2e4 Libraries\STM32L1xx_StdPeriph_Driver\src\stm32l1xx_gpio.o
 .debug_line    0x00003eb2      0x229 Libraries\STM32L1xx_StdPeriph_Driver\src\stm32l1xx_flash_ramfunc.o
 .debug_line    0x000040db      0x4d2 Libraries\STM32L1xx_StdPeriph_Driver\src\stm32l1xx_flash.o
 .debug_line    0x000045ad      0x264 Libraries\STM32L1xx_StdPeriph_Driver\src\stm32l1xx_exti.o
 .debug_line    0x00004811      0x2b5 Libraries\STM32L1xx_StdPeriph_Driver\src\stm32l1xx_dma.o
 .debug_line    0x00004ac6      0x1cc Libraries\STM32L1xx_StdPeriph_Driver\src\stm32l1xx_dbgmcu.o
 .debug_line    0x00004c92      0x321 Libraries\STM32L1xx_StdPeriph_Driver\src\stm32l1xx_dac.o
 .debug_line    0x00004fb3      0x1e9 Libraries\STM32L1xx_StdPeriph_Driver\src\stm32l1xx_crc.o
 .debug_line    0x0000519c      0x22c Libraries\STM32L1xx_StdPeriph_Driver\src\stm32l1xx_comp.o
 .debug_line    0x000053c8      0x516 Libraries\STM32L1xx_StdPeriph_Driver\src\stm32l1xx_adc.o
 .debug_line    0x000058de      0x204 Libraries\STM32L1xx_StdPeriph_Driver\src\misc.o
 .debug_line    0x00005ae2       0xb1 Libraries\CMSIS\CM3\DeviceSupport\ST\STM32L1xx\startup\TrueSTUDIO\startup_stm32l1xx_md.o
 .debug_line    0x00005b93      0x29b Libraries\CMSIS\CM3\CoreSupport\core_cm3.o

.debug_str      0x00000000     0x4b84
 .debug_str     0x00000000      0x294 src\system_stm32l1xx.o
                                0x2dc (size before relaxing)
 .debug_str     0x00000294       0xa6 src\stm32l1xx_it.o
                                0x1c2 (size before relaxing)
 .debug_str     0x0000033a       0xf9 src\main.o
                                0x23a (size before relaxing)
 .debug_str     0x00000433       0xc9 src\Communication.o
                                0x233 (size before relaxing)
 .debug_str     0x000004fc      0x5fd mcu\src\usart.o
                                0x79a (size before relaxing)
 .debug_str     0x00000af9      0x147 mcu\src\onewire.o
                                0x493 (size before relaxing)
 .debug_str     0x00000c40       0x22 mcu\src\mcu.o
                                0x13e (size before relaxing)
 .debug_str     0x00000c62       0x26 mcu\src\ds2405.o
                                0x14a (size before relaxing)
 .debug_str     0x00000c88       0x63 mcu\src\ds18b20.o
                                0x19e (size before relaxing)
 .debug_str     0x00000ceb       0xe8 Libraries\STM32L1xx_StdPeriph_Driver\src\stm32l1xx_wwdg.o
                                0x249 (size before relaxing)
 .debug_str     0x00000dd3      0x3ff Libraries\STM32L1xx_StdPeriph_Driver\src\stm32l1xx_usart.o
                                0x656 (size before relaxing)
 .debug_str     0x000011d2      0xa44 Libraries\STM32L1xx_StdPeriph_Driver\src\stm32l1xx_tim.o
                                0xc57 (size before relaxing)
 .debug_str     0x00001c16      0x22a Libraries\STM32L1xx_StdPeriph_Driver\src\stm32l1xx_syscfg.o
                                0x38f (size before relaxing)
 .debug_str     0x00001e40      0x2b2 Libraries\STM32L1xx_StdPeriph_Driver\src\stm32l1xx_spi.o
                                0x493 (size before relaxing)
 .debug_str     0x000020f2      0x6bc Libraries\STM32L1xx_StdPeriph_Driver\src\stm32l1xx_rtc.o
                                0x8a1 (size before relaxing)
 .debug_str     0x000027ae      0x3f3 Libraries\STM32L1xx_StdPeriph_Driver\src\stm32l1xx_rcc.o
                                0x6b8 (size before relaxing)
 .debug_str     0x00002ba1      0x1a8 Libraries\STM32L1xx_StdPeriph_Driver\src\stm32l1xx_pwr.o
                                0x382 (size before relaxing)
 .debug_str     0x00002d49      0x24d Libraries\STM32L1xx_StdPeriph_Driver\src\stm32l1xx_lcd.o
                                0x3c7 (size before relaxing)
 .debug_str     0x00002f96       0xdb Libraries\STM32L1xx_StdPeriph_Driver\src\stm32l1xx_iwdg.o
                                0x233 (size before relaxing)
 .debug_str     0x00003071      0x38d Libraries\STM32L1xx_StdPeriph_Driver\src\stm32l1xx_i2c.o
                                0x604 (size before relaxing)
 .debug_str     0x000033fe      0x17b Libraries\STM32L1xx_StdPeriph_Driver\src\stm32l1xx_gpio.o
                                0x478 (size before relaxing)
 .debug_str     0x00003579      0x127 Libraries\STM32L1xx_StdPeriph_Driver\src\stm32l1xx_flash_ramfunc.o
                                0x2e6 (size before relaxing)
 .debug_str     0x000036a0      0x392 Libraries\STM32L1xx_StdPeriph_Driver\src\stm32l1xx_flash.o
                                0x5ce (size before relaxing)
 .debug_str     0x00003a32      0x1c0 Libraries\STM32L1xx_StdPeriph_Driver\src\stm32l1xx_exti.o
                                0x335 (size before relaxing)
 .debug_str     0x00003bf2      0x20e Libraries\STM32L1xx_StdPeriph_Driver\src\stm32l1xx_dma.o
                                0x38f (size before relaxing)
 .debug_str     0x00003e00       0xcf Libraries\STM32L1xx_StdPeriph_Driver\src\stm32l1xx_dbgmcu.o
                                0x21c (size before relaxing)
 .debug_str     0x00003ecf      0x281 Libraries\STM32L1xx_StdPeriph_Driver\src\stm32l1xx_dac.o
                                0x41a (size before relaxing)
 .debug_str     0x00004150       0xbb Libraries\STM32L1xx_StdPeriph_Driver\src\stm32l1xx_crc.o
                                0x212 (size before relaxing)
 .debug_str     0x0000420b       0xfe Libraries\STM32L1xx_StdPeriph_Driver\src\stm32l1xx_comp.o
                                0x26d (size before relaxing)
 .debug_str     0x00004309      0x5d9 Libraries\STM32L1xx_StdPeriph_Driver\src\stm32l1xx_adc.o
                                0x79b (size before relaxing)
 .debug_str     0x000048e2      0x14d Libraries\STM32L1xx_StdPeriph_Driver\src\misc.o
                                0x39a (size before relaxing)
 .debug_str     0x00004a2f      0x155 Libraries\CMSIS\CM3\CoreSupport\core_cm3.o
                                0x2a0 (size before relaxing)

.comment        0x00000000       0x8a
 .comment       0x00000000       0x8a src\system_stm32l1xx.o
                                 0x8b (size before relaxing)
 .comment       0x00000000       0x8b src\stm32l1xx_it.o
 .comment       0x00000000       0x8b src\main.o
 .comment       0x00000000       0x8b src\Communication.o
 .comment       0x00000000       0x8b mcu\src\usart.o
 .comment       0x00000000       0x8b mcu\src\onewire.o
 .comment       0x00000000       0x8b mcu\src\mcu.o
 .comment       0x00000000       0x8b mcu\src\ds2405.o
 .comment       0x00000000       0x8b mcu\src\ds18b20.o
 .comment       0x00000000       0x8b Libraries\STM32L1xx_StdPeriph_Driver\src\stm32l1xx_wwdg.o
 .comment       0x00000000       0x8b Libraries\STM32L1xx_StdPeriph_Driver\src\stm32l1xx_usart.o
 .comment       0x00000000       0x8b Libraries\STM32L1xx_StdPeriph_Driver\src\stm32l1xx_tim.o
 .comment       0x00000000       0x8b Libraries\STM32L1xx_StdPeriph_Driver\src\stm32l1xx_syscfg.o
 .comment       0x00000000       0x8b Libraries\STM32L1xx_StdPeriph_Driver\src\stm32l1xx_spi.o
 .comment       0x00000000       0x8b Libraries\STM32L1xx_StdPeriph_Driver\src\stm32l1xx_rtc.o
 .comment       0x00000000       0x8b Libraries\STM32L1xx_StdPeriph_Driver\src\stm32l1xx_rcc.o
 .comment       0x00000000       0x8b Libraries\STM32L1xx_StdPeriph_Driver\src\stm32l1xx_pwr.o
 .comment       0x00000000       0x8b Libraries\STM32L1xx_StdPeriph_Driver\src\stm32l1xx_lcd.o
 .comment       0x00000000       0x8b Libraries\STM32L1xx_StdPeriph_Driver\src\stm32l1xx_iwdg.o
 .comment       0x00000000       0x8b Libraries\STM32L1xx_StdPeriph_Driver\src\stm32l1xx_i2c.o
 .comment       0x00000000       0x8b Libraries\STM32L1xx_StdPeriph_Driver\src\stm32l1xx_gpio.o
 .comment       0x00000000       0x8b Libraries\STM32L1xx_StdPeriph_Driver\src\stm32l1xx_flash_ramfunc.o
 .comment       0x00000000       0x8b Libraries\STM32L1xx_StdPeriph_Driver\src\stm32l1xx_flash.o
 .comment       0x00000000       0x8b Libraries\STM32L1xx_StdPeriph_Driver\src\stm32l1xx_exti.o
 .comment       0x00000000       0x8b Libraries\STM32L1xx_StdPeriph_Driver\src\stm32l1xx_dma.o
 .comment       0x00000000       0x8b Libraries\STM32L1xx_StdPeriph_Driver\src\stm32l1xx_dbgmcu.o
 .comment       0x00000000       0x8b Libraries\STM32L1xx_StdPeriph_Driver\src\stm32l1xx_dac.o
 .comment       0x00000000       0x8b Libraries\STM32L1xx_StdPeriph_Driver\src\stm32l1xx_crc.o
 .comment       0x00000000       0x8b Libraries\STM32L1xx_StdPeriph_Driver\src\stm32l1xx_comp.o
 .comment       0x00000000       0x8b Libraries\STM32L1xx_StdPeriph_Driver\src\stm32l1xx_adc.o
 .comment       0x00000000       0x8b Libraries\STM32L1xx_StdPeriph_Driver\src\misc.o
 .comment       0x00000000       0x8b Libraries\CMSIS\CM3\CoreSupport\core_cm3.o

.debug_frame    0x00000000     0x43a4
 .debug_frame   0x00000000       0x64 src\system_stm32l1xx.o
 .debug_frame   0x00000064       0xe8 src\stm32l1xx_it.o
 .debug_frame   0x0000014c       0x50 src\main.o
 .debug_frame   0x0000019c       0xc8 src\Communication.o
 .debug_frame   0x00000264       0xcc mcu\src\usart.o
 .debug_frame   0x00000330      0x148 mcu\src\onewire.o
 .debug_frame   0x00000478       0x44 mcu\src\mcu.o
 .debug_frame   0x000004bc       0x2c mcu\src\ds2405.o
 .debug_frame   0x000004e8       0x90 mcu\src\ds18b20.o
 .debug_frame   0x00000578       0xe8 Libraries\STM32L1xx_StdPeriph_Driver\src\stm32l1xx_wwdg.o
 .debug_frame   0x00000660      0x344 Libraries\STM32L1xx_StdPeriph_Driver\src\stm32l1xx_usart.o
 .debug_frame   0x000009a4      0x95c Libraries\STM32L1xx_StdPeriph_Driver\src\stm32l1xx_tim.o
 .debug_frame   0x00001300      0x144 Libraries\STM32L1xx_StdPeriph_Driver\src\stm32l1xx_syscfg.o
 .debug_frame   0x00001444      0x244 Libraries\STM32L1xx_StdPeriph_Driver\src\stm32l1xx_spi.o
 .debug_frame   0x00001688      0x4cc Libraries\STM32L1xx_StdPeriph_Driver\src\stm32l1xx_rtc.o
 .debug_frame   0x00001b54      0x414 Libraries\STM32L1xx_StdPeriph_Driver\src\stm32l1xx_rcc.o
 .debug_frame   0x00001f68      0x1d0 Libraries\STM32L1xx_StdPeriph_Driver\src\stm32l1xx_pwr.o
 .debug_frame   0x00002138      0x204 Libraries\STM32L1xx_StdPeriph_Driver\src\stm32l1xx_lcd.o
 .debug_frame   0x0000233c       0xb0 Libraries\STM32L1xx_StdPeriph_Driver\src\stm32l1xx_iwdg.o
 .debug_frame   0x000023ec      0x398 Libraries\STM32L1xx_StdPeriph_Driver\src\stm32l1xx_i2c.o
 .debug_frame   0x00002784      0x180 Libraries\STM32L1xx_StdPeriph_Driver\src\stm32l1xx_gpio.o
 .debug_frame   0x00002904       0xcc Libraries\STM32L1xx_StdPeriph_Driver\src\stm32l1xx_flash_ramfunc.o
 .debug_frame   0x000029d0      0x3e0 Libraries\STM32L1xx_StdPeriph_Driver\src\stm32l1xx_flash.o
 .debug_frame   0x00002db0       0xec Libraries\STM32L1xx_StdPeriph_Driver\src\stm32l1xx_exti.o
 .debug_frame   0x00002e9c      0x144 Libraries\STM32L1xx_StdPeriph_Driver\src\stm32l1xx_dma.o
 .debug_frame   0x00002fe0       0x94 Libraries\STM32L1xx_StdPeriph_Driver\src\stm32l1xx_dbgmcu.o
 .debug_frame   0x00003074      0x1ec Libraries\STM32L1xx_StdPeriph_Driver\src\stm32l1xx_dac.o
 .debug_frame   0x00003260       0xac Libraries\STM32L1xx_StdPeriph_Driver\src\stm32l1xx_crc.o
 .debug_frame   0x0000330c       0xb4 Libraries\STM32L1xx_StdPeriph_Driver\src\stm32l1xx_comp.o
 .debug_frame   0x000033c0      0x420 Libraries\STM32L1xx_StdPeriph_Driver\src\stm32l1xx_adc.o
 .debug_frame   0x000037e0       0x9c Libraries\STM32L1xx_StdPeriph_Driver\src\misc.o
 .debug_frame   0x0000387c      0x280 Libraries\CMSIS\CM3\CoreSupport\core_cm3.o
 .debug_frame   0x00003afc       0x20 c:/program files (x86)/atollic/truestudio for arm lite 3.2.0/armtools/bin/../lib/gcc/arm-atollic-eabi/4.6.2/../../../../arm-atollic-eabi/lib/thumb/armv7-m\libc.a(lib_a-atof.o)
 .debug_frame   0x00003b1c       0x2c c:/program files (x86)/atollic/truestudio for arm lite 3.2.0/armtools/bin/../lib/gcc/arm-atollic-eabi/4.6.2/../../../../arm-atollic-eabi/lib/thumb/armv7-m\libc.a(lib_a-init.o)
 .debug_frame   0x00003b48       0x20 c:/program files (x86)/atollic/truestudio for arm lite 3.2.0/armtools/bin/../lib/gcc/arm-atollic-eabi/4.6.2/../../../../arm-atollic-eabi/lib/thumb/armv7-m\libc.a(lib_a-strchr.o)
 .debug_frame   0x00003b68       0x20 c:/program files (x86)/atollic/truestudio for arm lite 3.2.0/armtools/bin/../lib/gcc/arm-atollic-eabi/4.6.2/../../../../arm-atollic-eabi/lib/thumb/armv7-m\libc.a(lib_a-strcpy.o)
 .debug_frame   0x00003b88       0x20 c:/program files (x86)/atollic/truestudio for arm lite 3.2.0/armtools/bin/../lib/gcc/arm-atollic-eabi/4.6.2/../../../../arm-atollic-eabi/lib/thumb/armv7-m\libc.a(lib_a-strlen.o)
 .debug_frame   0x00003ba8       0x84 c:/program files (x86)/atollic/truestudio for arm lite 3.2.0/armtools/bin/../lib/gcc/arm-atollic-eabi/4.6.2/../../../../arm-atollic-eabi/lib/thumb/armv7-m\libc.a(lib_a-strtod.o)
 .debug_frame   0x00003c2c       0x90 c:/program files (x86)/atollic/truestudio for arm lite 3.2.0/armtools/bin/../lib/gcc/arm-atollic-eabi/4.6.2/../../../../arm-atollic-eabi/lib/thumb/armv7-m\libc.a(lib_a-gdtoa-gethex.o)
 .debug_frame   0x00003cbc       0x58 c:/program files (x86)/atollic/truestudio for arm lite 3.2.0/armtools/bin/../lib/gcc/arm-atollic-eabi/4.6.2/../../../../arm-atollic-eabi/lib/thumb/armv7-m\libc.a(lib_a-gdtoa-hexnan.o)
 .debug_frame   0x00003d14       0x98 c:/program files (x86)/atollic/truestudio for arm lite 3.2.0/armtools/bin/../lib/gcc/arm-atollic-eabi/4.6.2/../../../../arm-atollic-eabi/lib/thumb/armv7-m\libc.a(lib_a-locale.o)
 .debug_frame   0x00003dac       0x28 c:/program files (x86)/atollic/truestudio for arm lite 3.2.0/armtools/bin/../lib/gcc/arm-atollic-eabi/4.6.2/../../../../arm-atollic-eabi/lib/thumb/armv7-m\libc.a(lib_a-memcpy.o)
 .debug_frame   0x00003dd4      0x238 c:/program files (x86)/atollic/truestudio for arm lite 3.2.0/armtools/bin/../lib/gcc/arm-atollic-eabi/4.6.2/../../../../arm-atollic-eabi/lib/thumb/armv7-m\libc.a(lib_a-mprec.o)
 .debug_frame   0x0000400c       0x20 c:/program files (x86)/atollic/truestudio for arm lite 3.2.0/armtools/bin/../lib/gcc/arm-atollic-eabi/4.6.2/../../../../arm-atollic-eabi/lib/thumb/armv7-m\libc.a(lib_a-s_fpclassify.o)
 .debug_frame   0x0000402c       0x20 c:/program files (x86)/atollic/truestudio for arm lite 3.2.0/armtools/bin/../lib/gcc/arm-atollic-eabi/4.6.2/../../../../arm-atollic-eabi/lib/thumb/armv7-m\libc.a(lib_a-sf_nan.o)
 .debug_frame   0x0000404c       0x20 c:/program files (x86)/atollic/truestudio for arm lite 3.2.0/armtools/bin/../lib/gcc/arm-atollic-eabi/4.6.2/../../../../arm-atollic-eabi/lib/thumb/armv7-m\libc.a(lib_a-strcmp.o)
 .debug_frame   0x0000406c       0x2c c:/program files (x86)/atollic/truestudio for arm lite 3.2.0/armtools/bin/../lib/gcc/arm-atollic-eabi/4.6.2/../../../../arm-atollic-eabi/lib/thumb/armv7-m\libc.a(lib_a-strncmp.o)
 .debug_frame   0x00004098       0x28 c:/program files (x86)/atollic/truestudio for arm lite 3.2.0/armtools/bin/../lib/gcc/arm-atollic-eabi/4.6.2/../../../../arm-atollic-eabi/lib/thumb/armv7-m\libc.a(lib_a-callocr.o)
 .debug_frame   0x000040c0       0x30 c:/program files (x86)/atollic/truestudio for arm lite 3.2.0/armtools/bin/../lib/gcc/arm-atollic-eabi/4.6.2/../../../../arm-atollic-eabi/lib/thumb/armv7-m\libc.a(lib_a-malloc.o)
 .debug_frame   0x000040f0       0x34 c:/program files (x86)/atollic/truestudio for arm lite 3.2.0/armtools/bin/../lib/gcc/arm-atollic-eabi/4.6.2/../../../../arm-atollic-eabi/lib/thumb/armv7-m\libc.a(lib_a-mallocr.o)
 .debug_frame   0x00004124       0x20 c:/program files (x86)/atollic/truestudio for arm lite 3.2.0/armtools/bin/../lib/gcc/arm-atollic-eabi/4.6.2/../../../../arm-atollic-eabi/lib/thumb/armv7-m\libc.a(lib_a-memset.o)
 .debug_frame   0x00004144       0x30 c:/program files (x86)/atollic/truestudio for arm lite 3.2.0/armtools/bin/../lib/gcc/arm-atollic-eabi/4.6.2/../../../../arm-atollic-eabi/lib/thumb/armv7-m\libc.a(lib_a-mlock.o)
 .debug_frame   0x00004174       0x2c c:/program files (x86)/atollic/truestudio for arm lite 3.2.0/armtools/bin/../lib/gcc/arm-atollic-eabi/4.6.2/../../../../arm-atollic-eabi/lib/thumb/armv7-m\libc.a(lib_a-sbrkr.o)
 .debug_frame   0x000041a0      0x14c c:/program files (x86)/atollic/truestudio for arm lite 3.2.0/armtools/bin/../lib/gcc/arm-atollic-eabi/4.6.2/../../../../arm-atollic-eabi/lib/thumb/armv7-m\libc.a(lib_a-syscalls.o)
 .debug_frame   0x000042ec       0x50 c:/program files (x86)/atollic/truestudio for arm lite 3.2.0/armtools/bin/../lib/gcc/arm-atollic-eabi/4.6.2/../../../../arm-atollic-eabi/lib/thumb/armv7-m\libc.a(lib_a-freer.o)
 .debug_frame   0x0000433c       0x68 c:/program files (x86)/atollic/truestudio for arm lite 3.2.0/armtools/bin/../lib/gcc/arm-atollic-eabi/4.6.2/../../../../arm-atollic-eabi/lib/thumb/armv7-m\libc.a(lib_a-reent.o)

Cross Reference Table

Symbol                                            File
ADC1_IRQHandler                                   Libraries\CMSIS\CM3\DeviceSupport\ST\STM32L1xx\startup\TrueSTUDIO\startup_stm32l1xx_md.o
ADC_AnalogWatchdogCmd                             Libraries\STM32L1xx_StdPeriph_Driver\src\stm32l1xx_adc.o
ADC_AnalogWatchdogSingleChannelConfig             Libraries\STM32L1xx_StdPeriph_Driver\src\stm32l1xx_adc.o
ADC_AnalogWatchdogThresholdsConfig                Libraries\STM32L1xx_StdPeriph_Driver\src\stm32l1xx_adc.o
ADC_AutoInjectedConvCmd                           Libraries\STM32L1xx_StdPeriph_Driver\src\stm32l1xx_adc.o
ADC_ClearFlag                                     Libraries\STM32L1xx_StdPeriph_Driver\src\stm32l1xx_adc.o
ADC_ClearITPendingBit                             Libraries\STM32L1xx_StdPeriph_Driver\src\stm32l1xx_adc.o
ADC_Cmd                                           Libraries\STM32L1xx_StdPeriph_Driver\src\stm32l1xx_adc.o
ADC_CommonInit                                    Libraries\STM32L1xx_StdPeriph_Driver\src\stm32l1xx_adc.o
ADC_CommonStructInit                              Libraries\STM32L1xx_StdPeriph_Driver\src\stm32l1xx_adc.o
ADC_ContinuousModeCmd                             Libraries\STM32L1xx_StdPeriph_Driver\src\stm32l1xx_adc.o
ADC_DMACmd                                        Libraries\STM32L1xx_StdPeriph_Driver\src\stm32l1xx_adc.o
ADC_DMARequestAfterLastTransferCmd                Libraries\STM32L1xx_StdPeriph_Driver\src\stm32l1xx_adc.o
ADC_DeInit                                        Libraries\STM32L1xx_StdPeriph_Driver\src\stm32l1xx_adc.o
ADC_DelaySelectionConfig                          Libraries\STM32L1xx_StdPeriph_Driver\src\stm32l1xx_adc.o
ADC_DiscModeChannelCountConfig                    Libraries\STM32L1xx_StdPeriph_Driver\src\stm32l1xx_adc.o
ADC_DiscModeCmd                                   Libraries\STM32L1xx_StdPeriph_Driver\src\stm32l1xx_adc.o
ADC_EOCOnEachRegularChannelCmd                    Libraries\STM32L1xx_StdPeriph_Driver\src\stm32l1xx_adc.o
ADC_ExternalTrigInjectedConvConfig                Libraries\STM32L1xx_StdPeriph_Driver\src\stm32l1xx_adc.o
ADC_ExternalTrigInjectedConvEdgeConfig            Libraries\STM32L1xx_StdPeriph_Driver\src\stm32l1xx_adc.o
ADC_GetConversionValue                            Libraries\STM32L1xx_StdPeriph_Driver\src\stm32l1xx_adc.o
ADC_GetFlagStatus                                 Libraries\STM32L1xx_StdPeriph_Driver\src\stm32l1xx_adc.o
ADC_GetITStatus                                   Libraries\STM32L1xx_StdPeriph_Driver\src\stm32l1xx_adc.o
ADC_GetInjectedConversionValue                    Libraries\STM32L1xx_StdPeriph_Driver\src\stm32l1xx_adc.o
ADC_GetSoftwareStartConvStatus                    Libraries\STM32L1xx_StdPeriph_Driver\src\stm32l1xx_adc.o
ADC_GetSoftwareStartInjectedConvCmdStatus         Libraries\STM32L1xx_StdPeriph_Driver\src\stm32l1xx_adc.o
ADC_ITConfig                                      Libraries\STM32L1xx_StdPeriph_Driver\src\stm32l1xx_adc.o
ADC_Init                                          Libraries\STM32L1xx_StdPeriph_Driver\src\stm32l1xx_adc.o
ADC_InjectedChannelConfig                         Libraries\STM32L1xx_StdPeriph_Driver\src\stm32l1xx_adc.o
ADC_InjectedDiscModeCmd                           Libraries\STM32L1xx_StdPeriph_Driver\src\stm32l1xx_adc.o
ADC_InjectedSequencerLengthConfig                 Libraries\STM32L1xx_StdPeriph_Driver\src\stm32l1xx_adc.o
ADC_PowerDownCmd                                  Libraries\STM32L1xx_StdPeriph_Driver\src\stm32l1xx_adc.o
ADC_RegularChannelConfig                          Libraries\STM32L1xx_StdPeriph_Driver\src\stm32l1xx_adc.o
ADC_SetInjectedOffset                             Libraries\STM32L1xx_StdPeriph_Driver\src\stm32l1xx_adc.o
ADC_SoftwareStartConv                             Libraries\STM32L1xx_StdPeriph_Driver\src\stm32l1xx_adc.o
ADC_SoftwareStartInjectedConv                     Libraries\STM32L1xx_StdPeriph_Driver\src\stm32l1xx_adc.o