Archive member included because of file (symbol)

c:/program files/atollic/truestudio for arm lite 3.2.0/armtools/bin/../lib/gcc/arm-atollic-eabi/4.6.2/../../../../arm-atollic-eabi/lib/thumb/armv7-m\libm.a(lib_a-w_pow.o)
                              src\Communication.o (pow)
c:/program files/atollic/truestudio for arm lite 3.2.0/armtools/bin/../lib/gcc/arm-atollic-eabi/4.6.2/../../../../arm-atollic-eabi/lib/thumb/armv7-m\libm.a(lib_a-e_pow.o)
                              c:/program files/atollic/truestudio for arm lite 3.2.0/armtools/bin/../lib/gcc/arm-atollic-eabi/4.6.2/../../../../arm-atollic-eabi/lib/thumb/armv7-m\libm.a(lib_a-w_pow.o) (__ieee754_pow)
c:/program files/atollic/truestudio for arm lite 3.2.0/armtools/bin/../lib/gcc/arm-atollic-eabi/4.6.2/../../../../arm-atollic-eabi/lib/thumb/armv7-m\libm.a(lib_a-e_sqrt.o)
                              c:/program files/atollic/truestudio for arm lite 3.2.0/armtools/bin/../lib/gcc/arm-atollic-eabi/4.6.2/../../../../arm-atollic-eabi/lib/thumb/armv7-m\libm.a(lib_a-e_pow.o) (__ieee754_sqrt)
c:/program files/atollic/truestudio for arm lite 3.2.0/armtools/bin/../lib/gcc/arm-atollic-eabi/4.6.2/../../../../arm-atollic-eabi/lib/thumb/armv7-m\libm.a(lib_a-s_fabs.o)
                              c:/program files/atollic/truestudio for arm lite 3.2.0/armtools/bin/../lib/gcc/arm-atollic-eabi/4.6.2/../../../../arm-atollic-eabi/lib/thumb/armv7-m\libm.a(lib_a-e_pow.o) (fabs)
c:/program files/atollic/truestudio for arm lite 3.2.0/armtools/bin/../lib/gcc/arm-atollic-eabi/4.6.2/../../../../arm-atollic-eabi/lib/thumb/armv7-m\libm.a(lib_a-s_finite.o)
                              c:/program files/atollic/truestudio for arm lite 3.2.0/armtools/bin/../lib/gcc/arm-atollic-eabi/4.6.2/../../../../arm-atollic-eabi/lib/thumb/armv7-m\libm.a(lib_a-w_pow.o) (finite)
c:/program files/atollic/truestudio for arm lite 3.2.0/armtools/bin/../lib/gcc/arm-atollic-eabi/4.6.2/../../../../arm-atollic-eabi/lib/thumb/armv7-m\libm.a(lib_a-s_fpclassify.o)
                              c:/program files/atollic/truestudio for arm lite 3.2.0/armtools/bin/../lib/gcc/arm-atollic-eabi/4.6.2/../../../../arm-atollic-eabi/lib/thumb/armv7-m\libm.a(lib_a-w_pow.o) (__fpclassifyd)
c:/program files/atollic/truestudio for arm lite 3.2.0/armtools/bin/../lib/gcc/arm-atollic-eabi/4.6.2/../../../../arm-atollic-eabi/lib/thumb/armv7-m\libm.a(lib_a-s_lib_ver.o)
                              c:/program files/atollic/truestudio for arm lite 3.2.0/armtools/bin/../lib/gcc/arm-atollic-eabi/4.6.2/../../../../arm-atollic-eabi/lib/thumb/armv7-m\libm.a(lib_a-w_pow.o) (__fdlib_version)
c:/program files/atollic/truestudio for arm lite 3.2.0/armtools/bin/../lib/gcc/arm-atollic-eabi/4.6.2/../../../../arm-atollic-eabi/lib/thumb/armv7-m\libm.a(lib_a-s_matherr.o)
                              c:/program files/atollic/truestudio for arm lite 3.2.0/armtools/bin/../lib/gcc/arm-atollic-eabi/4.6.2/../../../../arm-atollic-eabi/lib/thumb/armv7-m\libm.a(lib_a-w_pow.o) (matherr)
c:/program files/atollic/truestudio for arm lite 3.2.0/armtools/bin/../lib/gcc/arm-atollic-eabi/4.6.2/../../../../arm-atollic-eabi/lib/thumb/armv7-m\libm.a(lib_a-s_nan.o)
                              c:/program files/atollic/truestudio for arm lite 3.2.0/armtools/bin/../lib/gcc/arm-atollic-eabi/4.6.2/../../../../arm-atollic-eabi/lib/thumb/armv7-m\libm.a(lib_a-e_pow.o) (nan)
c:/program files/atollic/truestudio for arm lite 3.2.0/armtools/bin/../lib/gcc/arm-atollic-eabi/4.6.2/../../../../arm-atollic-eabi/lib/thumb/armv7-m\libm.a(lib_a-s_rint.o)
                              c:/program files/atollic/truestudio for arm lite 3.2.0/armtools/bin/../lib/gcc/arm-atollic-eabi/4.6.2/../../../../arm-atollic-eabi/lib/thumb/armv7-m\libm.a(lib_a-w_pow.o) (rint)
c:/program files/atollic/truestudio for arm lite 3.2.0/armtools/bin/../lib/gcc/arm-atollic-eabi/4.6.2/../../../../arm-atollic-eabi/lib/thumb/armv7-m\libm.a(lib_a-s_scalbn.o)
                              c:/program files/atollic/truestudio for arm lite 3.2.0/armtools/bin/../lib/gcc/arm-atollic-eabi/4.6.2/../../../../arm-atollic-eabi/lib/thumb/armv7-m\libm.a(lib_a-e_pow.o) (scalbn)
c:/program files/atollic/truestudio for arm lite 3.2.0/armtools/bin/../lib/gcc/arm-atollic-eabi/4.6.2/../../../../arm-atollic-eabi/lib/thumb/armv7-m\libm.a(lib_a-s_copysign.o)
                              c:/program files/atollic/truestudio for arm lite 3.2.0/armtools/bin/../lib/gcc/arm-atollic-eabi/4.6.2/../../../../arm-atollic-eabi/lib/thumb/armv7-m\libm.a(lib_a-s_scalbn.o) (copysign)
c:/program files/atollic/truestudio for arm lite 3.2.0/armtools/bin/../lib/gcc/arm-atollic-eabi/4.6.2/thumb/armv7-m\libgcc.a(_arm_addsubdf3.o)
                              src\main.o (__aeabi_dsub)
c:/program files/atollic/truestudio for arm lite 3.2.0/armtools/bin/../lib/gcc/arm-atollic-eabi/4.6.2/thumb/armv7-m\libgcc.a(_arm_muldivdf3.o)
                              src\Communication.o (__aeabi_dmul)
[...]
Memory Configuration

Name             Origin             Length             Attributes
FLASH            0x08000000         0x00020000         xr
RAM              0x20000000         0x00004000         xrw
MEMORY_B1        0x60000000         0x00000000         xr
*default*        0x00000000         0xffffffff

Linker script and memory map

LOAD c:/program files/atollic/truestudio for arm lite 3.2.0/armtools/bin/../lib/gcc/arm-atollic-eabi/4.6.2/thumb/armv7-m/crti.o
LOAD c:/program files/atollic/truestudio for arm lite 3.2.0/armtools/bin/../lib/gcc/arm-atollic-eabi/4.6.2/thumb/armv7-m/crtbegin.o
LOAD src\termostat.o
LOAD src\system_stm32l1xx.o
LOAD src\stm32l1xx_it.o
LOAD src\main.o
LOAD src\Communication.o
LOAD mcu\src\usart.o
LOAD mcu\src\onewire.o
LOAD mcu\src\mcu.o
LOAD mcu\src\ds2405.o
LOAD mcu\src\ds18b20.o
LOAD Libraries\STM32L1xx_StdPeriph_Driver\src\stm32l1xx_wwdg.o
LOAD Libraries\STM32L1xx_StdPeriph_Driver\src\stm32l1xx_usart.o
LOAD Libraries\STM32L1xx_StdPeriph_Driver\src\stm32l1xx_tim.o
LOAD Libraries\STM32L1xx_StdPeriph_Driver\src\stm32l1xx_syscfg.o
LOAD Libraries\STM32L1xx_StdPeriph_Driver\src\stm32l1xx_spi.o
LOAD Libraries\STM32L1xx_StdPeriph_Driver\src\stm32l1xx_rtc.o
LOAD Libraries\STM32L1xx_StdPeriph_Driver\src\stm32l1xx_rcc.o
LOAD Libraries\STM32L1xx_StdPeriph_Driver\src\stm32l1xx_pwr.o
LOAD Libraries\STM32L1xx_StdPeriph_Driver\src\stm32l1xx_lcd.o
LOAD Libraries\STM32L1xx_StdPeriph_Driver\src\stm32l1xx_iwdg.o
LOAD Libraries\STM32L1xx_StdPeriph_Driver\src\stm32l1xx_i2c.o
LOAD Libraries\STM32L1xx_StdPeriph_Driver\src\stm32l1xx_gpio.o
LOAD Libraries\STM32L1xx_StdPeriph_Driver\src\stm32l1xx_flash_ramfunc.o
LOAD Libraries\STM32L1xx_StdPeriph_Driver\src\stm32l1xx_flash.o
LOAD Libraries\STM32L1xx_StdPeriph_Driver\src\stm32l1xx_exti.o
LOAD Libraries\STM32L1xx_StdPeriph_Driver\src\stm32l1xx_dma.o
LOAD Libraries\STM32L1xx_StdPeriph_Driver\src\stm32l1xx_dbgmcu.o
LOAD Libraries\STM32L1xx_StdPeriph_Driver\src\stm32l1xx_dac.o
LOAD Libraries\STM32L1xx_StdPeriph_Driver\src\stm32l1xx_crc.o
LOAD Libraries\STM32L1xx_StdPeriph_Driver\src\stm32l1xx_comp.o
LOAD Libraries\STM32L1xx_StdPeriph_Driver\src\stm32l1xx_adc.o
LOAD Libraries\STM32L1xx_StdPeriph_Driver\src\misc.o
LOAD Libraries\CMSIS\CM3\DeviceSupport\ST\STM32L1xx\startup\TrueSTUDIO\startup_stm32l1xx_md.o
LOAD Libraries\CMSIS\CM3\CoreSupport\core_cm3.o
LOAD c:/program files/atollic/truestudio for arm lite 3.2.0/armtools/bin/../lib/gcc/arm-atollic-eabi/4.6.2/../../../../arm-atollic-eabi/lib/thumb/armv7-m\libm.a
                0x00001000                malloc_getpagesize_P = 0x1000
START GROUP
LOAD c:/program files/atollic/truestudio for arm lite 3.2.0/armtools/bin/../lib/gcc/arm-atollic-eabi/4.6.2/thumb/armv7-m\libgcc.a
LOAD c:/program files/atollic/truestudio for arm lite 3.2.0/armtools/bin/../lib/gcc/arm-atollic-eabi/4.6.2/../../../../arm-atollic-eabi/lib/thumb/armv7-m\libc.a
END GROUP
LOAD c:/program files/atollic/truestudio for arm lite 3.2.0/armtools/bin/../lib/gcc/arm-atollic-eabi/4.6.2/thumb/armv7-m/crtend.o
LOAD c:/program files/atollic/truestudio for arm lite 3.2.0/armtools/bin/../lib/gcc/arm-atollic-eabi/4.6.2/thumb/armv7-m/crtn.o
                0x20004000                _estack = 0x20004000
                0x00000000                _Min_Heap_Size = 0x0
                0x00000080                _Min_Stack_Size = 0x80

.isr_vector     0x08000000      0x10c
                0x08000000                . = ALIGN (0x4)
 *(.isr_vector)
 .isr_vector    0x08000000      0x10c Libraries\CMSIS\CM3\DeviceSupport\ST\STM32L1xx\startup\TrueSTUDIO\startup_stm32l1xx_md.o
                0x08000000                g_pfnVectors
                0x0800010c                . = ALIGN (0x4)

.text           0x08000110     0x7838
                0x08000110                . = ALIGN (0x4)
 *(.text)
 .text          0x08000110       0x54 c:/program files/atollic/truestudio for arm lite 3.2.0/armtools/bin/../lib/gcc/arm-atollic-eabi/4.6.2/thumb/armv7-m/crtbegin.o
 .text          0x08000164      0x370 c:/program files/atollic/truestudio for arm lite 3.2.0/armtools/bin/../lib/gcc/arm-atollic-eabi/4.6.2/thumb/armv7-m\libgcc.a(_arm_addsubdf3.o)
                0x08000164                __aeabi_drsub
                0x0800016c                __aeabi_dsub
                0x0800016c                __subdf3
                0x08000170                __aeabi_dadd
                0x08000170                __adddf3
                0x080003e8                __floatunsidf
                0x080003e8                __aeabi_ui2d
                0x08000408                __floatsidf
                0x08000408                __aeabi_i2d
                0x0800042c                __aeabi_f2d
                0x0800042c                __extendsfdf2
                0x08000468                __floatundidf
                0x08000468                __aeabi_ul2d
                0x08000478                __floatdidf
                0x08000478                __aeabi_l2d
 .text          0x080004d4      0x424 c:/program files/atollic/truestudio for arm lite 3.2.0/armtools/bin/../lib/gcc/arm-atollic-eabi/4.6.2/thumb/armv7-m\libgcc.a(_arm_muldivdf3.o)
                0x080004d4                __aeabi_dmul
                0x080004d4                __muldf3
                0x08000728                __divdf3
                0x08000728                __aeabi_ddiv
 .text          0x080008f8      0x110 c:/program files/atollic/truestudio for arm lite 3.2.0/armtools/bin/../lib/gcc/arm-atollic-eabi/4.6.2/thumb/armv7-m\libgcc.a(_arm_cmpdf2.o)
                0x080008f8                __gtdf2
                0x080008f8                __gedf2
                0x08000900                __ltdf2
                0x08000900                __ledf2
                0x08000908                __nedf2
                0x08000908                __eqdf2
                0x08000908                __cmpdf2
                0x08000984                __aeabi_cdrcmple
                0x08000994                __aeabi_cdcmpeq
                0x08000994                __aeabi_cdcmple
                0x080009a4                __aeabi_dcmpeq
                0x080009b8                __aeabi_dcmplt
                0x080009cc                __aeabi_dcmple
                0x080009e0                __aeabi_dcmpge
                0x080009f4                __aeabi_dcmpgt
 .text          0x08000a08       0x50 c:/program files/atollic/truestudio for arm lite 3.2.0/armtools/bin/../lib/gcc/arm-atollic-eabi/4.6.2/thumb/armv7-m\libgcc.a(_arm_fixdfsi.o)
                0x08000a08                __aeabi_d2iz
                0x08000a08                __fixdfsi
 .text          0x08000a58       0xa0 c:/program files/atollic/truestudio for arm lite 3.2.0/armtools/bin/../lib/gcc/arm-atollic-eabi/4.6.2/thumb/armv7-m\libgcc.a(_arm_truncdfsf2.o)
                0x08000a58                __truncdfsf2
                0x08000a58                __aeabi_d2f
 .text          0x08000af8      0x21c c:/program files/atollic/truestudio for arm lite 3.2.0/armtools/bin/../lib/gcc/arm-atollic-eabi/4.6.2/thumb/armv7-m\libgcc.a(_arm_addsubsf3.o)
                0x08000af8                __aeabi_frsub
                0x08000b00                __subsf3
                0x08000b00                __aeabi_fsub
                0x08000b04                __aeabi_fadd
                0x08000b04                __addsf3
                0x08000c64                __aeabi_ui2f
                0x08000c64                __floatunsisf
                0x08000c6c                __aeabi_i2f
                0x08000c6c                __floatsisf
                0x08000c88                __aeabi_ul2f
                0x08000c88                __floatundisf
                0x08000c98                __aeabi_l2f
                0x08000c98                __floatdisf
 .text          0x08000d14      0x2a0 c:/program files/atollic/truestudio for arm lite 3.2.0/armtools/bin/../lib/gcc/arm-atollic-eabi/4.6.2/thumb/armv7-m\libgcc.a(_arm_muldivsf3.o)
                0x08000d14                __mulsf3
                0x08000d14                __aeabi_fmul
                0x08000e7c                __aeabi_fdiv
                0x08000e7c                __divsf3
 .text          0x08000fb4       0xec c:/program files/atollic/truestudio for arm lite 3.2.0/armtools/bin/../lib/gcc/arm-atollic-eabi/4.6.2/thumb/armv7-m\libgcc.a(_arm_cmpsf2.o)
                0x08000fb4                __gesf2
                0x08000fb4                __gtsf2
                0x08000fbc                __lesf2
                0x08000fbc                __ltsf2
                0x08000fc4                __nesf2
                0x08000fc4                __eqsf2
                0x08000fc4                __cmpsf2
                0x08001024                __aeabi_cfrcmple
                0x0800102c                __aeabi_cfcmpeq
                0x0800102c                __aeabi_cfcmple
                0x0800103c                __aeabi_fcmpeq
                0x08001050                __aeabi_fcmplt
                0x08001064                __aeabi_fcmple
                0x08001078                __aeabi_fcmpge
                0x0800108c                __aeabi_fcmpgt
 .text          0x080010a0       0x4c c:/program files/atollic/truestudio for arm lite 3.2.0/armtools/bin/../lib/gcc/arm-atollic-eabi/4.6.2/thumb/armv7-m\libgcc.a(_arm_fixsfsi.o)
                0x080010a0                __aeabi_f2iz
                0x080010a0                __fixsfsi
 .text          0x080010ec       0x40 c:/program files/atollic/truestudio for arm lite 3.2.0/armtools/bin/../lib/gcc/arm-atollic-eabi/4.6.2/thumb/armv7-m\libgcc.a(_arm_fixunsdfsi.o)
                0x080010ec                __aeabi_d2uiz
                0x080010ec                __fixunsdfsi
 *(.text*)
 .text.SetDefaults
                0x0800112c       0x54 src\termostat.o
                0x0800112c                SetDefaults
 .text.print_variables
                0x08001180       0x58 src\termostat.o
                0x08001180                print_variables
 .text.print_display
                0x080011d8       0x78 src\termostat.o
                0x080011d8                print_display
 .text.OW_Init  0x08001250       0x28 src\termostat.o
                0x08001250                OW_Init
 .text.rescan   0x08001278      0x10c src\termostat.o
                0x08001278                rescan
 .text.print_avail_devices
                0x08001384      0x128 src\termostat.o
                0x08001384                print_avail_devices
 .text.print_all_avail_devices
                0x080014ac       0xb0 src\termostat.o
                0x080014ac                print_all_avail_devices
 .text.avail_devices_count
                0x0800155c       0x60 src\termostat.o
                0x0800155c                avail_devices_count
 .text.poradie2address
                0x080015bc       0xb0 src\termostat.o
                0x080015bc                poradie2address
 .text.SystemInit
                0x0800166c       0xb0 src\system_stm32l1xx.o
                0x0800166c                SystemInit
 .text.SetSysClock
                0x0800171c      0x1dc src\system_stm32l1xx.o
 .text.NMI_Handler
                0x080018f8        0xc src\stm32l1xx_it.o
                0x080018f8                NMI_Handler
 .text.HardFault_Handler
                0x08001904        0x8 src\stm32l1xx_it.o
                0x08001904                HardFault_Handler
 .text.MemManage_Handler
                0x0800190c        0x8 src\stm32l1xx_it.o
                0x0800190c                MemManage_Handler
 .text.BusFault_Handler
                0x08001914        0x8 src\stm32l1xx_it.o
                0x08001914                BusFault_Handler
 .text.UsageFault_Handler
                0x0800191c        0x8 src\stm32l1xx_it.o
                0x0800191c                UsageFault_Handler
 .text.SVC_Handler
                0x08001924        0xc src\stm32l1xx_it.o
                0x08001924                SVC_Handler
 .text.DebugMon_Handler
                0x08001930        0xc src\stm32l1xx_it.o
                0x08001930                DebugMon_Handler
 .text.PendSV_Handler
                0x0800193c        0xc src\stm32l1xx_it.o
                0x0800193c                PendSV_Handler
 .text.SysTick_Handler
                0x08001948        0xc src\stm32l1xx_it.o
                0x08001948                SysTick_Handler
 .text.main     0x08001954      0x224 src\main.o
                0x08001954                main
 .text.StartsWith
                0x08001b78       0x68 src\Communication.o
                0x08001b78                StartsWith
 .text.PrintAddress
                0x08001be0       0xac src\Communication.o
                0x08001be0                PrintAddress
 .text.print_integer
                0x08001c8c      0x100 src\Communication.o
                0x08001c8c                print_integer
 .text.print_float
                0x08001d8c      0x15c src\Communication.o
                0x08001d8c                print_float
 .text.printInvalidParameter
                0x08001ee8       0x14 src\Communication.o
                0x08001ee8                printInvalidParameter
 .text.myprintf
                0x08001efc      0x1b4 src\Communication.o
                0x08001efc                myprintf
 .text.myprintf_
                0x080020b0       0x24 src\Communication.o
                0x080020b0                myprintf_
 .text.Communicate
                0x080020d4      0x4cc src\Communication.o
                0x080020d4                Communicate
 .text.initUSART2
                0x080025a0      0x110 mcu\src\usart.o
                0x080025a0                initUSART2
 .text.USART2_IRQHandler
                0x080026b0       0xa8 mcu\src\usart.o
                0x080026b0                USART2_IRQHandler
 .text.PutcUART2
                0x08002758       0x3c mcu\src\usart.o
                0x08002758                PutcUART2
 .text.PutsUART2
                0x08002794       0x3c mcu\src\usart.o
                0x08002794                PutsUART2
 .text.RegisterCallbackUART2
                0x080027d0       0x20 mcu\src\usart.o
                0x080027d0                RegisterCallbackUART2
 .text.OW_Config
                0x080027f0       0x94 mcu\src\onewire.o
                0x080027f0                OW_Config
 .text.OW_reset
                0x08002884      0x148 mcu\src\onewire.o
                0x08002884                OW_reset
 .text.OW_write_bit
                0x080029cc      0x108 mcu\src\onewire.o
                0x080029cc                OW_write_bit
 .text.OW_read_bit
                0x08002ad4      0x170 mcu\src\onewire.o
                0x08002ad4                OW_read_bit
 .text.OW_write_byte
                0x08002c44       0x40 mcu\src\onewire.o
                0x08002c44                OW_write_byte
 .text.OW_read_byte
                0x08002c84       0x48 mcu\src\onewire.o
                0x08002c84                OW_read_byte
 .text.OW_Match_ROM
                0x08002ccc       0x3c mcu\src\onewire.o
                0x08002ccc                OW_Match_ROM
 .text.OW_search
                0x08002d08      0x238 mcu\src\onewire.o
                0x08002d08                OW_search
 .text.OW_reset_search
                0x08002f40       0x64 mcu\src\onewire.o
                0x08002f40                OW_reset_search
 .text.delay_us
                0x08002fa4       0x24 mcu\src\mcu.o
                0x08002fa4                delay_us
 .text.ds2405_set_bit
                0x08002fc8       0x64 mcu\src\ds2405.o
                0x08002fc8                ds2405_set_bit
 .text.ds18b20_command_ROM
                0x0800302c       0x30 mcu\src\ds18b20.o
                0x0800302c                ds18b20_command_ROM
 .text.ds18b20_command
                0x0800305c       0x30 mcu\src\ds18b20.o
                0x0800305c                ds18b20_command
 .text.ds18b20_read_temp_ROM
                0x0800308c       0x40 mcu\src\ds18b20.o
                0x0800308c                ds18b20_read_temp_ROM
 .text.convert_temp
                0x080030cc       0x2c mcu\src\ds18b20.o
                0x080030cc                convert_temp
 .text.USART_Init
                0x080030f8      0x1a0 Libraries\STM32L1xx_StdPeriph_Driver\src\stm32l1xx_usart.o
                0x080030f8                USART_Init
 .text.USART_Cmd
                0x08003298       0x40 Libraries\STM32L1xx_StdPeriph_Driver\src\stm32l1xx_usart.o
                0x08003298                USART_Cmd
 .text.USART_SendData
                0x080032d8       0x28 Libraries\STM32L1xx_StdPeriph_Driver\src\stm32l1xx_usart.o
                0x080032d8                USART_SendData
 .text.USART_ReceiveData
                0x08003300       0x24 Libraries\STM32L1xx_StdPeriph_Driver\src\stm32l1xx_usart.o
                0x08003300                USART_ReceiveData
 .text.USART_ITConfig
                0x08003324       0xa4 Libraries\STM32L1xx_StdPeriph_Driver\src\stm32l1xx_usart.o
                0x08003324                USART_ITConfig
 .text.USART_GetFlagStatus
                0x080033c8       0x40 Libraries\STM32L1xx_StdPeriph_Driver\src\stm32l1xx_usart.o
                0x080033c8                USART_GetFlagStatus
 .text.USART_GetITStatus
                0x08003408       0xc4 Libraries\STM32L1xx_StdPeriph_Driver\src\stm32l1xx_usart.o
                0x08003408                USART_GetITStatus
 .text.USART_ClearITPendingBit
                0x080034cc       0x44 Libraries\STM32L1xx_StdPeriph_Driver\src\stm32l1xx_usart.o
                0x080034cc                USART_ClearITPendingBit
 .text.RCC_GetClocksFreq
                0x08003510      0x22c Libraries\STM32L1xx_StdPeriph_Driver\src\stm32l1xx_rcc.o
                0x08003510                RCC_GetClocksFreq
 .text.RCC_AHBPeriphClockCmd
                0x0800373c       0x58 Libraries\STM32L1xx_StdPeriph_Driver\src\stm32l1xx_rcc.o
                0x0800373c                RCC_AHBPeriphClockCmd
 .text.RCC_APB1PeriphClockCmd
                0x08003794       0x58 Libraries\STM32L1xx_StdPeriph_Driver\src\stm32l1xx_rcc.o
                0x08003794                RCC_APB1PeriphClockCmd
 .text.GPIO_Init
                0x080037ec      0x15c Libraries\STM32L1xx_StdPeriph_Driver\src\stm32l1xx_gpio.o
                0x080037ec                GPIO_Init
 .text.GPIO_PinAFConfig
                0x08003948       0xac Libraries\STM32L1xx_StdPeriph_Driver\src\stm32l1xx_gpio.o
                0x08003948                GPIO_PinAFConfig
 .text.NVIC_PriorityGroupConfig
                0x080039f4       0x28 Libraries\STM32L1xx_StdPeriph_Driver\src\misc.o
                0x080039f4                NVIC_PriorityGroupConfig
 .text.NVIC_Init
                0x08003a1c       0xe8 Libraries\STM32L1xx_StdPeriph_Driver\src\misc.o
                0x08003a1c                NVIC_Init
 .text.Reset_Handler
                0x08003b04       0x48 Libraries\CMSIS\CM3\DeviceSupport\ST\STM32L1xx\startup\TrueSTUDIO\startup_stm32l1xx_md.o
                0x08003b04                Reset_Handler
 .text.Default_Handler
                0x08003b4c        0x2 Libraries\CMSIS\CM3\DeviceSupport\ST\STM32L1xx\startup\TrueSTUDIO\startup_stm32l1xx_md.o
                0x08003b4c                RTC_Alarm_IRQHandler
                0x08003b4c                EXTI2_IRQHandler
                0x08003b4c                TIM10_IRQHandler
                0x08003b4c                USB_HP_IRQHandler
                0x08003b4c                TIM6_IRQHandler
                0x08003b4c                PVD_IRQHandler
                0x08003b4c                EXTI3_IRQHandler
                0x08003b4c                EXTI0_IRQHandler
                0x08003b4c                I2C2_EV_IRQHandler
                0x08003b4c                SPI1_IRQHandler
                0x08003b4c                USB_FS_WKUP_IRQHandler
                0x08003b4c                DMA1_Channel4_IRQHandler
                0x08003b4c                ADC1_IRQHandler
                0x08003b4c                USART3_IRQHandler
                0x08003b4c                DMA1_Channel7_IRQHandler
                0x08003b4c                LCD_IRQHandler
                0x08003b4c                TIM4_IRQHandler
                0x08003b4c                I2C1_EV_IRQHandler
                0x08003b4c                DMA1_Channel6_IRQHandler
                0x08003b4c                TIM3_IRQHandler
                0x08003b4c                RCC_IRQHandler
                0x08003b4c                DMA1_Channel1_IRQHandler
                0x08003b4c                Default_Handler
                0x08003b4c                EXTI15_10_IRQHandler
                0x08003b4c                TIM7_IRQHandler
                0x08003b4c                EXTI9_5_IRQHandler
                0x08003b4c                TIM9_IRQHandler
                0x08003b4c                TAMPER_STAMP_IRQHandler
                0x08003b4c                RTC_WKUP_IRQHandler
                0x08003b4c                SPI2_IRQHandler
                0x08003b4c                DMA1_Channel5_IRQHandler
                0x08003b4c                USB_LP_IRQHandler
                0x08003b4c                EXTI4_IRQHandler
                0x08003b4c                DMA1_Channel3_IRQHandler
                0x08003b4c                COMP_IRQHandler
                0x08003b4c                WWDG_IRQHandler
                0x08003b4c                TIM2_IRQHandler
                0x08003b4c                DAC_IRQHandler
                0x08003b4c                EXTI1_IRQHandler
                0x08003b4c                TIM11_IRQHandler
                0x08003b4c                I2C2_ER_IRQHandler
                0x08003b4c                DMA1_Channel2_IRQHandler
                0x08003b4c                FLASH_IRQHandler
                0x08003b4c                USART1_IRQHandler
                0x08003b4c                I2C1_ER_IRQHandler
 *fill*         0x08003b4e        0x2 00
 .text.pow      0x08003b50      0x2c0 c:/program files/atollic/truestudio for arm lite 3.2.0/armtools/bin/../lib/gcc/arm-atollic-eabi/4.6.2/../../../../arm-atollic-eabi/lib/thumb/armv7-m\libm.a(lib_a-w_pow.o)
                0x08003b50                pow
 .text.__ieee754_pow
                0x08003e10      0xac8 c:/program files/atollic/truestudio for arm lite 3.2.0/armtools/bin/../lib/gcc/arm-atollic-eabi/4.6.2/../../../../arm-atollic-eabi/lib/thumb/armv7-m\libm.a(lib_a-e_pow.o)
                0x08003e10                __ieee754_pow
 .text.__ieee754_sqrt
                0x080048d8      0x164 c:/program files/atollic/truestudio for arm lite 3.2.0/armtools/bin/../lib/gcc/arm-atollic-eabi/4.6.2/../../../../arm-atollic-eabi/lib/thumb/armv7-m\libm.a(lib_a-e_sqrt.o)
                0x080048d8                __ieee754_sqrt
 .text.fabs     0x08004a3c        0x6 c:/program files/atollic/truestudio for arm lite 3.2.0/armtools/bin/../lib/gcc/arm-atollic-eabi/4.6.2/../../../../arm-atollic-eabi/lib/thumb/armv7-m\libm.a(lib_a-s_fabs.o)
                0x08004a3c                fabs
 .text.finite   0x08004a42       0x10 c:/program files/atollic/truestudio for arm lite 3.2.0/armtools/bin/../lib/gcc/arm-atollic-eabi/4.6.2/../../../../arm-atollic-eabi/lib/thumb/armv7-m\libm.a(lib_a-s_finite.o)
                0x08004a42                finite
 *fill*         0x08004a52        0x2 00
 .text.__fpclassifyd
                0x08004a54       0x64 c:/program files/atollic/truestudio for arm lite 3.2.0/armtools/bin/../lib/gcc/arm-atollic-eabi/4.6.2/../../../../arm-atollic-eabi/lib/thumb/armv7-m\libm.a(lib_a-s_fpclassify.o)
                0x08004a54                __fpclassifyd
 .text.matherr  0x08004ab8        0x4 c:/program files/atollic/truestudio for arm lite 3.2.0/armtools/bin/../lib/gcc/arm-atollic-eabi/4.6.2/../../../../arm-atollic-eabi/lib/thumb/armv7-m\libm.a(lib_a-s_matherr.o)
                0x08004ab8                matherr
 .text.nan      0x08004abc        0xc c:/program files/atollic/truestudio for arm lite 3.2.0/armtools/bin/../lib/gcc/arm-atollic-eabi/4.6.2/../../../../arm-atollic-eabi/lib/thumb/armv7-m\libm.a(lib_a-s_nan.o)
                0x08004abc                nan
 .text.rint     0x08004ac8      0x108 c:/program files/atollic/truestudio for arm lite 3.2.0/armtools/bin/../lib/gcc/arm-atollic-eabi/4.6.2/../../../../arm-atollic-eabi/lib/thumb/armv7-m\libm.a(lib_a-s_rint.o)
                0x08004ac8                rint
 .text.scalbn   0x08004bd0       0xe8 c:/program files/atollic/truestudio for arm lite 3.2.0/armtools/bin/../lib/gcc/arm-atollic-eabi/4.6.2/../../../../arm-atollic-eabi/lib/thumb/armv7-m\libm.a(lib_a-s_scalbn.o)
                0x08004bd0                scalbn
 .text.copysign
                0x08004cb8       0x14 c:/program files/atollic/truestudio for arm lite 3.2.0/armtools/bin/../lib/gcc/arm-atollic-eabi/4.6.2/../../../../arm-atollic-eabi/lib/thumb/armv7-m\libm.a(lib_a-s_copysign.o)
                0x08004cb8                copysign
 .text.atof     0x08004ccc        0x6 c:/program files/atollic/truestudio for arm lite 3.2.0/armtools/bin/../lib/gcc/arm-atollic-eabi/4.6.2/../../../../arm-atollic-eabi/lib/thumb/armv7-m\libc.a(lib_a-atof.o)
                0x08004ccc                atof
 .text.atoi     0x08004cd2        0x8 c:/program files/atollic/truestudio for arm lite 3.2.0/armtools/bin/../lib/gcc/arm-atollic-eabi/4.6.2/../../../../arm-atollic-eabi/lib/thumb/armv7-m\libc.a(lib_a-atoi.o)
                0x08004cd2                atoi
 *fill*         0x08004cda        0x2 00
 .text.__errno  0x08004cdc        0xc c:/program files/atollic/truestudio for arm lite 3.2.0/armtools/bin/../lib/gcc/arm-atollic-eabi/4.6.2/../../../../arm-atollic-eabi/lib/thumb/armv7-m\libc.a(lib_a-errno.o)
                0x08004cdc                __errno
 .text.__libc_init_array
                0x08004ce8       0x48 c:/program files/atollic/truestudio for arm lite 3.2.0/armtools/bin/../lib/gcc/arm-atollic-eabi/4.6.2/../../../../arm-atollic-eabi/lib/thumb/armv7-m\libc.a(lib_a-init.o)
                0x08004ce8                __libc_init_array
 .text.strchr   0x08004d30       0x1a c:/program files/atollic/truestudio for arm lite 3.2.0/armtools/bin/../lib/gcc/arm-atollic-eabi/4.6.2/../../../../arm-atollic-eabi/lib/thumb/armv7-m\libc.a(lib_a-strchr.o)
                0x08004d30                strchr
 .text.strcpy   0x08004d4a       0x10 c:/program files/atollic/truestudio for arm lite 3.2.0/armtools/bin/../lib/gcc/arm-atollic-eabi/4.6.2/../../../../arm-atollic-eabi/lib/thumb/armv7-m\libc.a(lib_a-strcpy.o)
                0x08004d4a                strcpy
 .text.strlen   0x08004d5a       0x10 c:/program files/atollic/truestudio for arm lite 3.2.0/armtools/bin/../lib/gcc/arm-atollic-eabi/4.6.2/../../../../arm-atollic-eabi/lib/thumb/armv7-m\libc.a(lib_a-strlen.o)
                0x08004d5a                strlen
 .text.strncpy  0x08004d6a       0x28 c:/program files/atollic/truestudio for arm lite 3.2.0/armtools/bin/../lib/gcc/arm-atollic-eabi/4.6.2/../../../../arm-atollic-eabi/lib/thumb/armv7-m\libc.a(lib_a-strncpy.o)
                0x08004d6a                strncpy
 .text.match    0x08004d92       0x2c c:/program files/atollic/truestudio for arm lite 3.2.0/armtools/bin/../lib/gcc/arm-atollic-eabi/4.6.2/../../../../arm-atollic-eabi/lib/thumb/armv7-m\libc.a(lib_a-strtod.o)
 *fill*         0x08004dbe        0x2 00
 .text._strtod_r
                0x08004dc0      0xb88 c:/program files/atollic/truestudio for arm lite 3.2.0/armtools/bin/../lib/gcc/arm-atollic-eabi/4.6.2/../../../../arm-atollic-eabi/lib/thumb/armv7-m\libc.a(lib_a-strtod.o)
                0x08004dc0                _strtod_r
 .text.strtod   0x08005948       0x14 c:/program files/atollic/truestudio for arm lite 3.2.0/armtools/bin/../lib/gcc/arm-atollic-eabi/4.6.2/../../../../arm-atollic-eabi/lib/thumb/armv7-m\libc.a(lib_a-strtod.o)
                0x08005948                strtod
 .text._strtol_r
                0x0800595c       0xfc c:/program files/atollic/truestudio for arm lite 3.2.0/armtools/bin/../lib/gcc/arm-atollic-eabi/4.6.2/../../../../arm-atollic-eabi/lib/thumb/armv7-m\libc.a(lib_a-strtol.o)
                0x0800595c                _strtol_r
 .text.strtol   0x08005a58       0x1c c:/program files/atollic/truestudio for arm lite 3.2.0/armtools/bin/../lib/gcc/arm-atollic-eabi/4.6.2/../../../../arm-atollic-eabi/lib/thumb/armv7-m\libc.a(lib_a-strtol.o)
                0x08005a58                strtol
 .text.rshift   0x08005a74       0x7c c:/program files/atollic/truestudio for arm lite 3.2.0/armtools/bin/../lib/gcc/arm-atollic-eabi/4.6.2/../../../../arm-atollic-eabi/lib/thumb/armv7-m\libc.a(lib_a-gdtoa-gethex.o)
 .text.htinit.constprop.0
                0x08005af0       0x20 c:/program files/atollic/truestudio for arm lite 3.2.0/armtools/bin/../lib/gcc/arm-atollic-eabi/4.6.2/../../../../arm-atollic-eabi/lib/thumb/armv7-m\libc.a(lib_a-gdtoa-gethex.o)
 .text.__hexdig_init
                0x08005b10       0x2c c:/program files/atollic/truestudio for arm lite 3.2.0/armtools/bin/../lib/gcc/arm-atollic-eabi/4.6.2/../../../../arm-atollic-eabi/lib/thumb/armv7-m\libc.a(lib_a-gdtoa-gethex.o)
                0x08005b10                __hexdig_init
 .text.__gethex
                0x08005b3c      0x494 c:/program files/atollic/truestudio for arm lite 3.2.0/armtools/bin/../lib/gcc/arm-atollic-eabi/4.6.2/../../../../arm-atollic-eabi/lib/thumb/armv7-m\libc.a(lib_a-gdtoa-gethex.o)
                0x08005b3c                __gethex
 .text.L_shift  0x08005fd0       0x28 c:/program files/atollic/truestudio for arm lite 3.2.0/armtools/bin/../lib/gcc/arm-atollic-eabi/4.6.2/../../../../arm-atollic-eabi/lib/thumb/armv7-m\libc.a(lib_a-gdtoa-hexnan.o)
 .text.__hexnan
                0x08005ff8      0x138 c:/program files/atollic/truestudio for arm lite 3.2.0/armtools/bin/../lib/gcc/arm-atollic-eabi/4.6.2/../../../../arm-atollic-eabi/lib/thumb/armv7-m\libc.a(lib_a-gdtoa-hexnan.o)
                0x08005ff8                __hexnan
 .text._localeconv_r
                0x08006130        0x8 c:/program files/atollic/truestudio for arm lite 3.2.0/armtools/bin/../lib/gcc/arm-atollic-eabi/4.6.2/../../../../arm-atollic-eabi/lib/thumb/armv7-m\libc.a(lib_a-locale.o)
                0x08006130                _localeconv_r
 .text.memcpy   0x08006138       0x12 c:/program files/atollic/truestudio for arm lite 3.2.0/armtools/bin/../lib/gcc/arm-atollic-eabi/4.6.2/../../../../arm-atollic-eabi/lib/thumb/armv7-m\libc.a(lib_a-memcpy.o)
                0x08006138                memcpy
 .text._Balloc  0x0800614a       0x62 c:/program files/atollic/truestudio for arm lite 3.2.0/armtools/bin/../lib/gcc/arm-atollic-eabi/4.6.2/../../../../arm-atollic-eabi/lib/thumb/armv7-m\libc.a(lib_a-mprec.o)
                0x0800614a                _Balloc
 .text._Bfree   0x080061ac       0x2e c:/program files/atollic/truestudio for arm lite 3.2.0/armtools/bin/../lib/gcc/arm-atollic-eabi/4.6.2/../../../../arm-atollic-eabi/lib/thumb/armv7-m\libc.a(lib_a-mprec.o)
                0x080061ac                _Bfree
 .text.__multadd
                0x080061da       0x78 c:/program files/atollic/truestudio for arm lite 3.2.0/armtools/bin/../lib/gcc/arm-atollic-eabi/4.6.2/../../../../arm-atollic-eabi/lib/thumb/armv7-m\libc.a(lib_a-mprec.o)
                0x080061da                __multadd
 .text.__s2b    0x08006252       0x7c c:/program files/atollic/truestudio for arm lite 3.2.0/armtools/bin/../lib/gcc/arm-atollic-eabi/4.6.2/../../../../arm-atollic-eabi/lib/thumb/armv7-m\libc.a(lib_a-mprec.o)
                0x08006252                __s2b
 .text.__hi0bits
                0x080062ce       0x3e c:/program files/atollic/truestudio for arm lite 3.2.0/armtools/bin/../lib/gcc/arm-atollic-eabi/4.6.2/../../../../arm-atollic-eabi/lib/thumb/armv7-m\libc.a(lib_a-mprec.o)
                0x080062ce                __hi0bits
 .text.__lo0bits
                0x0800630c       0x5a c:/program files/atollic/truestudio for arm lite 3.2.0/armtools/bin/../lib/gcc/arm-atollic-eabi/4.6.2/../../../../arm-atollic-eabi/lib/thumb/armv7-m\libc.a(lib_a-mprec.o)
                0x0800630c                __lo0bits
 .text.__i2b    0x08006366       0x12 c:/program files/atollic/truestudio for arm lite 3.2.0/armtools/bin/../lib/gcc/arm-atollic-eabi/4.6.2/../../../../arm-atollic-eabi/lib/thumb/armv7-m\libc.a(lib_a-mprec.o)
                0x08006366                __i2b
 .text.__multiply
                0x08006378      0x128 c:/program files/atollic/truestudio for arm lite 3.2.0/armtools/bin/../lib/gcc/arm-atollic-eabi/4.6.2/../../../../arm-atollic-eabi/lib/thumb/armv7-m\libc.a(lib_a-mprec.o)
                0x08006378                __multiply
 .text.__pow5mult
                0x080064a0       0xa0 c:/program files/atollic/truestudio for arm lite 3.2.0/armtools/bin/../lib/gcc/arm-atollic-eabi/4.6.2/../../../../arm-atollic-eabi/lib/thumb/armv7-m\libc.a(lib_a-mprec.o)
                0x080064a0                __pow5mult
 .text.__lshift
                0x08006540       0xae c:/program files/atollic/truestudio for arm lite 3.2.0/armtools/bin/../lib/gcc/arm-atollic-eabi/4.6.2/../../../../arm-atollic-eabi/lib/thumb/armv7-m\libc.a(lib_a-mprec.o)
                0x08006540                __lshift
 .text.__mcmp   0x080065ee       0x3e c:/program files/atollic/truestudio for arm lite 3.2.0/armtools/bin/../lib/gcc/arm-atollic-eabi/4.6.2/../../../../arm-atollic-eabi/lib/thumb/armv7-m\libc.a(lib_a-mprec.o)
                0x080065ee                __mcmp
 .text.__mdiff  0x0800662c       0xc8 c:/program files/atollic/truestudio for arm lite 3.2.0/armtools/bin/../lib/gcc/arm-atollic-eabi/4.6.2/../../../../arm-atollic-eabi/lib/thumb/armv7-m\libc.a(lib_a-mprec.o)
                0x0800662c                __mdiff
 .text.__ulp    0x080066f4       0x42 c:/program files/atollic/truestudio for arm lite 3.2.0/armtools/bin/../lib/gcc/arm-atollic-eabi/4.6.2/../../../../arm-atollic-eabi/lib/thumb/armv7-m\libc.a(lib_a-mprec.o)
                0x080066f4                __ulp
 .text.__b2d    0x08006736       0xa6 c:/program files/atollic/truestudio for arm lite 3.2.0/armtools/bin/../lib/gcc/arm-atollic-eabi/4.6.2/../../../../arm-atollic-eabi/lib/thumb/armv7-m\libc.a(lib_a-mprec.o)
                0x08006736                __b2d
 .text.__d2b    0x080067dc       0xbc c:/program files/atollic/truestudio for arm lite 3.2.0/armtools/bin/../lib/gcc/arm-atollic-eabi/4.6.2/../../../../arm-atollic-eabi/lib/thumb/armv7-m\libc.a(lib_a-mprec.o)
                0x080067dc                __d2b
 .text.__ratio  0x08006898       0x46 c:/program files/atollic/truestudio for arm lite 3.2.0/armtools/bin/../lib/gcc/arm-atollic-eabi/4.6.2/../../../../arm-atollic-eabi/lib/thumb/armv7-m\libc.a(lib_a-mprec.o)
                0x08006898                __ratio
 .text.__copybits
                0x080068de       0x34 c:/program files/atollic/truestudio for arm lite 3.2.0/armtools/bin/../lib/gcc/arm-atollic-eabi/4.6.2/../../../../arm-atollic-eabi/lib/thumb/armv7-m\libc.a(lib_a-mprec.o)
                0x080068de                __copybits
 .text.__any_on
                0x08006912       0x4a c:/program files/atollic/truestudio for arm lite 3.2.0/armtools/bin/../lib/gcc/arm-atollic-eabi/4.6.2/../../../../arm-atollic-eabi/lib/thumb/armv7-m\libc.a(lib_a-mprec.o)
                0x08006912                __any_on
 .text.strncmp  0x0800695c       0x2a c:/program files/atollic/truestudio for arm lite 3.2.0/armtools/bin/../lib/gcc/arm-atollic-eabi/4.6.2/../../../../arm-atollic-eabi/lib/thumb/armv7-m\libc.a(lib_a-strncmp.o)
                0x0800695c                strncmp
 .text._calloc_r
                0x08006986       0x5a c:/program files/atollic/truestudio for arm lite 3.2.0/armtools/bin/../lib/gcc/arm-atollic-eabi/4.6.2/../../../../arm-atollic-eabi/lib/thumb/armv7-m\libc.a(lib_a-callocr.o)
                0x08006986                _calloc_r
 .text.malloc   0x080069e0       0x10 c:/program files/atollic/truestudio for arm lite 3.2.0/armtools/bin/../lib/gcc/arm-atollic-eabi/4.6.2/../../../../arm-atollic-eabi/lib/thumb/armv7-m\libc.a(lib_a-malloc.o)
                0x080069e0                malloc
 .text._malloc_r
                0x080069f0      0x3fc c:/program files/atollic/truestudio for arm lite 3.2.0/armtools/bin/../lib/gcc/arm-atollic-eabi/4.6.2/../../../../arm-atollic-eabi/lib/thumb/armv7-m\libc.a(lib_a-mallocr.o)
                0x080069f0                _malloc_r
 .text.memset   0x08006dec        0xe c:/program files/atollic/truestudio for arm lite 3.2.0/armtools/bin/../lib/gcc/arm-atollic-eabi/4.6.2/../../../../arm-atollic-eabi/lib/thumb/armv7-m\libc.a(lib_a-memset.o)
                0x08006dec                memset
 .text.__malloc_lock
                0x08006dfa        0x2 c:/program files/atollic/truestudio for arm lite 3.2.0/armtools/bin/../lib/gcc/arm-atollic-eabi/4.6.2/../../../../arm-atollic-eabi/lib/thumb/armv7-m\libc.a(lib_a-mlock.o)
                0x08006dfa                __malloc_lock
 .text.__malloc_unlock
                0x08006dfc        0x2 c:/program files/atollic/truestudio for arm lite 3.2.0/armtools/bin/../lib/gcc/arm-atollic-eabi/4.6.2/../../../../arm-atollic-eabi/lib/thumb/armv7-m\libc.a(lib_a-mlock.o)
                0x08006dfc                __malloc_unlock
 *fill*         0x08006dfe        0x2 00
 .text._sbrk_r  0x08006e00       0x20 c:/program files/atollic/truestudio for arm lite 3.2.0/armtools/bin/../lib/gcc/arm-atollic-eabi/4.6.2/../../../../arm-atollic-eabi/lib/thumb/armv7-m\libc.a(lib_a-sbrkr.o)
                0x08006e00                _sbrk_r
 .text._sbrk    0x08006e20       0x34 c:/program files/atollic/truestudio for arm lite 3.2.0/armtools/bin/../lib/gcc/arm-atollic-eabi/4.6.2/../../../../arm-atollic-eabi/lib/thumb/armv7-m\libc.a(lib_a-syscalls.o)
                0x08006e20                _sbrk
 .text._malloc_trim_r
                0x08006e54       0xa8 c:/program files/atollic/truestudio for arm lite 3.2.0/armtools/bin/../lib/gcc/arm-atollic-eabi/4.6.2/../../../../arm-atollic-eabi/lib/thumb/armv7-m\libc.a(lib_a-freer.o)
                0x08006e54                _malloc_trim_r
 .text._free_r  0x08006efc      0x16c c:/program files/atollic/truestudio for arm lite 3.2.0/armtools/bin/../lib/gcc/arm-atollic-eabi/4.6.2/../../../../arm-atollic-eabi/lib/thumb/armv7-m\libc.a(lib_a-freer.o)
                0x08006efc                _free_r
 *(.rodata)
 .rodata        0x08007068      0x1e4 src\termostat.o
 .rodata        0x0800724c       0x18 src\main.o
 .rodata        0x08007264      0x42c src\Communication.o
 .rodata        0x08007690        0x4 mcu\src\usart.o
 *(.rodata*)
 .rodata.str1.1
                0x08007694        0x4 c:/program files/atollic/truestudio for arm lite 3.2.0/armtools/bin/../lib/gcc/arm-atollic-eabi/4.6.2/../../../../arm-atollic-eabi/lib/thumb/armv7-m\libm.a(lib_a-w_pow.o)
 .rodata.dp_h   0x08007698       0x10 c:/program files/atollic/truestudio for arm lite 3.2.0/armtools/bin/../lib/gcc/arm-atollic-eabi/4.6.2/../../../../arm-atollic-eabi/lib/thumb/armv7-m\libm.a(lib_a-e_pow.o)
 .rodata.dp_l   0x080076a8       0x10 c:/program files/atollic/truestudio for arm lite 3.2.0/armtools/bin/../lib/gcc/arm-atollic-eabi/4.6.2/../../../../arm-atollic-eabi/lib/thumb/armv7-m\libm.a(lib_a-e_pow.o)
 .rodata.str1.1
                0x00000000        0x4 c:/program files/atollic/truestudio for arm lite 3.2.0/armtools/bin/../lib/gcc/arm-atollic-eabi/4.6.2/../../../../arm-atollic-eabi/lib/thumb/armv7-m\libm.a(lib_a-e_pow.o)
                                  0x1 (size before relaxing)
 .rodata.bp     0x080076b8       0x10 c:/program files/atollic/truestudio for arm lite 3.2.0/armtools/bin/../lib/gcc/arm-atollic-eabi/4.6.2/../../../../arm-atollic-eabi/lib/thumb/armv7-m\libm.a(lib_a-e_pow.o)
 .rodata.TWO52  0x080076c8       0x10 c:/program files/atollic/truestudio for arm lite 3.2.0/armtools/bin/../lib/gcc/arm-atollic-eabi/4.6.2/../../../../arm-atollic-eabi/lib/thumb/armv7-m\libm.a(lib_a-s_rint.o)
 .rodata._ctype_
                0x080076d8      0x101 c:/program files/atollic/truestudio for arm lite 3.2.0/armtools/bin/../lib/gcc/arm-atollic-eabi/4.6.2/../../../../arm-atollic-eabi/lib/thumb/armv7-m\libc.a(lib_a-ctype_.o)
                0x080076d8                _ctype_
 .rodata.str1.1
                0x080077d9        0x2 c:/program files/atollic/truestudio for arm lite 3.2.0/armtools/bin/../lib/gcc/arm-atollic-eabi/4.6.2/../../../../arm-atollic-eabi/lib/thumb/armv7-m\libc.a(lib_a-impure.o)
 .rodata.str1.1
                0x080077db        0xc c:/program files/atollic/truestudio for arm lite 3.2.0/armtools/bin/../lib/gcc/arm-atollic-eabi/4.6.2/../../../../arm-atollic-eabi/lib/thumb/armv7-m\libc.a(lib_a-strtod.o)
 *fill*         0x080077e7        0x1 00
 .rodata.tinytens
                0x080077e8       0x28 c:/program files/atollic/truestudio for arm lite 3.2.0/armtools/bin/../lib/gcc/arm-atollic-eabi/4.6.2/../../../../arm-atollic-eabi/lib/thumb/armv7-m\libc.a(lib_a-strtod.o)
 .rodata.str1.1
                0x08007810       0x19 c:/program files/atollic/truestudio for arm lite 3.2.0/armtools/bin/../lib/gcc/arm-atollic-eabi/4.6.2/../../../../arm-atollic-eabi/lib/thumb/armv7-m\libc.a(lib_a-gdtoa-gethex.o)
 .rodata.str1.1
                0x08007829        0x8 c:/program files/atollic/truestudio for arm lite 3.2.0/armtools/bin/../lib/gcc/arm-atollic-eabi/4.6.2/../../../../arm-atollic-eabi/lib/thumb/armv7-m\libc.a(lib_a-locale.o)
                                  0xb (size before relaxing)
 *fill*         0x08007831        0x3 00
 .rodata.p05.5123
                0x08007834        0xc c:/program files/atollic/truestudio for arm lite 3.2.0/armtools/bin/../lib/gcc/arm-atollic-eabi/4.6.2/../../../../arm-atollic-eabi/lib/thumb/armv7-m\libc.a(lib_a-mprec.o)
 .rodata.__mprec_tens
                0x08007840       0xc8 c:/program files/atollic/truestudio for arm lite 3.2.0/armtools/bin/../lib/gcc/arm-atollic-eabi/4.6.2/../../../../arm-atollic-eabi/lib/thumb/armv7-m\libc.a(lib_a-mprec.o)
                0x08007840                __mprec_tens
 .rodata.__mprec_bigtens
                0x08007908       0x28 c:/program files/atollic/truestudio for arm lite 3.2.0/armtools/bin/../lib/gcc/arm-atollic-eabi/4.6.2/../../../../arm-atollic-eabi/lib/thumb/armv7-m\libc.a(lib_a-mprec.o)
                0x08007908                __mprec_bigtens
 *(.glue_7)
 .glue_7        0x00000000        0x0 linker stubs
 *(.glue_7t)
 .glue_7t       0x00000000        0x0 linker stubs
 *(.eh_frame)
 .eh_frame      0x08007930        0x0 c:/program files/atollic/truestudio for arm lite 3.2.0/armtools/bin/../lib/gcc/arm-atollic-eabi/4.6.2/thumb/armv7-m/crtbegin.o
 *(.init)
 .init          0x08007930        0x4 c:/program files/atollic/truestudio for arm lite 3.2.0/armtools/bin/../lib/gcc/arm-atollic-eabi/4.6.2/thumb/armv7-m/crti.o
                0x08007930                _init
 .init          0x08007934        0x8 c:/program files/atollic/truestudio for arm lite 3.2.0/armtools/bin/../lib/gcc/arm-atollic-eabi/4.6.2/thumb/armv7-m/crtn.o
 *(.fini)
 .fini          0x0800793c        0x4 c:/program files/atollic/truestudio for arm lite 3.2.0/armtools/bin/../lib/gcc/arm-atollic-eabi/4.6.2/thumb/armv7-m/crti.o
                0x0800793c                _fini
 .fini          0x08007940        0x8 c:/program files/atollic/truestudio for arm lite 3.2.0/armtools/bin/../lib/gcc/arm-atollic-eabi/4.6.2/thumb/armv7-m/crtn.o
                0x08007948                . = ALIGN (0x4)
                0x08007948                _etext = .

.vfp11_veneer   0x08007948        0x0
 .vfp11_veneer  0x00000000        0x0 linker stubs

.v4_bx          0x08007948        0x0
 .v4_bx         0x00000000        0x0 linker stubs

.ARM.extab
 *(.ARM.extab* .gnu.linkonce.armextab.*)

.ARM            0x08007948        0x0
                0x08007948                __exidx_start = .
 *(.ARM.exidx*)
                0x08007948                __exidx_end = .

.preinit_array  0x08007948        0x0
                0x08007948                PROVIDE (__preinit_array_start, .)
 *(.preinit_array*)
                0x08007948                PROVIDE (__preinit_array_end, .)

.init_array     0x08007948        0x4
                0x08007948                PROVIDE (__init_array_start, .)
 *(SORT(.init_array.*))
 *(.init_array*)
 .init_array    0x08007948        0x4 c:/program files/atollic/truestudio for arm lite 3.2.0/armtools/bin/../lib/gcc/arm-atollic-eabi/4.6.2/thumb/armv7-m/crtbegin.o
                0x0800794c                PROVIDE (__init_array_end, .)

.fini_array     0x0800794c        0x4
                0x0800794c                PROVIDE (__fini_array_start, .)
 *(.fini_array*)
 .fini_array    0x0800794c        0x4 c:/program files/atollic/truestudio for arm lite 3.2.0/armtools/bin/../lib/gcc/arm-atollic-eabi/4.6.2/thumb/armv7-m/crtbegin.o
 *(SORT(.fini_array.*))
                0x08007950                PROVIDE (__fini_array_end, .)
                0x08007950                _sidata = .

.data           0x20000000      0x594 load address 0x08007950
                0x20000000                . = ALIGN (0x4)
                0x20000000                _sdata = .
 *(.data)
 *(.data*)
 .data.actual_temp
                0x20000000        0x4 src\termostat.o
                0x20000000                actual_temp
 .data.desired_temp
                0x20000004        0x4 src\termostat.o
                0x20000004                desired_temp
 .data.hysteresis
                0x20000008        0x4 src\termostat.o
                0x20000008                hysteresis
 .data.PLLMulTable
                0x2000000c        0xc Libraries\STM32L1xx_StdPeriph_Driver\src\stm32l1xx_rcc.o
 .data.APBAHBPrescTable
                0x20000018       0x10 Libraries\STM32L1xx_StdPeriph_Driver\src\stm32l1xx_rcc.o
 .data.__fdlib_version
                0x20000028        0x1 c:/program files/atollic/truestudio for arm lite 3.2.0/armtools/bin/../lib/gcc/arm-atollic-eabi/4.6.2/../../../../arm-atollic-eabi/lib/thumb/armv7-m\libm.a(lib_a-s_lib_ver.o)
                0x20000028                __fdlib_version
 *fill*         0x20000029        0x3 00
 .data.__ctype_ptr__
                0x2000002c        0x4 c:/program files/atollic/truestudio for arm lite 3.2.0/armtools/bin/../lib/gcc/arm-atollic-eabi/4.6.2/../../../../arm-atollic-eabi/lib/thumb/armv7-m\libc.a(lib_a-ctype_.o)
                0x2000002c                __ctype_ptr__
 .data.impure_data
                0x20000030       0xf0 c:/program files/atollic/truestudio for arm lite 3.2.0/armtools/bin/../lib/gcc/arm-atollic-eabi/4.6.2/../../../../arm-atollic-eabi/lib/thumb/armv7-m\libc.a(lib_a-impure.o)
 .data._impure_ptr
                0x20000120        0x4 c:/program files/atollic/truestudio for arm lite 3.2.0/armtools/bin/../lib/gcc/arm-atollic-eabi/4.6.2/../../../../arm-atollic-eabi/lib/thumb/armv7-m\libc.a(lib_a-impure.o)
                0x20000120                _impure_ptr
 .data.fpinan.5115
                0x20000124       0x14 c:/program files/atollic/truestudio for arm lite 3.2.0/armtools/bin/../lib/gcc/arm-atollic-eabi/4.6.2/../../../../arm-atollic-eabi/lib/thumb/armv7-m\libc.a(lib_a-strtod.o)
 .data.fpi.5079
                0x20000138       0x14 c:/program files/atollic/truestudio for arm lite 3.2.0/armtools/bin/../lib/gcc/arm-atollic-eabi/4.6.2/../../../../arm-atollic-eabi/lib/thumb/armv7-m\libc.a(lib_a-strtod.o)
 .data.lconv    0x2000014c       0x38 c:/program files/atollic/truestudio for arm lite 3.2.0/armtools/bin/../lib/gcc/arm-atollic-eabi/4.6.2/../../../../arm-atollic-eabi/lib/thumb/armv7-m\libc.a(lib_a-locale.o)
 .data.__malloc_av_
                0x20000184      0x408 c:/program files/atollic/truestudio for arm lite 3.2.0/armtools/bin/../lib/gcc/arm-atollic-eabi/4.6.2/../../../../arm-atollic-eabi/lib/thumb/armv7-m\libc.a(lib_a-mallocr.o)
                0x20000184                __malloc_av_
 .data.__malloc_trim_threshold
                0x2000058c        0x4 c:/program files/atollic/truestudio for arm lite 3.2.0/armtools/bin/../lib/gcc/arm-atollic-eabi/4.6.2/../../../../arm-atollic-eabi/lib/thumb/armv7-m\libc.a(lib_a-mallocr.o)
                0x2000058c                __malloc_trim_threshold
 .data.__malloc_sbrk_base
                0x20000590        0x4 c:/program files/atollic/truestudio for arm lite 3.2.0/armtools/bin/../lib/gcc/arm-atollic-eabi/4.6.2/../../../../arm-atollic-eabi/lib/thumb/armv7-m\libc.a(lib_a-mallocr.o)
                0x20000590                __malloc_sbrk_base
                0x20000594                . = ALIGN (0x4)
                0x20000594                _edata = .

.jcr            0x20000594        0x0 load address 0x08007ee4
 .jcr           0x20000594        0x0 c:/program files/atollic/truestudio for arm lite 3.2.0/armtools/bin/../lib/gcc/arm-atollic-eabi/4.6.2/thumb/armv7-m/crtbegin.o
                0x20000594                . = ALIGN (0x4)

.bss            0x20000598      0x3a0 load address 0x08007ee8
                0x20000598                _sbss = .
                0x20000598                __bss_start__ = _sbss
 *(.bss)
 .bss           0x20000598       0x1c c:/program files/atollic/truestudio for arm lite 3.2.0/armtools/bin/../lib/gcc/arm-atollic-eabi/4.6.2/thumb/armv7-m/crtbegin.o
 *(.bss*)
 .bss.heating   0x200005b4        0x4 src\termostat.o
                0x200005b4                heating
 .bss.selected_thermo
                0x200005b8        0x4 src\termostat.o
                0x200005b8                selected_thermo
 .bss.selected_switch
                0x200005bc        0x4 src\termostat.o
                0x200005bc                selected_switch
 .bss.var_print_variables
                0x200005c0        0x4 src\termostat.o
                0x200005c0                var_print_variables
 .bss.var_print_display
                0x200005c4        0x4 src\termostat.o
                0x200005c4                var_print_display
 .bss.OW_devices_count
                0x200005c8        0x4 src\termostat.o
                0x200005c8                OW_devices_count
 *fill*         0x200005cc        0x4 00
 .bss.null_address.8112
                0x200005d0        0x8 src\termostat.o
 .bss.poslednybit.8068
                0x200005d8        0x1 src\termostat.o
 *fill*         0x200005d9        0x3 00
 .bss.i.8098    0x200005dc        0x4 src\Communication.o
 .bss.buffer.8097
                0x200005e0       0x20 src\Communication.o
 .bss.buffer.8085
                0x20000600      0x100 src\Communication.o
 .bss.buffer.8074
                0x20000700       0x40 src\Communication.o
 .bss.str.8061  0x20000740       0x40 src\Communication.o
 .bss.buffer.8051
                0x20000780       0x14 src\Communication.o
 .bss.gCallback2
                0x20000794        0x4 mcu\src\usart.o
                0x20000794                gCallback2
 .bss.__malloc_max_total_mem
                0x20000798        0x4 c:/program files/atollic/truestudio for arm lite 3.2.0/armtools/bin/../lib/gcc/arm-atollic-eabi/4.6.2/../../../../arm-atollic-eabi/lib/thumb/armv7-m\libc.a(lib_a-mallocr.o)
                0x20000798                __malloc_max_total_mem
 .bss.__malloc_max_sbrked_mem
                0x2000079c        0x4 c:/program files/atollic/truestudio for arm lite 3.2.0/armtools/bin/../lib/gcc/arm-atollic-eabi/4.6.2/../../../../arm-atollic-eabi/lib/thumb/armv7-m\libc.a(lib_a-mallocr.o)
                0x2000079c                __malloc_max_sbrked_mem
 .bss.__malloc_top_pad
                0x200007a0        0x4 c:/program files/atollic/truestudio for arm lite 3.2.0/armtools/bin/../lib/gcc/arm-atollic-eabi/4.6.2/../../../../arm-atollic-eabi/lib/thumb/armv7-m\libc.a(lib_a-mallocr.o)
                0x200007a0                __malloc_top_pad
 .bss.__malloc_current_mallinfo
                0x200007a4       0x28 c:/program files/atollic/truestudio for arm lite 3.2.0/armtools/bin/../lib/gcc/arm-atollic-eabi/4.6.2/../../../../arm-atollic-eabi/lib/thumb/armv7-m\libc.a(lib_a-mallocr.o)
                0x200007a4                __malloc_current_mallinfo
 .bss.heap_end.4982
                0x200007cc        0x4 c:/program files/atollic/truestudio for arm lite 3.2.0/armtools/bin/../lib/gcc/arm-atollic-eabi/4.6.2/../../../../arm-atollic-eabi/lib/thumb/armv7-m\libc.a(lib_a-syscalls.o)
 *(COMMON)
 COMMON         0x200007d0       0x50 src\termostat.o
                0x200007d0                OW_device
 COMMON         0x20000820       0x14 mcu\src\onewire.o
                0x20000820                ROM_NO
                0x20000828                LastFamilyDiscrepancy
                0x20000829                LastDeviceFlag
                0x2000082a                LastDiscrepancy
                0x2000082c                OW_settings
 COMMON         0x20000834      0x100 c:/program files/atollic/truestudio for arm lite 3.2.0/armtools/bin/../lib/gcc/arm-atollic-eabi/4.6.2/../../../../arm-atollic-eabi/lib/thumb/armv7-m\libc.a(lib_a-gdtoa-gethex.o)
                0x20000834                __hexdig
 COMMON         0x20000934        0x4 c:/program files/atollic/truestudio for arm lite 3.2.0/armtools/bin/../lib/gcc/arm-atollic-eabi/4.6.2/../../../../arm-atollic-eabi/lib/thumb/armv7-m\libc.a(lib_a-reent.o)
                0x20000934                errno
                0x20000938                . = ALIGN (0x4)
                0x20000938                _ebss = .
                0x20000938                __bss_end__ = _ebss

._user_heap_stack
                0x20000938       0x80 load address 0x08007ee4
                0x20000938                . = ALIGN (0x4)
                0x20000938                PROVIDE (end, .)
                0x20000938                PROVIDE (_end, .)
                0x20000938                . = (. + _Min_Heap_Size)
                0x200009b8                . = (. + _Min_Stack_Size)
 *fill*         0x20000938       0x80 00
                0x200009b8                . = ALIGN (0x4)

.memory_b1_text
 *(.mb1text)
 *(.mb1text*)
 *(.mb1rodata)
 *(.mb1rodata*)

/DISCARD/
 libc.a(*)
 libm.a(*)
 libgcc.a(*)

.ARM.attributes
                0x00000000       0x29
 *(.ARM.attributes)
 .ARM.attributes
                0x00000000       0x1d c:/program files/atollic/truestudio for arm lite 3.2.0/armtools/bin/../lib/gcc/arm-atollic-eabi/4.6.2/thumb/armv7-m/crti.o
 .ARM.attributes
                0x0000001d       0x2d c:/program files/atollic/truestudio for arm lite 3.2.0/armtools/bin/../lib/gcc/arm-atollic-eabi/4.6.2/thumb/armv7-m/crtbegin.o
 .ARM.attributes
                0x0000004a       0x33 src\termostat.o
 .ARM.attributes
                0x0000007d       0x33 src\system_stm32l1xx.o
 .ARM.attributes
                0x000000b0       0x33 src\stm32l1xx_it.o
 .ARM.attributes
                0x000000e3       0x33 src\main.o
 .ARM.attributes
                0x00000116       0x33 src\Communication.o
 .ARM.attributes
                0x00000149       0x33 mcu\src\usart.o
 .ARM.attributes
                0x0000017c       0x33 mcu\src\onewire.o
 .ARM.attributes
                0x000001af       0x33 mcu\src\mcu.o
 .ARM.attributes
                0x000001e2       0x33 mcu\src\ds2405.o
 .ARM.attributes
                0x00000215       0x33 mcu\src\ds18b20.o
 .ARM.attributes
                0x00000248       0x33 Libraries\STM32L1xx_StdPeriph_Driver\src\stm32l1xx_wwdg.o
 .ARM.attributes
                0x0000027b       0x33 Libraries\STM32L1xx_StdPeriph_Driver\src\stm32l1xx_usart.o
 .ARM.attributes
                0x000002ae       0x33 Libraries\STM32L1xx_StdPeriph_Driver\src\stm32l1xx_tim.o
 .ARM.attributes
                0x000002e1       0x33 Libraries\STM32L1xx_StdPeriph_Driver\src\stm32l1xx_syscfg.o
 .ARM.attributes
                0x00000314       0x33 Libraries\STM32L1xx_StdPeriph_Driver\src\stm32l1xx_spi.o
 .ARM.attributes
                0x00000347       0x33 Libraries\STM32L1xx_StdPeriph_Driver\src\stm32l1xx_rtc.o
 .ARM.attributes
                0x0000037a       0x33 Libraries\STM32L1xx_StdPeriph_Driver\src\stm32l1xx_rcc.o
 .ARM.attributes
                0x000003ad       0x33 Libraries\STM32L1xx_StdPeriph_Driver\src\stm32l1xx_pwr.o
 .ARM.attributes
                0x000003e0       0x33 Libraries\STM32L1xx_StdPeriph_Driver\src\stm32l1xx_lcd.o
 .ARM.attributes
                0x00000413       0x33 Libraries\STM32L1xx_StdPeriph_Driver\src\stm32l1xx_iwdg.o
 .ARM.attributes
                0x00000446       0x33 Libraries\STM32L1xx_StdPeriph_Driver\src\stm32l1xx_i2c.o
 .ARM.attributes
                0x00000479       0x33 Libraries\STM32L1xx_StdPeriph_Driver\src\stm32l1xx_gpio.o
 .ARM.attributes
                0x000004ac       0x33 Libraries\STM32L1xx_StdPeriph_Driver\src\stm32l1xx_flash_ramfunc.o
 .ARM.attributes
                0x000004df       0x33 Libraries\STM32L1xx_StdPeriph_Driver\src\stm32l1xx_flash.o
 .ARM.attributes
                0x00000512       0x33 Libraries\STM32L1xx_StdPeriph_Driver\src\stm32l1xx_exti.o
 .ARM.attributes
                0x00000545       0x33 Libraries\STM32L1xx_StdPeriph_Driver\src\stm32l1xx_dma.o
 .ARM.attributes
                0x00000578       0x33 Libraries\STM32L1xx_StdPeriph_Driver\src\stm32l1xx_dbgmcu.o
 .ARM.attributes
                0x000005ab       0x33 Libraries\STM32L1xx_StdPeriph_Driver\src\stm32l1xx_dac.o
 .ARM.attributes
                0x000005de       0x33 Libraries\STM32L1xx_StdPeriph_Driver\src\stm32l1xx_crc.o
 .ARM.attributes
                0x00000611       0x33 Libraries\STM32L1xx_StdPeriph_Driver\src\stm32l1xx_comp.o
 .ARM.attributes
                0x00000644       0x33 Libraries\STM32L1xx_StdPeriph_Driver\src\stm32l1xx_adc.o
 .ARM.attributes
                0x00000677       0x33 Libraries\STM32L1xx_StdPeriph_Driver\src\misc.o
 .ARM.attributes
                0x000006aa       0x21 Libraries\CMSIS\CM3\DeviceSupport\ST\STM32L1xx\startup\TrueSTUDIO\startup_stm32l1xx_md.o
 .ARM.attributes
                0x000006cb       0x33 Libraries\CMSIS\CM3\CoreSupport\core_cm3.o
 .ARM.attributes
                0x000006fe       0x2d c:/program files/atollic/truestudio for arm lite 3.2.0/armtools/bin/../lib/gcc/arm-atollic-eabi/4.6.2/../../../../arm-atollic-eabi/lib/thumb/armv7-m\libm.a(lib_a-w_pow.o)
 .ARM.attributes
                0x0000072b       0x2d c:/program files/atollic/truestudio for arm lite 3.2.0/armtools/bin/../lib/gcc/arm-atollic-eabi/4.6.2/../../../../arm-atollic-eabi/lib/thumb/armv7-m\libm.a(lib_a-e_pow.o)
 .ARM.attributes
                0x00000758       0x2d c:/program files/atollic/truestudio for arm lite 3.2.0/armtools/bin/../lib/gcc/arm-atollic-eabi/4.6.2/../../../../arm-atollic-eabi/lib/thumb/armv7-m\libm.a(lib_a-e_sqrt.o)
 .ARM.attributes
                0x00000785       0x2d c:/program files/atollic/truestudio for arm lite 3.2.0/armtools/bin/../lib/gcc/arm-atollic-eabi/4.6.2/../../../../arm-atollic-eabi/lib/thumb/armv7-m\libm.a(lib_a-s_fabs.o)
 .ARM.attributes
                0x000007b2       0x2d c:/program files/atollic/truestudio for arm lite 3.2.0/armtools/bin/../lib/gcc/arm-atollic-eabi/4.6.2/../../../../arm-atollic-eabi/lib/thumb/armv7-m\libm.a(lib_a-s_finite.o)
 .ARM.attributes
                0x000007df       0x2d c:/program files/atollic/truestudio for arm lite 3.2.0/armtools/bin/../lib/gcc/arm-atollic-eabi/4.6.2/../../../../arm-atollic-eabi/lib/thumb/armv7-m\libm.a(lib_a-s_fpclassify.o)
 .ARM.attributes
                0x0000080c       0x2d c:/program files/atollic/truestudio for arm lite 3.2.0/armtools/bin/../lib/gcc/arm-atollic-eabi/4.6.2/../../../../arm-atollic-eabi/lib/thumb/armv7-m\libm.a(lib_a-s_lib_ver.o)
 .ARM.attributes
                0x00000839       0x2d c:/program files/atollic/truestudio for arm lite 3.2.0/armtools/bin/../lib/gcc/arm-atollic-eabi/4.6.2/../../../../arm-atollic-eabi/lib/thumb/armv7-m\libm.a(lib_a-s_matherr.o)
 .ARM.attributes
                0x00000866       0x2d c:/program files/atollic/truestudio for arm lite 3.2.0/armtools/bin/../lib/gcc/arm-atollic-eabi/4.6.2/../../../../arm-atollic-eabi/lib/thumb/armv7-m\libm.a(lib_a-s_nan.o)
 .ARM.attributes
                0x00000893       0x2d c:/program files/atollic/truestudio for arm lite 3.2.0/armtools/bin/../lib/gcc/arm-atollic-eabi/4.6.2/../../../../arm-atollic-eabi/lib/thumb/armv7-m\libm.a(lib_a-s_rint.o)
 .ARM.attributes
                0x000008c0       0x2d c:/program files/atollic/truestudio for arm lite 3.2.0/armtools/bin/../lib/gcc/arm-atollic-eabi/4.6.2/../../../../arm-atollic-eabi/lib/thumb/armv7-m\libm.a(lib_a-s_scalbn.o)
 .ARM.attributes
                0x000008ed       0x2d c:/program files/atollic/truestudio for arm lite 3.2.0/armtools/bin/../lib/gcc/arm-atollic-eabi/4.6.2/../../../../arm-atollic-eabi/lib/thumb/armv7-m\libm.a(lib_a-s_copysign.o)
 .ARM.attributes
                0x0000091a       0x1d c:/program files/atollic/truestudio for arm lite 3.2.0/armtools/bin/../lib/gcc/arm-atollic-eabi/4.6.2/thumb/armv7-m\libgcc.a(_arm_addsubdf3.o)
 .ARM.attributes
                0x00000937       0x1d c:/program files/atollic/truestudio for arm lite 3.2.0/armtools/bin/../lib/gcc/arm-atollic-eabi/4.6.2/thumb/armv7-m\libgcc.a(_arm_muldivdf3.o)
 .ARM.attributes
                0x00000954       0x1d c:/program files/atollic/truestudio for arm lite 3.2.0/armtools/bin/../lib/gcc/arm-atollic-eabi/4.6.2/thumb/armv7-m\libgcc.a(_arm_cmpdf2.o)
 .ARM.attributes
                0x00000971       0x1d c:/program files/atollic/truestudio for arm lite 3.2.0/armtools/bin/../lib/gcc/arm-atollic-eabi/4.6.2/thumb/armv7-m\libgcc.a(_arm_fixdfsi.o)
 .ARM.attributes
                0x0000098e       0x1d c:/program files/atollic/truestudio for arm lite 3.2.0/armtools/bin/../lib/gcc/arm-atollic-eabi/4.6.2/thumb/armv7-m\libgcc.a(_arm_truncdfsf2.o)
 .ARM.attributes
                0x000009ab       0x1d c:/program files/atollic/truestudio for arm lite 3.2.0/armtools/bin/../lib/gcc/arm-atollic-eabi/4.6.2/thumb/armv7-m\libgcc.a(_arm_addsubsf3.o)
 .ARM.attributes
                0x000009c8       0x1d c:/program files/atollic/truestudio for arm lite 3.2.0/armtools/bin/../lib/gcc/arm-atollic-eabi/4.6.2/thumb/armv7-m\libgcc.a(_arm_muldivsf3.o)
 .ARM.attributes
                0x000009e5       0x1d c:/program files/atollic/truestudio for arm lite 3.2.0/armtools/bin/../lib/gcc/arm-atollic-eabi/4.6.2/thumb/armv7-m\libgcc.a(_arm_cmpsf2.o)
 .ARM.attributes
                0x00000a02       0x1d c:/program files/atollic/truestudio for arm lite 3.2.0/armtools/bin/../lib/gcc/arm-atollic-eabi/4.6.2/thumb/armv7-m\libgcc.a(_arm_fixsfsi.o)
 .ARM.attributes
                0x00000a1f       0x2d c:/program files/atollic/truestudio for arm lite 3.2.0/armtools/bin/../lib/gcc/arm-atollic-eabi/4.6.2/../../../../arm-atollic-eabi/lib/thumb/armv7-m\libc.a(lib_a-atof.o)
 .ARM.attributes
                0x00000a4c       0x2d c:/program files/atollic/truestudio for arm lite 3.2.0/armtools/bin/../lib/gcc/arm-atollic-eabi/4.6.2/../../../../arm-atollic-eabi/lib/thumb/armv7-m\libc.a(lib_a-atoi.o)
 .ARM.attributes
                0x00000a79       0x2d c:/program files/atollic/truestudio for arm lite 3.2.0/armtools/bin/../lib/gcc/arm-atollic-eabi/4.6.2/../../../../arm-atollic-eabi/lib/thumb/armv7-m\libc.a(lib_a-ctype_.o)
 .ARM.attributes
                0x00000aa6       0x2d c:/program files/atollic/truestudio for arm lite 3.2.0/armtools/bin/../lib/gcc/arm-atollic-eabi/4.6.2/../../../../arm-atollic-eabi/lib/thumb/armv7-m\libc.a(lib_a-errno.o)
 .ARM.attributes
                0x00000ad3       0x2d c:/program files/atollic/truestudio for arm lite 3.2.0/armtools/bin/../lib/gcc/arm-atollic-eabi/4.6.2/../../../../arm-atollic-eabi/lib/thumb/armv7-m\libc.a(lib_a-impure.o)
 .ARM.attributes
                0x00000b00       0x2d c:/program files/atollic/truestudio for arm lite 3.2.0/armtools/bin/../lib/gcc/arm-atollic-eabi/4.6.2/../../../../arm-atollic-eabi/lib/thumb/armv7-m\libc.a(lib_a-init.o)
 .ARM.attributes
                0x00000b2d       0x2d c:/program files/atollic/truestudio for arm lite 3.2.0/armtools/bin/../lib/gcc/arm-atollic-eabi/4.6.2/../../../../arm-atollic-eabi/lib/thumb/armv7-m\libc.a(lib_a-strchr.o)
 .ARM.attributes
                0x00000b5a       0x2d c:/program files/atollic/truestudio for arm lite 3.2.0/armtools/bin/../lib/gcc/arm-atollic-eabi/4.6.2/../../../../arm-atollic-eabi/lib/thumb/armv7-m\libc.a(lib_a-strcpy.o)
 .ARM.attributes
                0x00000b87       0x2d c:/program files/atollic/truestudio for arm lite 3.2.0/armtools/bin/../lib/gcc/arm-atollic-eabi/4.6.2/../../../../arm-atollic-eabi/lib/thumb/armv7-m\libc.a(lib_a-strlen.o)
 .ARM.attributes
                0x00000bb4       0x2d c:/program files/atollic/truestudio for arm lite 3.2.0/armtools/bin/../lib/gcc/arm-atollic-eabi/4.6.2/../../../../arm-atollic-eabi/lib/thumb/armv7-m\libc.a(lib_a-strncpy.o)
 .ARM.attributes
                0x00000be1       0x2d c:/program files/atollic/truestudio for arm lite 3.2.0/armtools/bin/../lib/gcc/arm-atollic-eabi/4.6.2/../../../../arm-atollic-eabi/lib/thumb/armv7-m\libc.a(lib_a-strtod.o)
 .ARM.attributes
                0x00000c0e       0x2d c:/program files/atollic/truestudio for arm lite 3.2.0/armtools/bin/../lib/gcc/arm-atollic-eabi/4.6.2/../../../../arm-atollic-eabi/lib/thumb/armv7-m\libc.a(lib_a-strtol.o)
 .ARM.attributes
                0x00000c3b       0x2d c:/program files/atollic/truestudio for arm lite 3.2.0/armtools/bin/../lib/gcc/arm-atollic-eabi/4.6.2/../../../../arm-atollic-eabi/lib/thumb/armv7-m\libc.a(lib_a-gdtoa-gethex.o)
 .ARM.attributes
                0x00000c68       0x2d c:/program files/atollic/truestudio for arm lite 3.2.0/armtools/bin/../lib/gcc/arm-atollic-eabi/4.6.2/../../../../arm-atollic-eabi/lib/thumb/armv7-m\libc.a(lib_a-gdtoa-hexnan.o)
 .ARM.attributes
                0x00000c95       0x2d c:/program files/atollic/truestudio for arm lite 3.2.0/armtools/bin/../lib/gcc/arm-atollic-eabi/4.6.2/../../../../arm-atollic-eabi/lib/thumb/armv7-m\libc.a(lib_a-locale.o)
 .ARM.attributes
                0x00000cc2       0x2d c:/program files/atollic/truestudio for arm lite 3.2.0/armtools/bin/../lib/gcc/arm-atollic-eabi/4.6.2/../../../../arm-atollic-eabi/lib/thumb/armv7-m\libc.a(lib_a-memcpy.o)
 .ARM.attributes
                0x00000cef       0x2d c:/program files/atollic/truestudio for arm lite 3.2.0/armtools/bin/../lib/gcc/arm-atollic-eabi/4.6.2/../../../../arm-atollic-eabi/lib/thumb/armv7-m\libc.a(lib_a-mprec.o)
 .ARM.attributes
                0x00000d1c       0x2d c:/program files/atollic/truestudio for arm lite 3.2.0/armtools/bin/../lib/gcc/arm-atollic-eabi/4.6.2/../../../../arm-atollic-eabi/lib/thumb/armv7-m\libc.a(lib_a-sf_nan.o)
 .ARM.attributes
                0x00000d49       0x2d c:/program files/atollic/truestudio for arm lite 3.2.0/armtools/bin/../lib/gcc/arm-atollic-eabi/4.6.2/../../../../arm-atollic-eabi/lib/thumb/armv7-m\libc.a(lib_a-strcmp.o)
 .ARM.attributes
                0x00000d76       0x2d c:/program files/atollic/truestudio for arm lite 3.2.0/armtools/bin/../lib/gcc/arm-atollic-eabi/4.6.2/../../../../arm-atollic-eabi/lib/thumb/armv7-m\libc.a(lib_a-strncmp.o)
 .ARM.attributes
                0x00000da3       0x2d c:/program files/atollic/truestudio for arm lite 3.2.0/armtools/bin/../lib/gcc/arm-atollic-eabi/4.6.2/../../../../arm-atollic-eabi/lib/thumb/armv7-m\libc.a(lib_a-callocr.o)
 .ARM.attributes
                0x00000dd0       0x2d c:/program files/atollic/truestudio for arm lite 3.2.0/armtools/bin/../lib/gcc/arm-atollic-eabi/4.6.2/../../../../arm-atollic-eabi/lib/thumb/armv7-m\libc.a(lib_a-malloc.o)
 .ARM.attributes
                0x00000dfd       0x2d c:/program files/atollic/truestudio for arm lite 3.2.0/armtools/bin/../lib/gcc/arm-atollic-eabi/4.6.2/../../../../arm-atollic-eabi/lib/thumb/armv7-m\libc.a(lib_a-mallocr.o)
 .ARM.attributes
                0x00000e2a       0x2d c:/program files/atollic/truestudio for arm lite 3.2.0/armtools/bin/../lib/gcc/arm-atollic-eabi/4.6.2/../../../../arm-atollic-eabi/lib/thumb/armv7-m\libc.a(lib_a-memset.o)
 .ARM.attributes
                0x00000e57       0x2d c:/program files/atollic/truestudio for arm lite 3.2.0/armtools/bin/../lib/gcc/arm-atollic-eabi/4.6.2/../../../../arm-atollic-eabi/lib/thumb/armv7-m\libc.a(lib_a-mlock.o)
 .ARM.attributes
                0x00000e84       0x2d c:/program files/atollic/truestudio for arm lite 3.2.0/armtools/bin/../lib/gcc/arm-atollic-eabi/4.6.2/../../../../arm-atollic-eabi/lib/thumb/armv7-m\libc.a(lib_a-sbrkr.o)
 .ARM.attributes
                0x00000eb1       0x2d c:/program files/atollic/truestudio for arm lite 3.2.0/armtools/bin/../lib/gcc/arm-atollic-eabi/4.6.2/../../../../arm-atollic-eabi/lib/thumb/armv7-m\libc.a(lib_a-syscalls.o)
 .ARM.attributes
                0x00000ede       0x2d c:/program files/atollic/truestudio for arm lite 3.2.0/armtools/bin/../lib/gcc/arm-atollic-eabi/4.6.2/../../../../arm-atollic-eabi/lib/thumb/armv7-m\libc.a(lib_a-freer.o)
 .ARM.attributes
                0x00000f0b       0x2d c:/program files/atollic/truestudio for arm lite 3.2.0/armtools/bin/../lib/gcc/arm-atollic-eabi/4.6.2/../../../../arm-atollic-eabi/lib/thumb/armv7-m\libc.a(lib_a-reent.o)
 .ARM.attributes
                0x00000f38       0x1d c:/program files/atollic/truestudio for arm lite 3.2.0/armtools/bin/../lib/gcc/arm-atollic-eabi/4.6.2/thumb/armv7-m\libgcc.a(_arm_fixunsdfsi.o)
 .ARM.attributes
                0x00000f55       0x2d c:/program files/atollic/truestudio for arm lite 3.2.0/armtools/bin/../lib/gcc/arm-atollic-eabi/4.6.2/thumb/armv7-m/crtend.o
 .ARM.attributes
                0x00000f82       0x1d c:/program files/atollic/truestudio for arm lite 3.2.0/armtools/bin/../lib/gcc/arm-atollic-eabi/4.6.2/thumb/armv7-m/crtn.o
OUTPUT(Termostat.elf elf32-littlearm)

.debug_info     0x00000000     0xc961
 .debug_info    0x00000000      0x597 src\termostat.o
 .debug_info    0x00000597      0x55a src\system_stm32l1xx.o
 .debug_info    0x00000af1      0x14e src\stm32l1xx_it.o
 .debug_info    0x00000c3f      0x267 src\main.o
 .debug_info    0x00000ea6      0x4e4 src\Communication.o
 .debug_info    0x0000138a      0x762 mcu\src\usart.o
 .debug_info    0x00001aec      0x65c mcu\src\onewire.o
 .debug_info    0x00002148       0xcd mcu\src\mcu.o
 .debug_info    0x00002215      0x148 mcu\src\ds2405.o
 .debug_info    0x0000235d      0x1a4 mcu\src\ds18b20.o
 .debug_info    0x00002501      0x24c Libraries\STM32L1xx_StdPeriph_Driver\src\stm32l1xx_wwdg.o
 .debug_info    0x0000274d      0xa43 Libraries\STM32L1xx_StdPeriph_Driver\src\stm32l1xx_usart.o
 .debug_info    0x00003190     0x1b42 Libraries\STM32L1xx_StdPeriph_Driver\src\stm32l1xx_tim.o
 .debug_info    0x00004cd2      0x3f3 Libraries\STM32L1xx_StdPeriph_Driver\src\stm32l1xx_syscfg.o
 .debug_info    0x000050c5      0x76c Libraries\STM32L1xx_StdPeriph_Driver\src\stm32l1xx_spi.o
 .debug_info    0x00005831      0xefa Libraries\STM32L1xx_StdPeriph_Driver\src\stm32l1xx_rtc.o
 .debug_info    0x0000672b      0xa74 Libraries\STM32L1xx_StdPeriph_Driver\src\stm32l1xx_rcc.o
 .debug_info    0x0000719f      0x57b Libraries\STM32L1xx_StdPeriph_Driver\src\stm32l1xx_pwr.o
 .debug_info    0x0000771a      0x4dd Libraries\STM32L1xx_StdPeriph_Driver\src\stm32l1xx_lcd.o
 .debug_info    0x00007bf7      0x202 Libraries\STM32L1xx_StdPeriph_Driver\src\stm32l1xx_iwdg.o
 .debug_info    0x00007df9      0xb4a Libraries\STM32L1xx_StdPeriph_Driver\src\stm32l1xx_i2c.o
 .debug_info    0x00008943      0x628 Libraries\STM32L1xx_StdPeriph_Driver\src\stm32l1xx_gpio.o
 .debug_info    0x00008f6b      0x31f Libraries\STM32L1xx_StdPeriph_Driver\src\stm32l1xx_flash_ramfunc.o
 .debug_info    0x0000928a      0x9cd Libraries\STM32L1xx_StdPeriph_Driver\src\stm32l1xx_flash.o
 .debug_info    0x00009c57      0x366 Libraries\STM32L1xx_StdPeriph_Driver\src\stm32l1xx_exti.o
 .debug_info    0x00009fbd      0x4a1 Libraries\STM32L1xx_StdPeriph_Driver\src\stm32l1xx_dma.o
 .debug_info    0x0000a45e      0x1e6 Libraries\STM32L1xx_StdPeriph_Driver\src\stm32l1xx_dbgmcu.o
 .debug_info    0x0000a644      0x677 Libraries\STM32L1xx_StdPeriph_Driver\src\stm32l1xx_dac.o
 .debug_info    0x0000acbb      0x204 Libraries\STM32L1xx_StdPeriph_Driver\src\stm32l1xx_crc.o
 .debug_info    0x0000aebf      0x24b Libraries\STM32L1xx_StdPeriph_Driver\src\stm32l1xx_comp.o
 .debug_info    0x0000b10a      0xd12 Libraries\STM32L1xx_StdPeriph_Driver\src\stm32l1xx_adc.o
 .debug_info    0x0000be1c      0x548 Libraries\STM32L1xx_StdPeriph_Driver\src\misc.o
 .debug_info    0x0000c364       0xb1 Libraries\CMSIS\CM3\DeviceSupport\ST\STM32L1xx\startup\TrueSTUDIO\startup_stm32l1xx_md.o
 .debug_info    0x0000c415      0x54c Libraries\CMSIS\CM3\CoreSupport\core_cm3.o

.debug_abbrev   0x00000000     0x2943
 .debug_abbrev  0x00000000      0x1a8 src\termostat.o
 .debug_abbrev  0x000001a8      0x17c src\system_stm32l1xx.o
 .debug_abbrev  0x00000324       0x59 src\stm32l1xx_it.o
 .debug_abbrev  0x0000037d      0x120 src\main.o
 .debug_abbrev  0x0000049d      0x115 src\Communication.o
 .debug_abbrev  0x000005b2      0x183 mcu\src\usart.o
 .debug_abbrev  0x00000735      0x1ec mcu\src\onewire.o
 .debug_abbrev  0x00000921       0x7f mcu\src\mcu.o
 .debug_abbrev  0x000009a0       0xb9 mcu\src\ds2405.o
 .debug_abbrev  0x00000a59       0xb7 mcu\src\ds18b20.o
 .debug_abbrev  0x00000b10      0x120 Libraries\STM32L1xx_StdPeriph_Driver\src\stm32l1xx_wwdg.o
 .debug_abbrev  0x00000c30      0x150 Libraries\STM32L1xx_StdPeriph_Driver\src\stm32l1xx_usart.o
 .debug_abbrev  0x00000d80      0x174 Libraries\STM32L1xx_StdPeriph_Driver\src\stm32l1xx_tim.o
 .debug_abbrev  0x00000ef4      0x13f Libraries\STM32L1xx_StdPeriph_Driver\src\stm32l1xx_syscfg.o
 .debug_abbrev  0x00001033      0x150 Libraries\STM32L1xx_StdPeriph_Driver\src\stm32l1xx_spi.o
 .debug_abbrev  0x00001183      0x16d Libraries\STM32L1xx_StdPeriph_Driver\src\stm32l1xx_rtc.o
 .debug_abbrev  0x000012f0      0x1b9 Libraries\STM32L1xx_StdPeriph_Driver\src\stm32l1xx_rcc.o
 .debug_abbrev  0x000014a9      0x1b9 Libraries\STM32L1xx_StdPeriph_Driver\src\stm32l1xx_pwr.o
 .debug_abbrev  0x00001662      0x17d Libraries\STM32L1xx_StdPeriph_Driver\src\stm32l1xx_lcd.o
 .debug_abbrev  0x000017df       0xfc Libraries\STM32L1xx_StdPeriph_Driver\src\stm32l1xx_iwdg.o
 .debug_abbrev  0x000018db      0x15f Libraries\STM32L1xx_StdPeriph_Driver\src\stm32l1xx_i2c.o
 .debug_abbrev  0x00001a3a      0x177 Libraries\STM32L1xx_StdPeriph_Driver\src\stm32l1xx_gpio.o
 .debug_abbrev  0x00001bb1      0x12d Libraries\STM32L1xx_StdPeriph_Driver\src\stm32l1xx_flash_ramfunc.o
 .debug_abbrev  0x00001cde      0x166 Libraries\STM32L1xx_StdPeriph_Driver\src\stm32l1xx_flash.o
 .debug_abbrev  0x00001e44      0x18d Libraries\STM32L1xx_StdPeriph_Driver\src\stm32l1xx_exti.o
 .debug_abbrev  0x00001fd1      0x150 Libraries\STM32L1xx_StdPeriph_Driver\src\stm32l1xx_dma.o
 .debug_abbrev  0x00002121       0xdc Libraries\STM32L1xx_StdPeriph_Driver\src\stm32l1xx_dbgmcu.o
 .debug_abbrev  0x000021fd      0x174 Libraries\STM32L1xx_StdPeriph_Driver\src\stm32l1xx_dac.o
 .debug_abbrev  0x00002371      0x10c Libraries\STM32L1xx_StdPeriph_Driver\src\stm32l1xx_crc.o
 .debug_abbrev  0x0000247d      0x147 Libraries\STM32L1xx_StdPeriph_Driver\src\stm32l1xx_comp.o
 .debug_abbrev  0x000025c4      0x15f Libraries\STM32L1xx_StdPeriph_Driver\src\stm32l1xx_adc.o
 .debug_abbrev  0x00002723      0x137 Libraries\STM32L1xx_StdPeriph_Driver\src\misc.o
 .debug_abbrev  0x0000285a       0x12 Libraries\CMSIS\CM3\DeviceSupport\ST\STM32L1xx\startup\TrueSTUDIO\startup_stm32l1xx_md.o
 .debug_abbrev  0x0000286c       0xd7 Libraries\CMSIS\CM3\CoreSupport\core_cm3.o

.debug_loc      0x00000000     0x700e
 .debug_loc     0x00000000      0x1ca src\termostat.o
 .debug_loc     0x000001ca       0x9c src\system_stm32l1xx.o
 .debug_loc     0x00000266      0x18c src\stm32l1xx_it.o
 .debug_loc     0x000003f2       0x38 src\main.o
 .debug_loc     0x0000042a      0x1b4 src\Communication.o
 .debug_loc     0x000005de      0x150 mcu\src\usart.o
 .debug_loc     0x0000072e      0x224 mcu\src\onewire.o
 .debug_loc     0x00000952       0x64 mcu\src\mcu.o
 .debug_loc     0x000009b6       0x70 mcu\src\ds2405.o
 .debug_loc     0x00000a26      0x118 mcu\src\ds18b20.o
 .debug_loc     0x00000b3e      0x19c Libraries\STM32L1xx_StdPeriph_Driver\src\stm32l1xx_wwdg.o
 .debug_loc     0x00000cda      0x658 Libraries\STM32L1xx_StdPeriph_Driver\src\stm32l1xx_usart.o
 .debug_loc     0x00001332     0x1260 Libraries\STM32L1xx_StdPeriph_Driver\src\stm32l1xx_tim.o
 .debug_loc     0x00002592      0x250 Libraries\STM32L1xx_StdPeriph_Driver\src\stm32l1xx_syscfg.o
 .debug_loc     0x000027e2      0x460 Libraries\STM32L1xx_StdPeriph_Driver\src\stm32l1xx_spi.o
 .debug_loc     0x00002c42      0x90c Libraries\STM32L1xx_StdPeriph_Driver\src\stm32l1xx_rtc.o
 .debug_loc     0x0000354e      0x7f4 Libraries\STM32L1xx_StdPeriph_Driver\src\stm32l1xx_rcc.o
 .debug_loc     0x00003d42      0x350 Libraries\STM32L1xx_StdPeriph_Driver\src\stm32l1xx_pwr.o
 .debug_loc     0x00004092      0x3cc Libraries\STM32L1xx_StdPeriph_Driver\src\stm32l1xx_lcd.o
 .debug_loc     0x0000445e      0x138 Libraries\STM32L1xx_StdPeriph_Driver\src\stm32l1xx_iwdg.o
 .debug_loc     0x00004596      0x700 Libraries\STM32L1xx_StdPeriph_Driver\src\stm32l1xx_i2c.o
 .debug_loc     0x00004c96      0x2d8 Libraries\STM32L1xx_StdPeriph_Driver\src\stm32l1xx_gpio.o
 .debug_loc     0x00004f6e      0x150 Libraries\STM32L1xx_StdPeriph_Driver\src\stm32l1xx_flash_ramfunc.o
 .debug_loc     0x000050be      0x6f8 Libraries\STM32L1xx_StdPeriph_Driver\src\stm32l1xx_flash.o
 .debug_loc     0x000057b6      0x1b4 Libraries\STM32L1xx_StdPeriph_Driver\src\stm32l1xx_exti.o
 .debug_loc     0x0000596a      0x268 Libraries\STM32L1xx_StdPeriph_Driver\src\stm32l1xx_dma.o
 .debug_loc     0x00005bd2      0x100 Libraries\STM32L1xx_StdPeriph_Driver\src\stm32l1xx_dbgmcu.o
 .debug_loc     0x00005cd2      0x3ac Libraries\STM32L1xx_StdPeriph_Driver\src\stm32l1xx_dac.o
 .debug_loc     0x0000607e      0x12c Libraries\STM32L1xx_StdPeriph_Driver\src\stm32l1xx_crc.o
 .debug_loc     0x000061aa      0x144 Libraries\STM32L1xx_StdPeriph_Driver\src\stm32l1xx_comp.o
 .debug_loc     0x000062ee      0x818 Libraries\STM32L1xx_StdPeriph_Driver\src\stm32l1xx_adc.o
 .debug_loc     0x00006b06      0x118 Libraries\STM32L1xx_StdPeriph_Driver\src\misc.o
 .debug_loc     0x00006c1e      0x3f0 Libraries\CMSIS\CM3\CoreSupport\core_cm3.o

.debug_aranges  0x00000000     0x13c0
 .debug_aranges
                0x00000000       0x60 src\termostat.o
 .debug_aranges
                0x00000060       0x30 src\system_stm32l1xx.o
 .debug_aranges
                0x00000090       0x60 src\stm32l1xx_it.o
 .debug_aranges
                0x000000f0       0x20 src\main.o
 .debug_aranges
                0x00000110       0x58 src\Communication.o
 .debug_aranges
                0x00000168       0x48 mcu\src\usart.o
 .debug_aranges
                0x000001b0       0x68 mcu\src\onewire.o
 .debug_aranges
                0x00000218       0x28 mcu\src\mcu.o
 .debug_aranges
                0x00000240       0x28 mcu\src\ds2405.o
 .debug_aranges
                0x00000268       0x40 mcu\src\ds18b20.o
 .debug_aranges
                0x000002a8       0x58 Libraries\STM32L1xx_StdPeriph_Driver\src\stm32l1xx_wwdg.o
 .debug_aranges
                0x00000300      0x100 Libraries\STM32L1xx_StdPeriph_Driver\src\stm32l1xx_usart.o
 .debug_aranges
                0x00000400      0x2b8 Libraries\STM32L1xx_StdPeriph_Driver\src\stm32l1xx_tim.o
 .debug_aranges
                0x000006b8       0x70 Libraries\STM32L1xx_StdPeriph_Driver\src\stm32l1xx_syscfg.o
 .debug_aranges
                0x00000728       0xb8 Libraries\STM32L1xx_StdPeriph_Driver\src\stm32l1xx_spi.o
 .debug_aranges
                0x000007e0      0x168 Libraries\STM32L1xx_StdPeriph_Driver\src\stm32l1xx_rtc.o
 .debug_aranges
                0x00000948      0x140 Libraries\STM32L1xx_StdPeriph_Driver\src\stm32l1xx_rcc.o
 .debug_aranges
                0x00000a88       0x98 Libraries\STM32L1xx_StdPeriph_Driver\src\stm32l1xx_pwr.o
 .debug_aranges
                0x00000b20       0xa8 Libraries\STM32L1xx_StdPeriph_Driver\src\stm32l1xx_lcd.o
 .debug_aranges
                0x00000bc8       0x48 Libraries\STM32L1xx_StdPeriph_Driver\src\stm32l1xx_iwdg.o
 .debug_aranges
                0x00000c10      0x118 Libraries\STM32L1xx_StdPeriph_Driver\src\stm32l1xx_i2c.o
 .debug_aranges
                0x00000d28       0x80 Libraries\STM32L1xx_StdPeriph_Driver\src\stm32l1xx_gpio.o
 .debug_aranges
                0x00000da8       0x48 Libraries\STM32L1xx_StdPeriph_Driver\src\stm32l1xx_flash_ramfunc.o
 .debug_aranges
                0x00000df0      0x128 Libraries\STM32L1xx_StdPeriph_Driver\src\stm32l1xx_flash.o
 .debug_aranges
                0x00000f18       0x58 Libraries\STM32L1xx_StdPeriph_Driver\src\stm32l1xx_exti.o
 .debug_aranges
                0x00000f70       0x70 Libraries\STM32L1xx_StdPeriph_Driver\src\stm32l1xx_dma.o
 .debug_aranges
                0x00000fe0       0x40 Libraries\STM32L1xx_StdPeriph_Driver\src\stm32l1xx_dbgmcu.o
 .debug_aranges
                0x00001020       0xa0 Libraries\STM32L1xx_StdPeriph_Driver\src\stm32l1xx_dac.o
 .debug_aranges
                0x000010c0       0x48 Libraries\STM32L1xx_StdPeriph_Driver\src\stm32l1xx_crc.o
 .debug_aranges
                0x00001108       0x48 Libraries\STM32L1xx_StdPeriph_Driver\src\stm32l1xx_comp.o
 .debug_aranges
                0x00001150      0x140 Libraries\STM32L1xx_StdPeriph_Driver\src\stm32l1xx_adc.o
 .debug_aranges
                0x00001290       0x40 Libraries\STM32L1xx_StdPeriph_Driver\src\misc.o
 .debug_aranges
                0x000012d0       0x28 Libraries\CMSIS\CM3\DeviceSupport\ST\STM32L1xx\startup\TrueSTUDIO\startup_stm32l1xx_md.o
 .debug_aranges
                0x000012f8       0xc8 Libraries\CMSIS\CM3\CoreSupport\core_cm3.o

.debug_ranges   0x00000000     0x11a8
 .debug_ranges  0x00000000       0x50 src\termostat.o
 .debug_ranges  0x00000050       0x20 src\system_stm32l1xx.o
 .debug_ranges  0x00000070       0x50 src\stm32l1xx_it.o
 .debug_ranges  0x000000c0       0x10 src\main.o
 .debug_ranges  0x000000d0       0x48 src\Communication.o
 .debug_ranges  0x00000118       0x38 mcu\src\usart.o
 .debug_ranges  0x00000150       0x58 mcu\src\onewire.o
 .debug_ranges  0x000001a8       0x18 mcu\src\mcu.o
 .debug_ranges  0x000001c0       0x18 mcu\src\ds2405.o
 .debug_ranges  0x000001d8       0x30 mcu\src\ds18b20.o
 .debug_ranges  0x00000208       0x48 Libraries\STM32L1xx_StdPeriph_Driver\src\stm32l1xx_wwdg.o
 .debug_ranges  0x00000250       0xf0 Libraries\STM32L1xx_StdPeriph_Driver\src\stm32l1xx_usart.o
 .debug_ranges  0x00000340      0x2a8 Libraries\STM32L1xx_StdPeriph_Driver\src\stm32l1xx_tim.o
 .debug_ranges  0x000005e8       0x60 Libraries\STM32L1xx_StdPeriph_Driver\src\stm32l1xx_syscfg.o
 .debug_ranges  0x00000648       0xa8 Libraries\STM32L1xx_StdPeriph_Driver\src\stm32l1xx_spi.o
 .debug_ranges  0x000006f0      0x158 Libraries\STM32L1xx_StdPeriph_Driver\src\stm32l1xx_rtc.o
 .debug_ranges  0x00000848      0x130 Libraries\STM32L1xx_StdPeriph_Driver\src\stm32l1xx_rcc.o
 .debug_ranges  0x00000978       0x88 Libraries\STM32L1xx_StdPeriph_Driver\src\stm32l1xx_pwr.o
 .debug_ranges  0x00000a00       0x98 Libraries\STM32L1xx_StdPeriph_Driver\src\stm32l1xx_lcd.o
 .debug_ranges  0x00000a98       0x38 Libraries\STM32L1xx_StdPeriph_Driver\src\stm32l1xx_iwdg.o
 .debug_ranges  0x00000ad0      0x108 Libraries\STM32L1xx_StdPeriph_Driver\src\stm32l1xx_i2c.o
 .debug_ranges  0x00000bd8       0x70 Libraries\STM32L1xx_StdPeriph_Driver\src\stm32l1xx_gpio.o
 .debug_ranges  0x00000c48       0x38 Libraries\STM32L1xx_StdPeriph_Driver\src\stm32l1xx_flash_ramfunc.o
 .debug_ranges  0x00000c80      0x118 Libraries\STM32L1xx_StdPeriph_Driver\src\stm32l1xx_flash.o
 .debug_ranges  0x00000d98       0x48 Libraries\STM32L1xx_StdPeriph_Driver\src\stm32l1xx_exti.o
 .debug_ranges  0x00000de0       0x60 Libraries\STM32L1xx_StdPeriph_Driver\src\stm32l1xx_dma.o
 .debug_ranges  0x00000e40       0x30 Libraries\STM32L1xx_StdPeriph_Driver\src\stm32l1xx_dbgmcu.o
 .debug_ranges  0x00000e70       0x90 Libraries\STM32L1xx_StdPeriph_Driver\src\stm32l1xx_dac.o
 .debug_ranges  0x00000f00       0x38 Libraries\STM32L1xx_StdPeriph_Driver\src\stm32l1xx_crc.o
 .debug_ranges  0x00000f38       0x38 Libraries\STM32L1xx_StdPeriph_Driver\src\stm32l1xx_comp.o
 .debug_ranges  0x00000f70      0x130 Libraries\STM32L1xx_StdPeriph_Driver\src\stm32l1xx_adc.o
 .debug_ranges  0x000010a0       0x30 Libraries\STM32L1xx_StdPeriph_Driver\src\misc.o
 .debug_ranges  0x000010d0       0x20 Libraries\CMSIS\CM3\DeviceSupport\ST\STM32L1xx\startup\TrueSTUDIO\startup_stm32l1xx_md.o
 .debug_ranges  0x000010f0       0xb8 Libraries\CMSIS\CM3\CoreSupport\core_cm3.o

.debug_line     0x00000000     0x609c
 .debug_line    0x00000000      0x282 src\termostat.o
 .debug_line    0x00000282      0x1e6 src\system_stm32l1xx.o
 .debug_line    0x00000468      0x10e src\stm32l1xx_it.o
 .debug_line    0x00000576      0x157 src\main.o
 .debug_line    0x000006cd      0x2b1 src\Communication.o
 .debug_line    0x0000097e      0x24b mcu\src\usart.o
 .debug_line    0x00000bc9      0x31a mcu\src\onewire.o
 .debug_line    0x00000ee3       0x8e mcu\src\mcu.o
 .debug_line    0x00000f71      0x141 mcu\src\ds2405.o
 .debug_line    0x000010b2      0x160 mcu\src\ds18b20.o
 .debug_line    0x00001212      0x201 Libraries\STM32L1xx_StdPeriph_Driver\src\stm32l1xx_wwdg.o
 .debug_line    0x00001413      0x443 Libraries\STM32L1xx_StdPeriph_Driver\src\stm32l1xx_usart.o
 .debug_line    0x00001856      0x90c Libraries\STM32L1xx_StdPeriph_Driver\src\stm32l1xx_tim.o
 .debug_line    0x00002162      0x270 Libraries\STM32L1xx_StdPeriph_Driver\src\stm32l1xx_syscfg.o
 .debug_line    0x000023d2      0x35a Libraries\STM32L1xx_StdPeriph_Driver\src\stm32l1xx_spi.o
 .debug_line    0x0000272c      0x66a Libraries\STM32L1xx_StdPeriph_Driver\src\stm32l1xx_rtc.o
 .debug_line    0x00002d96      0x4c2 Libraries\STM32L1xx_StdPeriph_Driver\src\stm32l1xx_rcc.o
 .debug_line    0x00003258      0x2c6 Libraries\STM32L1xx_StdPeriph_Driver\src\stm32l1xx_pwr.o
 .debug_line    0x0000351e      0x313 Libraries\STM32L1xx_StdPeriph_Driver\src\stm32l1xx_lcd.o
 .debug_line    0x00003831      0x1d6 Libraries\STM32L1xx_StdPeriph_Driver\src\stm32l1xx_iwdg.o
 .debug_line    0x00003a07      0x47d Libraries\STM32L1xx_StdPeriph_Driver\src\stm32l1xx_i2c.o
 .debug_line    0x00003e84      0x2de Libraries\STM32L1xx_StdPeriph_Driver\src\stm32l1xx_gpio.o
 .debug_line    0x00004162      0x223 Libraries\STM32L1xx_StdPeriph_Driver\src\stm32l1xx_flash_ramfunc.o
 .debug_line    0x00004385      0x4cc Libraries\STM32L1xx_StdPeriph_Driver\src\stm32l1xx_flash.o
 .debug_line    0x00004851      0x25e Libraries\STM32L1xx_StdPeriph_Driver\src\stm32l1xx_exti.o
 .debug_line    0x00004aaf      0x2af Libraries\STM32L1xx_StdPeriph_Driver\src\stm32l1xx_dma.o
 .debug_line    0x00004d5e      0x1c6 Libraries\STM32L1xx_StdPeriph_Driver\src\stm32l1xx_dbgmcu.o
 .debug_line    0x00004f24      0x31b Libraries\STM32L1xx_StdPeriph_Driver\src\stm32l1xx_dac.o
 .debug_line    0x0000523f      0x1e3 Libraries\STM32L1xx_StdPeriph_Driver\src\stm32l1xx_crc.o
 .debug_line    0x00005422      0x226 Libraries\STM32L1xx_StdPeriph_Driver\src\stm32l1xx_comp.o
 .debug_line    0x00005648      0x510 Libraries\STM32L1xx_StdPeriph_Driver\src\stm32l1xx_adc.o
 .debug_line    0x00005b58      0x1fe Libraries\STM32L1xx_StdPeriph_Driver\src\misc.o
 .debug_line    0x00005d56       0xb1 Libraries\CMSIS\CM3\DeviceSupport\ST\STM32L1xx\startup\TrueSTUDIO\startup_stm32l1xx_md.o
 .debug_line    0x00005e07      0x295 Libraries\CMSIS\CM3\CoreSupport\core_cm3.o

.debug_str      0x00000000     0x4d0f
 .debug_str     0x00000000      0x2f1 src\termostat.o
                                0x362 (size before relaxing)
 .debug_str     0x000002f1      0x192 src\system_stm32l1xx.o
                                0x2cb (size before relaxing)
 .debug_str     0x00000483       0xa6 src\stm32l1xx_it.o
                                0x1b1 (size before relaxing)
 .debug_str     0x00000529       0x43 src\main.o
                                0x22d (size before relaxing)
 .debug_str     0x0000056c       0xf9 src\Communication.o
                                0x2ba (size before relaxing)
 .debug_str     0x00000665      0x5fd mcu\src\usart.o
                                0x789 (size before relaxing)
 .debug_str     0x00000c62      0x147 mcu\src\onewire.o
                                0x482 (size before relaxing)
 .debug_str     0x00000da9       0x22 mcu\src\mcu.o
                                0x12d (size before relaxing)
 .debug_str     0x00000dcb       0x38 mcu\src\ds2405.o
                                0x171 (size before relaxing)
 .debug_str     0x00000e03       0x79 mcu\src\ds18b20.o
                                0x1a3 (size before relaxing)
 .debug_str     0x00000e7c       0xe8 Libraries\STM32L1xx_StdPeriph_Driver\src\stm32l1xx_wwdg.o
                                0x238 (size before relaxing)
 .debug_str     0x00000f64      0x3ff Libraries\STM32L1xx_StdPeriph_Driver\src\stm32l1xx_usart.o
                                0x645 (size before relaxing)
 .debug_str     0x00001363      0xa44 Libraries\STM32L1xx_StdPeriph_Driver\src\stm32l1xx_tim.o
                                0xc46 (size before relaxing)
 .debug_str     0x00001da7      0x22a Libraries\STM32L1xx_StdPeriph_Driver\src\stm32l1xx_syscfg.o
                                0x37e (size before relaxing)
 .debug_str     0x00001fd1      0x2b2 Libraries\STM32L1xx_StdPeriph_Driver\src\stm32l1xx_spi.o
                                0x482 (size before relaxing)
 .debug_str     0x00002283      0x6bc Libraries\STM32L1xx_StdPeriph_Driver\src\stm32l1xx_rtc.o
                                0x890 (size before relaxing)
 .debug_str     0x0000293f      0x3f3 Libraries\STM32L1xx_StdPeriph_Driver\src\stm32l1xx_rcc.o
                                0x6a7 (size before relaxing)
 .debug_str     0x00002d32      0x1a8 Libraries\STM32L1xx_StdPeriph_Driver\src\stm32l1xx_pwr.o
                                0x371 (size before relaxing)
 .debug_str     0x00002eda      0x24d Libraries\STM32L1xx_StdPeriph_Driver\src\stm32l1xx_lcd.o
                                0x3b6 (size before relaxing)
 .debug_str     0x00003127       0xdb Libraries\STM32L1xx_StdPeriph_Driver\src\stm32l1xx_iwdg.o
                                0x222 (size before relaxing)
 .debug_str     0x00003202      0x38d Libraries\STM32L1xx_StdPeriph_Driver\src\stm32l1xx_i2c.o
                                0x5f3 (size before relaxing)
 .debug_str     0x0000358f      0x17b Libraries\STM32L1xx_StdPeriph_Driver\src\stm32l1xx_gpio.o
                                0x467 (size before relaxing)
 .debug_str     0x0000370a      0x121 Libraries\STM32L1xx_StdPeriph_Driver\src\stm32l1xx_flash_ramfunc.o
                                0x2d5 (size before relaxing)
 .debug_str     0x0000382b      0x392 Libraries\STM32L1xx_StdPeriph_Driver\src\stm32l1xx_flash.o
                                0x5bd (size before relaxing)
 .debug_str     0x00003bbd      0x1c0 Libraries\STM32L1xx_StdPeriph_Driver\src\stm32l1xx_exti.o
                                0x324 (size before relaxing)
 .debug_str     0x00003d7d      0x20e Libraries\STM32L1xx_StdPeriph_Driver\src\stm32l1xx_dma.o
                                0x37e (size before relaxing)
 .debug_str     0x00003f8b       0xcf Libraries\STM32L1xx_StdPeriph_Driver\src\stm32l1xx_dbgmcu.o
                                0x20b (size before relaxing)
 .debug_str     0x0000405a      0x281 Libraries\STM32L1xx_StdPeriph_Driver\src\stm32l1xx_dac.o
                                0x409 (size before relaxing)
 .debug_str     0x000042db       0xbb Libraries\STM32L1xx_StdPeriph_Driver\src\stm32l1xx_crc.o
                                0x201 (size before relaxing)
 .debug_str     0x00004396       0xfe Libraries\STM32L1xx_StdPeriph_Driver\src\stm32l1xx_comp.o
                                0x25c (size before relaxing)
 .debug_str     0x00004494      0x5d9 Libraries\STM32L1xx_StdPeriph_Driver\src\stm32l1xx_adc.o
                                0x78a (size before relaxing)
 .debug_str     0x00004a6d      0x14d Libraries\STM32L1xx_StdPeriph_Driver\src\misc.o
                                0x389 (size before relaxing)
 .debug_str     0x00004bba      0x155 Libraries\CMSIS\CM3\CoreSupport\core_cm3.o
                                0x28f (size before relaxing)

.comment        0x00000000       0x8a
 .comment       0x00000000       0x8a src\termostat.o
                                 0x8b (size before relaxing)
 .comment       0x00000000       0x8b src\system_stm32l1xx.o
 .comment       0x00000000       0x8b src\stm32l1xx_it.o
 .comment       0x00000000       0x8b src\main.o
 .comment       0x00000000       0x8b src\Communication.o
 .comment       0x00000000       0x8b mcu\src\usart.o
 .comment       0x00000000       0x8b mcu\src\onewire.o
 .comment       0x00000000       0x8b mcu\src\mcu.o
 .comment       0x00000000       0x8b mcu\src\ds2405.o
 .comment       0x00000000       0x8b mcu\src\ds18b20.o
 .comment       0x00000000       0x8b Libraries\STM32L1xx_StdPeriph_Driver\src\stm32l1xx_wwdg.o
 .comment       0x00000000       0x8b Libraries\STM32L1xx_StdPeriph_Driver\src\stm32l1xx_usart.o
 .comment       0x00000000       0x8b Libraries\STM32L1xx_StdPeriph_Driver\src\stm32l1xx_tim.o
 .comment       0x00000000       0x8b Libraries\STM32L1xx_StdPeriph_Driver\src\stm32l1xx_syscfg.o
 .comment       0x00000000       0x8b Libraries\STM32L1xx_StdPeriph_Driver\src\stm32l1xx_spi.o
 .comment       0x00000000       0x8b Libraries\STM32L1xx_StdPeriph_Driver\src\stm32l1xx_rtc.o
 .comment       0x00000000       0x8b Libraries\STM32L1xx_StdPeriph_Driver\src\stm32l1xx_rcc.o
 .comment       0x00000000       0x8b Libraries\STM32L1xx_StdPeriph_Driver\src\stm32l1xx_pwr.o